02-01 14:05:32.634  1257  1273 I SyncManager: dispatchSyncOperation:we are going to sync JobId: 104347, XXXXXXXXX u0 (com.google), com.google.android.gms.fitness, POLL, reason: UserStart
02-01 14:05:32.640  1719  4405 E HSM     : SimpleXmlParseHelper:No need updateDB from xml!
02-01 14:05:32.641  1719  4405 I chatty  : uid=1000(system) IntentService[R identical 2 lines
02-01 14:05:32.641  1719  4405 E HSM     : SimpleXmlParseHelper:No need updateDB from xml!
02-01 14:05:32.634  1257  1257 W Binder:1257_C: type=1400 audit(0.0:87): avc: granted { read } for path="/data/system/dropbox/SYSTEM_BOOT@1675242332547.txt" dev="mmcblk0p57" ino=64799 scontext=u:r:priv_app:s0:c512,c768 tcontext=u:object_r:system_data_file:s0 tclass=file
02-01 14:05:32.634  1257  1273 I SyncManager: dispatchSyncOperation:we are going to sync JobId: 104347, XXXXXXXXX u0 (com.google), com.google.android.gms.fitness, POLL, reason: UserStart
02-01 14:05:32.640  1719  4405 E HSM     : SimpleXmlParseHelper:No need updateDB from xml!
02-01 14:05:32.641  1719  4405 I chatty  : uid=1000(system) IntentService[R identical 2 lines
02-01 14:05:32.641  1719  4405 E HSM     : SimpleXmlParseHelper:No need updateDB from xml!
02-01 14:05:32.654  1257  1801 I ActivityManager: Start proc 4409:net.kollnig.missioncontrol/u0a267 for broadcast net.kollnig.missioncontrol/eu.faircode.netguard.ReceiverAutostart
02-01 14:05:32.658  3187  3774 D SharedPreferencesImpl: Time required to fsync /data/user/0/com.treydev.micontrolcenter/shared_prefs/com.applovin.sdk.shared.xml: [<1: 0, <2: 0, <4: 0, <8: 0, <16: 1, <32: 1, <64: 0, <128: 0, <256: 0, <512: 1, <1024: 0, <2048: 0, <4096: 0, <8192: 0, <16384: 0, >=16384: 0]
02-01 14:05:32.658  4409  4409 I         : power log dlsym ok
02-01 14:05:32.669  4172  4172 I HwCust  : Constructor found for class android.appwidget.HwCustAppWidgetManagerImpl
02-01 14:05:32.669  4172  4172 D HwCust  : Create obj success use class android.appwidget.HwCustAppWidgetManagerImpl
02-01 14:05:32.669  4409  4409 I zygote64: Reinit property: dalvik.vm.checkjni= false
02-01 14:05:32.671  4344  4344 I DynamiteModule: Considering local module com.google.android.gms.ads.dynamite:0 and remote module com.google.android.gms.ads.dynamite:224400003
02-01 14:05:32.671  4344  4344 I DynamiteModule: Selected remote version of com.google.android.gms.ads.dynamite, version >= 224400003
02-01 14:05:32.690  4409  4409 D ActivityThread: ActivityThread,attachApplication
02-01 14:05:32.697  1257  3099 D ActivityManager: ActivityManagerService,attachApplication,callingPid = 4409
02-01 14:05:32.716   412   412 W /system/bin/hwservicemanager: Cannot open /odm/manifest.xml
02-01 14:05:32.724  1542  1542 D TileServices: Couldn't find tile for ComponentInfo{in.krosbits.musicolet/in.krosbits.musicolet.QsService}
02-01 14:05:32.731  2142  3970 I FontLog : Received query name=Google Sans&weight=700&besteffort=false, URI content://com.google.android.gms.fonts [CONTEXT service_id=132 ]
02-01 14:05:32.732  2142  3970 I FontLog : Query [name=Google Sans&weight=700&besteffort=false] resolved to {Google Sans, wdth 100.0, wght 700, ital 0.0, bestEffort false} [CONTEXT service_id=132 ]
02-01 14:05:32.736   412   412 W /system/bin/hwservicemanager: Cannot open /odm/manifest.xml
02-01 14:05:32.739   610   610 I GRALLOC :       shrFd=10,fmt=0x1,intFmt=0x1,btStrd=256,size=4096,pid=610
02-01 14:05:32.739   610   610 I GRALLOC :       yuv=2,w=16,h=16,Stride u=0 v=0,offset u=0 v=0
02-01 14:05:32.739   610   610 I GRALLOC :       iova_size=4096,conUsg=0x100,proUsg=0x100,       strd=64,[afbc]HdrStrd=0 PyldStrd=0 Scrmbl=0,ionhnd = 1
02-01 14:05:32.744  1257  1273 I SyncManager: dispatchSyncOperation:we are going to sync JobId: 101274, XXXXXXXXX u0 (com.google), com.google.android.gms.drive.sync, POLL, reason: UserStart
02-01 14:05:32.750  1257  1814 V BroadcastQueue: Finished with ordered broadcast BroadcastRecord{33825c7 u0 android.appwidget.action.APPWIDGET_UPDATE}
02-01 14:05:32.751  4172  4430 I JSTMUSIC2: LIBU>U1:a8.j4@9ba9ba5
02-01 14:05:32.751  4172  4430 I JSTMUSIC2: LIBU>U2:a8.j4@9ba9ba5
02-01 14:05:32.751  4172  4430 I JSTMUSIC2: LIBP>P::74619
02-01 14:05:32.755  2142  3970 I FontLog : Fetch {Google Sans, wdth 100.0, wght 700, ital 0.0, bestEffort false} end status Status{statusCode=SUCCESS, resolution=null} [CONTEXT service_id=132 ]
02-01 14:05:32.761  4409  4409 D HwFLClassLoader: get used feature list :/feature/used-list failed!
02-01 14:05:32.761  4409  4409 D HwFLClassLoader: USE_FEATURE_LIST had not init!
02-01 14:05:32.764  2142  2272 I zygote64: Deoptimizing void zsr.f(android.content.Context) due to JIT inline cache
02-01 14:05:32.766  4409  4425 I HwApiCacheMangerEx: apicache mCurPackageName=net.kollnig.missioncontrol uptimes=45397
02-01 14:05:32.770  4344  4344 W zygote64: Skipping duplicate class check due to unrecognized classloader
02-01 14:05:32.770  4409  4425 I HwApiCacheMangerEx: apicache oUid null
02-01 14:05:32.772  4409  4425 I HwApiCacheMangerEx: apicache volumes null
02-01 14:05:32.779  1257  1273 I SyncManager: run startSync:JobId: 104347, XXXXXXXXX u0 (com.google), com.google.android.gms.fitness, POLL, reason: UserStart
02-01 14:05:32.785  1257  4082 V BroadcastQueue: Finished with ordered broadcast BroadcastRecord{bd28f60 u0 android.appwidget.action.APPWIDGET_UPDATE}
02-01 14:05:32.790  1257  3587 V BroadcastQueue: Finished with ordered broadcast BroadcastRecord{289c0d5 u0 android.appwidget.action.APPWIDGET_UPDATE}
02-01 14:05:32.792  4247  4322 W GraphRequest: Starting with v13 of the SDK, a client token must be embedded in your client code before making Graph API calls. Visit https://developers.facebook.com/docs/android/getting-started#client-token to learn how to implement this change.
02-01 14:05:32.792  4409  4425 I HwApiCacheMangerEx: apicache path=/storage/3102-1D05 state=mounted key=net.kollnig.missioncontrol#10267#256
02-01 14:05:32.794  4409  4425 I HwApiCacheMangerEx: apicache oUid 10267
02-01 14:05:32.794  4409  4425 I HwApiCacheMangerEx: apicache volumes null
02-01 14:05:32.798  2651  3246 W ResourceType: For resource 0x7f13011d, entry index(285) is beyond type entryCount(207)
02-01 14:05:32.798  2651  3246 I chatty  : uid=10191(u0_a191) pool-1-thread-5 identical 1 line
02-01 14:05:32.799  2651  3246 W ResourceType: For resource 0x7f13011d, entry index(285) is beyond type entryCount(207)
02-01 14:05:32.801  4409  4425 I HwApiCacheMangerEx: apicache path=/storage/emulated/0 state=mounted key=net.kollnig.missioncontrol#10267#0
02-01 14:05:32.801  4409  4425 I HwApiCacheMangerEx: apicache path=/storage/3102-1D05 state=mounted key=net.kollnig.missioncontrol#10267#0
02-01 14:05:32.802  4409  4425 I HwApiCacheMangerEx: apicache async read begin packageName=net.kollnig.missioncontrol userid=0
02-01 14:05:32.802  4409  4425 I HwApiCacheMangerEx: apicache pi null
02-01 14:05:32.810  4409  4425 I chatty  : uid=10267(u0_a267) queued-work-loo identical 1 line
02-01 14:05:32.814  4409  4425 I HwApiCacheMangerEx: apicache pi null
02-01 14:05:32.815  4409  4425 I HwApiCacheMangerEx: apicache oUid null
02-01 14:05:32.825  4409  4425 I HwApiCacheMangerEx: apicache async read finished packageName=net.kollnig.missioncontrol userid=0 totalus=23773
02-01 14:05:32.827  4247  4323 W ResourceType: ResTable_typeSpec entry count inconsistent: given 77, previously 79
02-01 14:05:32.835  4344  4344 D DynamitePackage: Instantiated singleton DynamitePackage.
02-01 14:05:32.835  4344  4344 D DynamitePackage: Instantiating com.google.android.gms.ads.ChimeraAdManagerCreatorImpl
02-01 14:05:32.837  4247  4323 W ContextImpl: Failed to ensure /data/user/0/com.google.android.gms/shared_prefs: mkdir failed: EACCES (Permission denied)
02-01 14:05:32.847  4409  4409 I HwApiCacheMangerEx: apicache pi null
02-01 14:05:32.856  4344  4344 W ContextImpl: Failed to ensure /data/user/0/com.google.android.gms/shared_prefs: mkdir failed: EACCES (Permission denied)
02-01 14:05:32.873  2625  2921 E TransportRuntime.CctTransportBackend: Couldn't open connection, returning with 500
02-01 14:05:32.873  2625  2921 E TransportRuntime.CctTransportBackend: java.net.ConnectException: Failed to connect to crashlyticsreports-pa.googleapis.com/2a00:1450:4018:800::2003:443
02-01 14:05:32.873  2625  2921 E TransportRuntime.CctTransportBackend:  at com.android.okhttp.internal.io.RealConnection.connectSocket(RealConnection.java:143)
02-01 14:05:32.873  2625  2921 E TransportRuntime.CctTransportBackend:  at com.android.okhttp.internal.io.RealConnection.connect(RealConnection.java:112)
02-01 14:05:32.873  2625  2921 E TransportRuntime.CctTransportBackend:  at com.android.okhttp.internal.http.StreamAllocation.findConnection(StreamAllocation.java:184)
02-01 14:05:32.873  2625  2921 E TransportRuntime.CctTransportBackend:  at com.android.okhttp.internal.http.StreamAllocation.findHealthyConnection(StreamAllocation.java:126)
02-01 14:05:32.873  2625  2921 E TransportRuntime.CctTransportBackend:  at com.android.okhttp.internal.http.StreamAllocation.newStream(StreamAllocation.java:95)
02-01 14:05:32.873  2625  2921 E TransportRuntime.CctTransportBackend:  at com.android.okhttp.internal.http.HttpEngine.connect(HttpEngine.java:281)
02-01 14:05:32.873  2625  2921 E TransportRuntime.CctTransportBackend:  at com.android.okhttp.internal.http.HttpEngine.sendRequest(HttpEngine.java:224)
02-01 14:05:32.873  2625  2921 E TransportRuntime.CctTransportBackend:  at com.android.okhttp.internal.huc.HttpURLConnectionImpl.execute(HttpURLConnectionImpl.java:461)
02-01 14:05:32.873  2625  2921 E TransportRuntime.CctTransportBackend:  at com.android.okhttp.internal.huc.HttpURLConnectionImpl.connect(HttpURLConnectionImpl.java:127)
02-01 14:05:32.873  2625  2921 E TransportRuntime.CctTransportBackend:  at com.android.okhttp.internal.huc.HttpURLConnectionImpl.getOutputStream(HttpURLConnectionImpl.java:258)
02-01 14:05:32.873  2625  2921 E TransportRuntime.CctTransportBackend:  at com.android.okhttp.internal.huc.DelegatingHttpsURLConnection.getOutputStream(DelegatingHttpsURLConnection.java:218)
02-01 14:05:32.873  2625  2921 E TransportRuntime.CctTransportBackend:  at com.android.okhttp.internal.huc.HttpsURLConnectionImpl.getOutputStream(Unknown Source:0)
02-01 14:05:32.873  2625  2921 E TransportRuntime.CctTransportBackend:  at e.b.b.b.i.b.a(Unknown Source:95)
02-01 14:05:32.873  2625  2921 E TransportRuntime.CctTransportBackend:  at c.s.a.u(Unknown Source:8)
02-01 14:05:32.873  2625  2921 E TransportRuntime.CctTransportBackend:  at e.b.b.b.i.d.a(Unknown Source:678)
02-01 14:05:32.873  2625  2921 E TransportRuntime.CctTransportBackend:  at e.b.b.b.j.c0.h.t.a(Unknown Source:215)
02-01 14:05:32.873  2625  2921 E TransportRuntime.CctTransportBackend:  at e.b.b.b.j.c0.h.d.run(Unknown Source:65)
02-01 14:05:32.873  2625  2921 E TransportRuntime.CctTransportBackend:  at e.b.b.b.j.q$a.run(Unknown Source:2)
02-01 14:05:32.873  2625  2921 E TransportRuntime.CctTransportBackend:  at java.util.concurrent.ThreadPoolExecutor.runWorker(ThreadPoolExecutor.java:1162)
02-01 14:05:32.873  2625  2921 E TransportRuntime.CctTransportBackend:  at java.util.concurrent.ThreadPoolExecutor$Worker.run(ThreadPoolExecutor.java:636)
02-01 14:05:32.873  2625  2921 E TransportRuntime.CctTransportBackend:  at java.lang.Thread.run(Thread.java:784)
02-01 14:05:32.886  1257  4082 W ActivityManager: Background start not allowed: service Intent { act=com.whatsapp.messaging.MessageService.START cmp=com.whatsapp/.messaging.MessageService } to com.whatsapp/.messaging.MessageService from pid=3802 uid=10143 pkg=com.whatsapp
02-01 14:05:32.887  3802  4211 D WM-SystemJobScheduler: Scheduling work ID 5e4b1a9e-f60d-4e3e-bfe2-4273c5ee84e8Job ID 1737
02-01 14:05:32.903  4344  4344 I HwCust  : Constructor found for class android.net.HwCustConnectivityManagerImpl
02-01 14:05:32.903  4344  4344 D HwCust  : Create obj success use class android.net.HwCustConnectivityManagerImpl
02-01 14:05:32.913  2142  3970 I FontLog : Pulling font file for id = 17, cache size = 17 [CONTEXT service_id=132 ]
02-01 14:05:32.913  2379  2416 D SharedPreferencesImpl: Time required to fsync /data/user_de/0/com.android.contacts/shared_prefs/SimInfoFile_0.xml: [<1: 0, <2: 1, <4: 0, <8: 1, <16: 1, <32: 1, <64: 1, <128: 2, <256: 1, <512: 1, <1024: 1, <2048: 0, <4096: 0, <8192: 0, <16384: 0, >=16384: 0]
02-01 14:05:32.916  2651  2661 I zygote64: NativeAllocBackground concurrent copying GC freed 49938(2MB) AllocSpace objects, 24(744KB) LOS objects, 73% free, 4MB/16MB, paused 1.321ms total 145.578ms
02-01 14:05:32.921  4344  4441 D NetworkSecurityConfig: No Network Security Config specified, using platform default
02-01 14:05:32.923  4344  4344 W Settings: mValues not put! needsGenerationTracker: true currentGeneration: -1 name: hw_op_nw_default_sub_plmn value: null
02-01 14:05:32.925  1257  4082 D ConnectivityService: requestNetwork for uid/pid:10206/4344 NetworkRequest [ TRACK_DEFAULT id=23, [ Capabilities: INTERNET&NOT_RESTRICTED&TRUSTED&NOT_VPN] ]
02-01 14:05:32.925  1257  1448 D ConnectivityService: rematching NetworkAgentInfo [WIFI () - 100]
02-01 14:05:32.926  1257  1448 D ConnectivityService:  network has: [ Transports: WIFI Capabilities: NOT_METERED&INTERNET&NOT_RESTRICTED&TRUSTED&NOT_VPN&VALIDATED&FOREGROUND LinkUpBandwidth>=1048576Kbps LinkDnBandwidth>=1048576Kbps SignalStrength: -63]
02-01 14:05:32.926  1257  1448 D ConnectivityService: Network NetworkAgentInfo [WIFI () - 100] was already satisfying request 10. No change.
02-01 14:05:32.926  1257  1448 D ConnectivityService: Network NetworkAgentInfo [WIFI () - 100] was already satisfying request 11. No change.
02-01 14:05:32.926  1257  1448 D ConnectivityService: Network NetworkAgentInfo [WIFI () - 100] was already satisfying request 4. No change.
02-01 14:05:32.926  1257  1448 D ConnectivityService: Network NetworkAgentInfo [WIFI () - 100] was already satisfying request 17. No change.
02-01 14:05:32.926  1257  1448 D ConnectivityService: Network NetworkAgentInfo [WIFI () - 100] was already satisfying request 14. No change.
02-01 14:05:32.926  1257  1448 D ConnectivityService: Network NetworkAgentInfo [WIFI () - 100] was already satisfying request 15. No change.
02-01 14:05:32.926  1257  1448 D ConnectivityService: Network NetworkAgentInfo [WIFI () - 100] was already satisfying request 3. No change.
02-01 14:05:32.926  1257  1448 D ConnectivityService: Network NetworkAgentInfo [WIFI () - 100] was already satisfying request 9. No change.
02-01 14:05:32.926  1257  1448 D ConnectivityService: Network NetworkAgentInfo [WIFI () - 100] was already satisfying request 18. No change.
02-01 14:05:32.926  1257  1448 D ConnectivityService: currentScore = 0, newScore = 100
02-01 14:05:32.926  1257  1448 D ConnectivityService: rematch for NetworkAgentInfo [WIFI () - 100]
02-01 14:05:32.926  1257  1448 D ConnectivityService:    accepting network in place of null
02-01 14:05:32.926  1257  1448 D ConnectivityService: sending new Min Network Score(100): NetworkRequest [ TRACK_DEFAULT id=23, [ Capabilities: INTERNET&NOT_RESTRICTED&TRUSTED&NOT_VPN] ]
02-01 14:05:32.926  1257  1433 D WIFI    : got request NetworkRequest [ TRACK_DEFAULT id=23, [ Capabilities: INTERNET&NOT_RESTRICTED&TRUSTED&NOT_VPN] ] with score 100
02-01 14:05:32.927  1257  1433 D WIFI_UT : got request NetworkRequest [ TRACK_DEFAULT id=23, [ Capabilities: INTERNET&NOT_RESTRICTED&TRUSTED&NOT_VPN] ] with score 100
02-01 14:05:32.927  1257  1448 D ConnectivityService: Network NetworkAgentInfo [WIFI () - 100] was already satisfying request 1. No change.
02-01 14:05:32.927  1257  1504 D Ethernet: got request NetworkRequest [ TRACK_DEFAULT id=23, [ Capabilities: INTERNET&NOT_RESTRICTED&TRUSTED&NOT_VPN] ] with score 100
02-01 14:05:32.927  1795  1795 D VoWifiFactory: got request NetworkRequest [ TRACK_DEFAULT id=23, [ Capabilities: INTERNET&NOT_RESTRICTED&TRUSTED&NOT_VPN] ] with score 100
02-01 14:05:32.928  1795  1795 D PhoneSwitcherNetworkRequstListener: got request NetworkRequest [ TRACK_DEFAULT id=23, [ Capabilities: INTERNET&NOT_RESTRICTED&TRUSTED&NOT_VPN] ] with score 100
02-01 14:05:32.929  1795  1795 D PhoneSwitcherNetworkRequstListener: got request NetworkRequest [ TRACK_DEFAULT id=23, [ Capabilities: INTERNET&NOT_RESTRICTED&TRUSTED&NOT_VPN] ] with score 100
02-01 14:05:32.944  2651  2756 V BitmapFactoryEx: nativeDecodeFileDescriptorEx
02-01 14:05:32.949  4344  4344 W ContextImpl: Failed to ensure /data/user/0/com.google.android.gms/shared_prefs: mkdir failed: EACCES (Permission denied)
02-01 14:05:32.951  4344  4449 I HwApiCacheMangerEx: apicache pi PackageInfo{e7a7940 com.oneUI.vietbm.peopledge}
02-01 14:05:32.959  1257  1257 I TrafficMonitor: update:rxPkts:103,txPkts:118,rxBytes:45203,txBytes:20591
02-01 14:05:32.960  1257  1257 I TrafficMonitor: no expired. level:3
02-01 14:05:32.960  1257  1257 I TrafficMonitor: gettimer:interval=2000
02-01 14:05:32.960  1257  1257 I TrafficMonitor: during_ms:2003,period_ms:2000
02-01 14:05:32.960  1257  1257 I TrafficMonitor: count:7,rx_sum:103,tx_sum:118,rxBytes:45203,during_ms:2003,rx_speed:22567.648527209185,tx_speed:10280.07988017973,rto:0.8728813559322034
02-01 14:05:32.960  1257  1257 D HuaweiWifiWatchdogStateMachine: speed: rxpkt:103, rxSpd:22567B/s, txpkt:118, txSpd:10280
02-01 14:05:32.963  4344  4344 D HwFLClassLoader: USE_FEATURE_LIST had not init!
02-01 14:05:32.979  4344  4344 I WebViewFactory: Loading com.google.android.webview version 108.0.5359.128 (code 535912803)
02-01 14:05:32.981  4344  4344 W linker  : "/data/app/com.google.android.webview-xfZU1pAGJpXpa6ELIdMDPA==/lib/arm64/libwebviewchromium.so" unused DT entry: type 0x70000001 arg 0x0
02-01 14:05:32.983  4172  4431 D HwGalleryCacheManagerImpl: mIsEffect:false
02-01 14:05:32.985  4409  4409 I ACRA    : ACRA is enabled for net.kollnig.missioncontrol, initializing...
02-01 14:05:32.991  1257  4082 V BroadcastQueue: Finished with ordered broadcast BroadcastRecord{a94b466 u0 android.appwidget.action.APPWIDGET_UPDATE}
02-01 14:05:33.024  1257  3587 I AppWidgetServiceImpl: recycle oldRemoteView
02-01 14:05:33.034  1257  3587 V BroadcastQueue: Finished with ordered broadcast BroadcastRecord{d2c13a7 u0 android.appwidget.action.APPWIDGET_UPDATE}
02-01 14:05:33.034  4344  4344 I zygote64: Rejecting re-init on previously-failed class java.lang.Class<s50>: java.lang.NoClassDefFoundError: Failed resolution of: Landroid/webkit/PacProcessor;
02-01 14:05:33.035  4344  4344 I zygote64:   at java.lang.Class java.lang.Class.classForName(java.lang.String, boolean, java.lang.ClassLoader) (Class.java:-2)
02-01 14:05:33.035  4344  4344 I zygote64:   at java.lang.Class java.lang.Class.forName(java.lang.String, boolean, java.lang.ClassLoader) (Class.java:453)
02-01 14:05:33.035  4344  4344 I zygote64:   at java.lang.Class android.webkit.WebViewFactory.getWebViewProviderClass(java.lang.ClassLoader) (WebViewFactory.java:151)
02-01 14:05:33.035  4344  4344 I zygote64:   at java.lang.Class android.webkit.WebViewFactory.getProviderClass() (WebViewFactory.java:418)
02-01 14:05:33.035  4344  4344 I zygote64:   at android.webkit.WebViewFactoryProvider android.webkit.WebViewFactory.getProvider() (WebViewFactory.java:212)
02-01 14:05:33.035  4344  4344 I zygote64:   at java.lang.String android.webkit.WebSettings.getDefaultUserAgent(android.content.Context) (WebSettings.java:1259)
02-01 14:05:33.035  4344  4344 I zygote64:   at java.lang.Object com.google.android.gms.ads.internal.util.br.call() (:com.google.android.gms.policy_ads_fdr_dynamite@224400003@224400003000.484457631.484457631:6)
02-01 14:05:33.035  4344  4344 I zygote64:   at java.lang.Object com.google.android.gms.ads.internal.util.bq.a(android.content.Context, java.util.concurrent.Callable) (:com.google.android.gms.policy_ads_fdr_dynamite@224400003@224400003000.484457631.484457631:4)
02-01 14:05:33.035  4344  4344 I zygote64:   at java.lang.String com.google.android.gms.ads.internal.util.q.c(android.content.Context, java.lang.String) (:com.google.android.gms.policy_ads_fdr_dynamite@224400003@224400003000.484457631.484457631:6)
02-01 14:05:33.035  4344  4344 I zygote64:   at void com.google.android.gms.ads.internal.state.h.e(android.content.Context, com.google.android.gms.ads.internal.util.client.s) (:com.google.android.gms.policy_ads_fdr_dynamite@224400003@224400003000.484457631.484457631:12)
02-01 14:05:33.035  4344  4344 I zygote64:   at com.google.android.gms.ads.nonagon.a com.google.android.gms.ads.nonagon.a.q(android.content.Context, com.google.android.gms.ads.internal.mediation.client.d, int, int, com.google.android.gms.ads.internal.j) (:com.google.android.gms.policy_ads_fdr_dynamite@224400003@224400003000.484457631.484457631:11)
02-01 14:05:33.035  4344  4344 I zygote64:   at com.google.android.gms.ads.nonagon.a com.google.android.gms.ads.nonagon.a.b(com.google.android.gms.ads.internal.util.client.s, com.google.android.gms.ads.internal.mediation.client.d, android.content.Context, com.google.android.gms.ads.internal.j) (:com.google.android.gms.policy_ads_fdr_dynamite@224400003@224400003000.484457631.484457631:0)
02-01 14:05:33.035  4344  4344 I zygote64:   at void com.google.android.gms.ads.nonagon.shim.ab.<init>(android.content.Context, com.google.android.gms.ads.internal.util.client.s, com.google.android.gms.ads.internal.client.o, java.lang.String, com.google.android.gms.ads.internal.mediation.client.d, com.google.android.gms.ads.internal.j, int) (:com.google.android.gms.policy_ads_fdr_dynamite@224400003@224400003000.484457631.484457631:3)
02-01 14:05:33.035  4344  4344 I zygote64:   at android.os.IBinder com.google.android.gms.ads.ChimeraAdManagerCreatorImpl.newAdManagerByType(apt, com.google.android.gms.ads.internal.client.o, java.lang.String, com.google.android.gms.ads.internal.mediation.client.d, int, int) (:com.google.android.gms.policy_ads_fdr_dynamite@224400003@224400003000.484457631.484457631:11)
02-01 14:05:33.035  4344  4344 I zygote64:   at boolean com.google.android.gms.ads.internal.client.bi.bQ(int, android.os.Parcel, android.os.Parcel) (:com.google.android.gms.policy_ads_fdr_dynamite@224400003@224400003000.484457631.484457631:7)
02-01 14:05:33.035  4344  4344 I zygote64:   at boolean afu.onTransact(int, android.os.Parcel, android.os.Parcel, int) (:com.google.android.gms.policy_ads_fdr_dynamite@224400003@224400003000.484457631.484457631:4)
02-01 14:05:33.035  4344  4344 I zygote64:   at boolean android.os.Binder.transact(int, android.os.Parcel, android.os.Parcel, int) (Binder.java:605)
02-01 14:05:33.035  4344  4344 I zygote64:   at android.os.Parcel ghl.er(int, android.os.Parcel) (:com.google.android.gms@224814021@22.48.14 (040408-493411920):2)
02-01 14:05:33.035  4344  4344 I zygote64:   at android.os.IBinder com.google.android.gms.ads.internal.client.ao.newAdManagerByType(afvs, com.google.android.gms.ads.internal.client.AdSizeParcel, java.lang.String, com.google.android.gms.ads.internal.mediation.client.d, int, int) (:com.google.android.gms@224814021@22.48.14 (040408-493411920):0)
02-01 14:05:33.035  4344  4344 I zygote64:   at android.os.IBinder com.google.android.gms.ads.AdManagerCreatorImpl.newAdManagerByType(afvs, com.google.android.gms.ads.internal.client.AdSizeParcel, java.lang.String, com.google.android.gms.ads.internal.mediation.client.d, int, int) (:com.google.android.gms@224814021@22.48.14 (040408-493411920):6)
02-01 14:05:33.035  4344  4344 I zygote64:   at boolean com.google.android.gms.ads.internal.client.ap.ep(int, android.os.Parcel, android.os.Parcel) (:com.google.android.gms@224814021@22.48.14 (040408-493411920):5)
02-01 14:05:33.035  4344  4344 I zygote64:   at boolean ghm.onTransact(int, android.os.Parcel, android.os.Parcel, int) (:com.google.android.gms@224814021@22.48.14 (040408-493411920):12)
02-01 14:05:33.035  4344  4344 I zygote64:   at boolean android.os.Binder.transact(int, android.os.Parcel, android.os.Parcel, int) (Binder.java:605)
02-01 14:05:33.035  4344  4344 I zygote64:   at android.os.Parcel com.google.android.gms.dynamic.bln.a(int, android.os.Parcel) ((null):-1)
02-01 14:05:33.035  4344  4344 I zygote64:   at android.os.IBinder com.google.android.gms.dynamic.bwv.a(com.google.android.gms.dynamic.ajs, com.google.android.gms.dynamic.bvp, java.lang.String, com.google.android.gms.dynamic.chb, int) ((null):-1)
02-01 14:05:33.035  4344  4344 I zygote64:   at com.google.android.gms.dynamic.bwr com.google.android.gms.dynamic.bvk.a(android.content.Context, com.google.android.gms.dynamic.bvp, java.lang.String, com.google.android.gms.dynamic.chb, int) ((null):-1)
02-01 14:05:33.035  4344  4344 I zygote64:   at java.lang.Object com.google.android.gms.dynamic.bvw.a() ((null):-1)
02-01 14:05:33.035  4344  4344 I zygote64:   at java.lang.Object com.google.android.gms.dynamic.bvt$a.c() ((null):-1)
02-01 14:05:33.035  4344  4344 I zygote64:   at java.lang.Object com.google.android.gms.dynamic.bvt.a(android.content.Context, boolean, com.google.android.gms.dynamic.bvt$a) ((null):-1)
02-01 14:05:33.035  4344  4344 I zygote64:   at void com.google.android.gms.dynamic.yw.a(com.google.android.gms.dynamic.ys) ((null):-1)
02-01 14:05:33.035  4344  4344 I zygote64:   at void com.google.android.gms.dynamic.cqz.a() ((null):-1)
02-01 14:05:33.035  4344  4344 I zygote64:   at void com.oneUI.vietbm.peopledge.control.MyApplication.onCreate() ((null):-1)
02-01 14:05:33.035  4344  4344 I zygote64:   at void android.app.Instrumentation.callApplicationOnCreate(android.app.Application) (Instrumentation.java:1122)
02-01 14:05:33.035  4344  4344 I zygote64:   at void android.app.ActivityThread.handleBindApplication(android.app.ActivityThread$AppBindData) (ActivityThread.java:6619)
02-01 14:05:33.035  4344  4344 I zygote64:   at void android.app.ActivityThread.-wrap2(android.app.ActivityThread, android.app.ActivityThread$AppBindData) (ActivityThread.java:-1)
02-01 14:05:33.035  4344  4344 I zygote64:   at void android.app.ActivityThread$H.handleMessage(android.os.Message) (ActivityThread.java:2066)
02-01 14:05:33.035  4344  4344 I zygote64:   at void android.os.Handler.dispatchMessage(android.os.Message) (Handler.java:108)
02-01 14:05:33.035  4344  4344 I zygote64:   at void android.os.Looper.loop() (Looper.java:166)
02-01 14:05:33.035  4344  4344 I zygote64:   at void android.app.ActivityThread.main(java.lang.String[]) (ActivityThread.java:7529)
02-01 14:05:33.035  4344  4344 I zygote64:   at java.lang.Object java.lang.reflect.Method.invoke(java.lang.Object, java.lang.Object[]) (Method.java:-2)
02-01 14:05:33.035  4344  4344 I zygote64:   at void com.android.internal.os.Zygote$MethodAndArgsCaller.run() (Zygote.java:245)
02-01 14:05:33.035  4344  4344 I zygote64:   at void com.android.internal.os.ZygoteInit.main(java.lang.String[]) (ZygoteInit.java:921)
02-01 14:05:33.035  4344  4344 I zygote64: Caused by: java.lang.ClassNotFoundException: Didn't find class "android.webkit.PacProcessor" on path: DexPathList[[zip file "/data/app/com.google.android.webview-xfZU1pAGJpXpa6ELIdMDPA==/base.apk"],nativeLibraryDirectories=[/data/app/com.google.android.webview-xfZU1pAGJpXpa6ELIdMDPA==/lib/arm64, /data/app/com.google.android.webview-xfZU1pAGJpXpa6ELIdMDPA==/base.apk!/lib/arm64-v8a, /system/lib64, /vendor/lib64, /product/lib64]]
02-01 14:05:33.035  4344  4344 I zygote64:   at java.lang.Class dalvik.system.BaseDexClassLoader.findClass(java.lang.String) (BaseDexClassLoader.java:93)
02-01 14:05:33.035  4344  4344 I zygote64:   at java.lang.Class java.lang.ClassLoader.loadClass(java.lang.String, boolean) (ClassLoader.java:379)
02-01 14:05:33.035  4344  4344 I zygote64:   at java.lang.Class java.lang.ClassLoader.loadClass(java.lang.String) (ClassLoader.java:312)
02-01 14:05:33.035  4344  4344 I zygote64:   at java.lang.Class java.lang.Class.classForName(java.lang.String, boolean, java.lang.ClassLoader) (Class.java:-2)
02-01 14:05:33.035  4344  4344 I zygote64:   at java.lang.Class java.lang.Class.forName(java.lang.String, boolean, java.lang.ClassLoader) (Class.java:453)
02-01 14:05:33.035  4344  4344 I zygote64:   at java.lang.Class android.webkit.WebViewFactory.getWebViewProviderClass(java.lang.ClassLoader) (WebViewFactory.java:151)
02-01 14:05:33.035  4344  4344 I zygote64:   at java.lang.Class android.webkit.WebViewFactory.getProviderClass() (WebViewFactory.java:418)
02-01 14:05:33.035  4344  4344 I zygote64:   at android.webkit.WebViewFactoryProvider android.webkit.WebViewFactory.getProvider() (WebViewFactory.java:212)
02-01 14:05:33.035  4344  4344 I zygote64:   at java.lang.String android.webkit.WebSettings.getDefaultUserAgent(android.content.Context) (WebSettings.java:1259)
02-01 14:05:33.035  4344  4344 I zygote64:   at java.lang.Object com.google.android.gms.ads.internal.util.br.call() (:com.google.android.gms.policy_ads_fdr_dynamite@224400003@224400003000.484457631.484457631:6)
02-01 14:05:33.035  4344  4344 I zygote64:   at java.lang.Object com.google.android.gms.ads.internal.util.bq.a(android.content.Context, java.util.concurrent.Callable) (:com.google.android.gms.policy_ads_fdr_dynamite@224400003@224400003000.484457631.484457631:4)
02-01 14:05:33.035  4344  4344 I zygote64:   at java.lang.String com.google.android.gms.ads.internal.util.q.c(android.content.Context, java.lang.String) (:com.google.android.gms.policy_ads_fdr_dynamite@224400003@224400003000.484457631.484457631:6)
02-01 14:05:33.035  4344  4344 I zygote64:   at void com.google.android.gms.ads.internal.state.h.e(android.content.Context, com.google.android.gms.ads.internal.util.client.s) (:com.google.android.gms.policy_ads_fdr_dynamite@224400003@224400003000.484457631.484457631:12)
02-01 14:05:33.035  4344  4344 I zygote64:   at com.google.android.gms.ads.nonagon.a com.google.android.gms.ads.nonagon.a.q(android.content.Context, com.google.android.gms.ads.internal.mediation.client.d, int, int, com.google.android.gms.ads.internal.j) (:com.google.android.gms.policy_ads_fdr_dynamite@224400003@224400003000.484457631.484457631:11)
02-01 14:05:33.035  4344  4344 I zygote64:   at com.google.android.gms.ads.nonagon.a com.google.android.gms.ads.nonagon.a.b(com.google.android.gms.ads.internal.util.client.s, com.google.android.gms.ads.internal.mediation.client.d, android.content.Context, com.google.android.gms.ads.internal.j) (:com.google.android.gms.policy_ads_fdr_dynamite@224400003@224400003000.484457631.484457631:0)
02-01 14:05:33.035  4344  4344 I zygote64:   at void com.google.android.gms.ads.nonagon.shim.ab.<init>(android.content.Context, com.google.android.gms.ads.internal.util.client.s, com.google.android.gms.ads.internal.client.o, java.lang.String, com.google.android.gms.ads.internal.mediation.client.d, com.google.android.gms.ads.internal.j, int) (:com.google.android.gms.policy_ads_fdr_dynamite@224400003@224400003000.484457631.484457631:3)
02-01 14:05:33.035  4344  4344 I zygote64:   at android.os.IBinder com.google.android.gms.ads.ChimeraAdManagerCreatorImpl.newAdManagerByType(apt, com.google.android.gms.ads.internal.client.o, java.lang.String, com.google.android.gms.ads.internal.mediation.client.d, int, int) (:com.google.android.gms.policy_ads_fdr_dynamite@224400003@224400003000.484457631.484457631:11)
02-01 14:05:33.035  4344  4344 I zygote64:   at boolean com.google.android.gms.ads.internal.client.bi.bQ(int, android.os.Parcel, android.os.Parcel) (:com.google.android.gms.policy_ads_fdr_dynamite@224400003@224400003000.484457631.484457631:7)
02-01 14:05:33.035  4344  4344 I zygote64:   at boolean afu.onTransact(int, android.os.Parcel, android.os.Parcel, int) (:com.google.android.gms.policy_ads_fdr_dynamite@224400003@224400003000.484457631.484457631:4)
02-01 14:05:33.035  4344  4344 I zygote64:   at boolean android.os.Binder.transact(int, android.os.Parcel, android.os.Parcel, int) (Binder.java:605)
02-01 14:05:33.035  4344  4344 I zygote64:   at android.os.Parcel ghl.er(int, android.os.Parcel) (:com.google.android.gms@224814021@22.48.14 (040408-493411920):2)
02-01 14:05:33.035  4344  4344 I zygote64:   at android.os.IBinder com.google.android.gms.ads.internal.client.ao.newAdManagerByType(afvs, com.google.android.gms.ads.internal.client.AdSizeParcel, java.lang.String, com.google.android.gms.ads.internal.mediation.client.d, int, int) (:com.google.android.gms@224814021@22.48.14 (040408-493411920):0)
02-01 14:05:33.035  4344  4344 I zygote64:   at android.os.IBinder com.google.android.gms.ads.AdManagerCreatorImpl.newAdManagerByType(afvs, com.google.android.gms.ads.internal.client.AdSizeParcel, java.lang.String, com.google.android.gms.ads.internal.mediation.client.d, int, int) (:com.google.android.gms@224814021@22.48.14 (040408-493411920):6)
02-01 14:05:33.035  4344  4344 I zygote64:   at boolean com.google.android.gms.ads.internal.client.ap.ep(int, android.os.Parcel, android.os.Parcel) (:com.google.android.gms@224814021@22.48.14 (040408-493411920):5)
02-01 14:05:33.035  4344  4344 I zygote64:   at boolean ghm.onTransact(int, android.os.Parcel, android.os.Parcel, int) (:com.google.android.gms@224814021@22.48.14 (040408-493411920):12)
02-01 14:05:33.035  4344  4344 I zygote64:   at boolean android.os.Binder.transact(int, android.os.Parcel, android.os.Parcel, int) (Binder.java:605)
02-01 14:05:33.035  4344  4344 I zygote64:   at android.os.Parcel com.google.android.gms.dynamic.bln.a(int, android.os.Parcel) ((null):-1)
02-01 14:05:33.035  4344  4344 I zygote64:   at android.os.IBinder com.google.android.gms.dynamic.bwv.a(com.google.android.gms.dynamic.ajs, com.google.android.gms.dynamic.bvp, java.lang.String, com.google.android.gms.dynamic.chb, int) ((null):-1)
02-01 14:05:33.035  4344  4344 I zygote64:   at com.google.android.gms.dynamic.bwr com.google.android.gms.dynamic.bvk.a(android.content.Context, com.google.android.gms.dynamic.bvp, java.lang.String, com.google.android.gms.dynamic.chb, int) ((null):-1)
02-01 14:05:33.035  4344  4344 I zygote64:   at java.lang.Object com.google.android.gms.dynamic.bvw.a() ((null):-1)
02-01 14:05:33.035  4344  4344 I zygote64:   at java.lang.Object com.google.android.gms.dynamic.bvt$a.c() ((null):-1)
02-01 14:05:33.035  4344  4344 I zygote64:   at java.lang.Object com.google.android.gms.dynamic.bvt.a(android.content.Context, boolean, com.google.android.gms.dynamic.bvt$a) ((null):-1)
02-01 14:05:33.035  4344  4344 I zygote64:   at void com.google.android.gms.dynamic.yw.a(com.google.android.gms.dynamic.ys) ((null):-1)
02-01 14:05:33.035  4344  4344 I zygote64:   at void com.google.android.gms.dynamic.cqz.a() ((null):-1)
02-01 14:05:33.035  4344  4344 I zygote64:   at void com.oneUI.vietbm.peopledge.control.MyApplication.onCreate() ((null):-1)
02-01 14:05:33.035  4344  4344 I zygote64:   at void android.app.Instrumentation.callApplicationOnCreate(android.app.Application) (Instrumentation.java:1122)
02-01 14:05:33.035  4344  4344 I zygote64:   at void android.app.ActivityThread.handleBindApplication(android.app.ActivityThread$AppBindData) (ActivityThread.java:6619)
02-01 14:05:33.035  4344  4344 I zygote64:   at void android.app.ActivityThread.-wrap2(android.app.ActivityThread, android.app.ActivityThread$AppBindData) (ActivityThread.java:-1)
02-01 14:05:33.035  4344  4344 I zygote64:   at void android.app.ActivityThread$H.handleMessage(android.os.Message) (ActivityThread.java:2066)
02-01 14:05:33.035  4344  4344 I zygote64:   at void android.os.Handler.dispatchMessage(android.os.Message) (Handler.java:108)
02-01 14:05:33.035  4344  4344 I zygote64:   at void android.os.Looper.loop() (Looper.java:166)
02-01 14:05:33.035  4344  4344 I zygote64:   at void android.app.ActivityThread.main(java.lang.String[]) (ActivityThread.java:7529)
02-01 14:05:33.035  4344  4344 I zygote64:   at java.lang.Object java.lang.reflect.Method.invoke(java.lang.Object, java.lang.Object[]) (Method.java:-2)
02-01 14:05:33.035  4344  4344 I zygote64:   at void com.android.internal.os.Zygote$MethodAndArgsCaller.run() (Zygote.java:245)
02-01 14:05:33.035  4344  4344 I zygote64:   at void com.android.internal.os.ZygoteInit.main(java.lang.String[]) (ZygoteInit.java:921)
02-01 14:05:33.035  4344  4344 I zygote64:
02-01 14:05:33.037  4344  4344 I zygote64: Rejecting re-init on previously-failed class java.lang.Class<s50>: java.lang.NoClassDefFoundError: Failed resolution of: Landroid/webkit/PacProcessor;
02-01 14:05:33.037  4344  4344 I zygote64:   at java.lang.Class java.lang.Class.classForName(java.lang.String, boolean, java.lang.ClassLoader) (Class.java:-2)
02-01 14:05:33.037  4344  4344 I zygote64:   at java.lang.Class java.lang.Class.forName(java.lang.String, boolean, java.lang.ClassLoader) (Class.java:453)
02-01 14:05:33.037  4344  4344 I zygote64:   at java.lang.Class android.webkit.WebViewFactory.getWebViewProviderClass(java.lang.ClassLoader) (WebViewFactory.java:151)
02-01 14:05:33.037  4344  4344 I zygote64:   at java.lang.Class android.webkit.WebViewFactory.getProviderClass() (WebViewFactory.java:418)
02-01 14:05:33.037  4344  4344 I zygote64:   at android.webkit.WebViewFactoryProvider android.webkit.WebViewFactory.getProvider() (WebViewFactory.java:212)
02-01 14:05:33.037  4344  4344 I zygote64:   at java.lang.String android.webkit.WebSettings.getDefaultUserAgent(android.content.Context) (WebSettings.java:1259)
02-01 14:05:33.037  4344  4344 I zygote64:   at java.lang.Object com.google.android.gms.ads.internal.util.br.call() (:com.google.android.gms.policy_ads_fdr_dynamite@224400003@224400003000.484457631.484457631:6)
02-01 14:05:33.037  4344  4344 I zygote64:   at java.lang.Object com.google.android.gms.ads.internal.util.bq.a(android.content.Context, java.util.concurrent.Callable) (:com.google.android.gms.policy_ads_fdr_dynamite@224400003@224400003000.484457631.484457631:4)
02-01 14:05:33.037  4344  4344 I zygote64:   at java.lang.String com.google.android.gms.ads.internal.util.q.c(android.content.Context, java.lang.String) (:com.google.android.gms.policy_ads_fdr_dynamite@224400003@224400003000.484457631.484457631:6)
02-01 14:05:33.037  4344  4344 I zygote64:   at void com.google.android.gms.ads.internal.state.h.e(android.content.Context, com.google.android.gms.ads.internal.util.client.s) (:com.google.android.gms.policy_ads_fdr_dynamite@224400003@224400003000.484457631.484457631:12)
02-01 14:05:33.037  4344  4344 I zygote64:   at com.google.android.gms.ads.nonagon.a com.google.android.gms.ads.nonagon.a.q(android.content.Context, com.google.android.gms.ads.internal.mediation.client.d, int, int, com.google.android.gms.ads.internal.j) (:com.google.android.gms.policy_ads_fdr_dynamite@224400003@224400003000.484457631.484457631:11)
02-01 14:05:33.037  4344  4344 I zygote64:   at com.google.android.gms.ads.nonagon.a com.google.android.gms.ads.nonagon.a.b(com.google.android.gms.ads.internal.util.client.s, com.google.android.gms.ads.internal.mediation.client.d, android.content.Context, com.google.android.gms.ads.internal.j) (:com.google.android.gms.policy_ads_fdr_dynamite@224400003@224400003000.484457631.484457631:0)
02-01 14:05:33.037  4344  4344 I zygote64:   at void com.google.android.gms.ads.nonagon.shim.ab.<init>(android.content.Context, com.google.android.gms.ads.internal.util.client.s, com.google.android.gms.ads.internal.client.o, java.lang.String, com.google.android.gms.ads.internal.mediation.client.d, com.google.android.gms.ads.internal.j, int) (:com.google.android.gms.policy_ads_fdr_dynamite@224400003@224400003000.484457631.484457631:3)
02-01 14:05:33.037  4344  4344 I zygote64:   at android.os.IBinder com.google.android.gms.ads.ChimeraAdManagerCreatorImpl.newAdManagerByType(apt, com.google.android.gms.ads.internal.client.o, java.lang.String, com.google.android.gms.ads.internal.mediation.client.d, int, int) (:com.google.android.gms.policy_ads_fdr_dynamite@224400003@224400003000.484457631.484457631:11)
02-01 14:05:33.038  4344  4344 I zygote64:   at boolean com.google.android.gms.ads.internal.client.bi.bQ(int, android.os.Parcel, android.os.Parcel) (:com.google.android.gms.policy_ads_fdr_dynamite@224400003@224400003000.484457631.484457631:7)
02-01 14:05:33.038  4344  4344 I zygote64:   at boolean afu.onTransact(int, android.os.Parcel, android.os.Parcel, int) (:com.google.android.gms.policy_ads_fdr_dynamite@224400003@224400003000.484457631.484457631:4)
02-01 14:05:33.038  4344  4344 I zygote64:   at boolean android.os.Binder.transact(int, android.os.Parcel, android.os.Parcel, int) (Binder.java:605)
02-01 14:05:33.038  4344  4344 I zygote64:   at android.os.Parcel ghl.er(int, android.os.Parcel) (:com.google.android.gms@224814021@22.48.14 (040408-493411920):2)
02-01 14:05:33.038  4344  4344 I zygote64:   at android.os.IBinder com.google.android.gms.ads.internal.client.ao.newAdManagerByType(afvs, com.google.android.gms.ads.internal.client.AdSizeParcel, java.lang.String, com.google.android.gms.ads.internal.mediation.client.d, int, int) (:com.google.android.gms@224814021@22.48.14 (040408-493411920):0)
02-01 14:05:33.038  4344  4344 I zygote64:   at android.os.IBinder com.google.android.gms.ads.AdManagerCreatorImpl.newAdManagerByType(afvs, com.google.android.gms.ads.internal.client.AdSizeParcel, java.lang.String, com.google.android.gms.ads.internal.mediation.client.d, int, int) (:com.google.android.gms@224814021@22.48.14 (040408-493411920):6)
02-01 14:05:33.038  4344  4344 I zygote64:   at boolean com.google.android.gms.ads.internal.client.ap.ep(int, android.os.Parcel, android.os.Parcel) (:com.google.android.gms@224814021@22.48.14 (040408-493411920):5)
02-01 14:05:33.038  4344  4344 I zygote64:   at boolean ghm.onTransact(int, android.os.Parcel, android.os.Parcel, int) (:com.google.android.gms@224814021@22.48.14 (040408-493411920):12)
02-01 14:05:33.038  4344  4344 I zygote64:   at boolean android.os.Binder.transact(int, android.os.Parcel, android.os.Parcel, int) (Binder.java:605)
02-01 14:05:33.038  4344  4344 I zygote64:   at android.os.Parcel com.google.android.gms.dynamic.bln.a(int, android.os.Parcel) ((null):-1)
02-01 14:05:33.038  4344  4344 I zygote64:   at android.os.IBinder com.google.android.gms.dynamic.bwv.a(com.google.android.gms.dynamic.ajs, com.google.android.gms.dynamic.bvp, java.lang.String, com.google.android.gms.dynamic.chb, int) ((null):-1)
02-01 14:05:33.038  4344  4344 I zygote64:   at com.google.android.gms.dynamic.bwr com.google.android.gms.dynamic.bvk.a(android.content.Context, com.google.android.gms.dynamic.bvp, java.lang.String, com.google.android.gms.dynamic.chb, int) ((null):-1)
02-01 14:05:33.038  4344  4344 I zygote64:   at java.lang.Object com.google.android.gms.dynamic.bvw.a() ((null):-1)
02-01 14:05:33.038  4344  4344 I zygote64:   at java.lang.Object com.google.android.gms.dynamic.bvt$a.c() ((null):-1)
02-01 14:05:33.038  4344  4344 I zygote64:   at java.lang.Object com.google.android.gms.dynamic.bvt.a(android.content.Context, boolean, com.google.android.gms.dynamic.bvt$a) ((null):-1)
02-01 14:05:33.038  4344  4344 I zygote64:   at void com.google.android.gms.dynamic.yw.a(com.google.android.gms.dynamic.ys) ((null):-1)
02-01 14:05:33.038  4344  4344 I zygote64:   at void com.google.android.gms.dynamic.cqz.a() ((null):-1)
02-01 14:05:33.038  4344  4344 I zygote64:   at void com.oneUI.vietbm.peopledge.control.MyApplication.onCreate() ((null):-1)
02-01 14:05:33.038  4344  4344 I zygote64:   at void android.app.Instrumentation.callApplicationOnCreate(android.app.Application) (Instrumentation.java:1122)
02-01 14:05:33.038  4344  4344 I zygote64:   at void android.app.ActivityThread.handleBindApplication(android.app.ActivityThread$AppBindData) (ActivityThread.java:6619)
02-01 14:05:33.038  4344  4344 I zygote64:   at void android.app.ActivityThread.-wrap2(android.app.ActivityThread, android.app.ActivityThread$AppBindData) (ActivityThread.java:-1)
02-01 14:05:33.038  4344  4344 I zygote64:   at void android.app.ActivityThread$H.handleMessage(android.os.Message) (ActivityThread.java:2066)
02-01 14:05:33.038  4344  4344 I zygote64:   at void android.os.Handler.dispatchMessage(android.os.Message) (Handler.java:108)
02-01 14:05:33.038  4344  4344 I zygote64:   at void android.os.Looper.loop() (Looper.java:166)
02-01 14:05:33.038  4344  4344 I zygote64:   at void android.app.ActivityThread.main(java.lang.String[]) (ActivityThread.java:7529)
02-01 14:05:33.038  4344  4344 I zygote64:   at java.lang.Object java.lang.reflect.Method.invoke(java.lang.Object, java.lang.Object[]) (Method.java:-2)
02-01 14:05:33.038  4344  4344 I zygote64:   at void com.android.internal.os.Zygote$MethodAndArgsCaller.run() (Zygote.java:245)
02-01 14:05:33.038  4344  4344 I zygote64:   at void com.android.internal.os.ZygoteInit.main(java.lang.String[]) (ZygoteInit.java:921)
02-01 14:05:33.038  4344  4344 I zygote64: Caused by: java.lang.ClassNotFoundException: Didn't find class "android.webkit.PacProcessor" on path: DexPathList[[zip file "/data/app/com.google.android.webview-xfZU1pAGJpXpa6ELIdMDPA==/base.apk"],nativeLibraryDirectories=[/data/app/com.google.android.webview-xfZU1pAGJpXpa6ELIdMDPA==/lib/arm64, /data/app/com.google.android.webview-xfZU1pAGJpXpa6ELIdMDPA==/base.apk!/lib/arm64-v8a, /system/lib64, /vendor/lib64, /product/lib64]]
02-01 14:05:33.038  4344  4344 I zygote64:   at java.lang.Class dalvik.system.BaseDexClassLoader.findClass(java.lang.String) (BaseDexClassLoader.java:93)
02-01 14:05:33.038  4344  4344 I zygote64:   at java.lang.Class java.lang.ClassLoader.loadClass(java.lang.String, boolean) (ClassLoader.java:379)
02-01 14:05:33.038  4344  4344 I zygote64:   at java.lang.Class java.lang.ClassLoader.loadClass(java.lang.String) (ClassLoader.java:312)
02-01 14:05:33.038  4344  4344 I zygote64:   at java.lang.Class java.lang.Class.classForName(java.lang.String, boolean, java.lang.ClassLoader) (Class.java:-2)
02-01 14:05:33.038  4344  4344 I zygote64:   at java.lang.Class java.lang.Class.forName(java.lang.String, boolean, java.lang.ClassLoader) (Class.java:453)
02-01 14:05:33.038  4344  4344 I zygote64:   at java.lang.Class android.webkit.WebViewFactory.getWebViewProviderClass(java.lang.ClassLoader) (WebViewFactory.java:151)
02-01 14:05:33.038  4344  4344 I zygote64:   at java.lang.Class android.webkit.WebViewFactory.getProviderClass() (WebViewFactory.java:418)
02-01 14:05:33.038  4344  4344 I zygote64:   at android.webkit.WebViewFactoryProvider android.webkit.WebViewFactory.getProvider() (WebViewFactory.java:212)
02-01 14:05:33.038  4344  4344 I zygote64:   at java.lang.String android.webkit.WebSettings.getDefaultUserAgent(android.content.Context) (WebSettings.java:1259)
02-01 14:05:33.038  4344  4344 I zygote64:   at java.lang.Object com.google.android.gms.ads.internal.util.br.call() (:com.google.android.gms.policy_ads_fdr_dynamite@224400003@224400003000.484457631.484457631:6)
02-01 14:05:33.038  4344  4344 I zygote64:   at java.lang.Object com.google.android.gms.ads.internal.util.bq.a(android.content.Context, java.util.concurrent.Callable) (:com.google.android.gms.policy_ads_fdr_dynamite@224400003@224400003000.484457631.484457631:4)
02-01 14:05:33.038  4344  4344 I zygote64:   at java.lang.String com.google.android.gms.ads.internal.util.q.c(android.content.Context, java.lang.String) (:com.google.android.gms.policy_ads_fdr_dynamite@224400003@224400003000.484457631.484457631:6)
02-01 14:05:33.038  4344  4344 I zygote64:   at void com.google.android.gms.ads.internal.state.h.e(android.content.Context, com.google.android.gms.ads.internal.util.client.s) (:com.google.android.gms.policy_ads_fdr_dynamite@224400003@224400003000.484457631.484457631:12)
02-01 14:05:33.038  4344  4344 I zygote64:   at com.google.android.gms.ads.nonagon.a com.google.android.gms.ads.nonagon.a.q(android.content.Context, com.google.android.gms.ads.internal.mediation.client.d, int, int, com.google.android.gms.ads.internal.j) (:com.google.android.gms.policy_ads_fdr_dynamite@224400003@224400003000.484457631.484457631:11)
02-01 14:05:33.038  4344  4344 I zygote64:   at com.google.android.gms.ads.nonagon.a com.google.android.gms.ads.nonagon.a.b(com.google.android.gms.ads.internal.util.client.s, com.google.android.gms.ads.internal.mediation.client.d, android.content.Context, com.google.android.gms.ads.internal.j) (:com.google.android.gms.policy_ads_fdr_dynamite@224400003@224400003000.484457631.484457631:0)
02-01 14:05:33.038  4344  4344 I zygote64:   at void com.google.android.gms.ads.nonagon.shim.ab.<init>(android.content.Context, com.google.android.gms.ads.internal.util.client.s, com.google.android.gms.ads.internal.client.o, java.lang.String, com.google.android.gms.ads.internal.mediation.client.d, com.google.android.gms.ads.internal.j, int) (:com.google.android.gms.policy_ads_fdr_dynamite@224400003@224400003000.484457631.484457631:3)
02-01 14:05:33.038  4344  4344 I zygote64:   at android.os.IBinder com.google.android.gms.ads.ChimeraAdManagerCreatorImpl.newAdManagerByType(apt, com.google.android.gms.ads.internal.client.o, java.lang.String, com.google.android.gms.ads.internal.mediation.client.d, int, int) (:com.google.android.gms.policy_ads_fdr_dynamite@224400003@224400003000.484457631.484457631:11)
02-01 14:05:33.038  4344  4344 I zygote64:   at boolean com.google.android.gms.ads.internal.client.bi.bQ(int, android.os.Parcel, android.os.Parcel) (:com.google.android.gms.policy_ads_fdr_dynamite@224400003@224400003000.484457631.484457631:7)
02-01 14:05:33.038  4344  4344 I zygote64:   at boolean afu.onTransact(int, android.os.Parcel, android.os.Parcel, int) (:com.google.android.gms.policy_ads_fdr_dynamite@224400003@224400003000.484457631.484457631:4)
02-01 14:05:33.038  4344  4344 I zygote64:   at boolean android.os.Binder.transact(int, android.os.Parcel, android.os.Parcel, int) (Binder.java:605)
02-01 14:05:33.038  4344  4344 I zygote64:   at android.os.Parcel ghl.er(int, android.os.Parcel) (:com.google.android.gms@224814021@22.48.14 (040408-493411920):2)
