02-01 14:05:31.229  2737  2737 I zygote64:   at android.webkit.WebViewFactoryProvider android.webkit.WebView.getFactory() (WebView.java:2467)
02-01 14:05:31.229  2737  2737 I zygote64:   at void android.webkit.WebView.ensureProviderCreated() (WebView.java:2462)
02-01 14:05:31.229  2737  2737 I zygote64:   at void android.webkit.WebView.setOverScrollMode(int) (WebView.java:2527)
02-01 14:05:31.229  2737  2737 I zygote64:   at void android.view.View.<init>(android.content.Context) (View.java:4552)
02-01 14:05:31.229  2737  2737 I zygote64:   at void android.view.View.<init>(android.content.Context, android.util.AttributeSet, int, int) (View.java:4684)
02-01 14:05:31.229  2737  2737 I zygote64:   at void android.view.ViewGroup.<init>(android.content.Context, android.util.AttributeSet, int, int) (ViewGroup.java:597)
02-01 14:05:31.229  2737  2737 I zygote64:   at void android.widget.AbsoluteLayout.<init>(android.content.Context, android.util.AttributeSet, int, int) (AbsoluteLayout.java:55)
02-01 14:05:31.229  2737  2737 I zygote64:   at void android.webkit.WebView.<init>(android.content.Context, android.util.AttributeSet, int, int, java.util.Map, boolean) (WebView.java:636)
02-01 14:05:31.229  2737  2737 I zygote64:   at void android.webkit.WebView.<init>(android.content.Context, android.util.AttributeSet, int, int) (WebView.java:581)
02-01 14:05:31.229  2737  2737 I zygote64:   at void android.webkit.WebView.<init>(android.content.Context, android.util.AttributeSet, int) (WebView.java:564)
02-01 14:05:31.229  2737  2737 I zygote64:   at void android.webkit.WebView.<init>(android.content.Context, android.util.AttributeSet) (WebView.java:551)
02-01 14:05:31.229  2737  2737 I zygote64:   at void android.webkit.WebView.<init>(android.content.Context) (WebView.java:541)
02-01 14:05:31.229  2737  2737 I zygote64:   at void com.google.android.gms.ads.internal.webview.t.<init>(com.google.android.gms.ads.internal.webview.ab, com.google.android.gms.ads.internal.webview.ac, com.google.android.gms.ads.internal.util.client.VersionInfoParcel, com.google.android.gms.ads.internal.clearcut.b) (:com.google.android.gms@224814021@22.48.14 (040408-493411920):1)
02-01 14:05:31.230  2737  2737 I zygote64:   at java.lang.Object com.google.android.gms.ads.internal.webview.n.a() (:com.google.android.gms@224814021@22.48.14 (040408-493411920):4)
02-01 14:05:31.230  2737  2737 I zygote64:   at void com.google.android.gms.ads.internal.js.l.<init>(android.content.Context, com.google.android.gms.ads.internal.util.client.VersionInfoParcel) (:com.google.android.gms@224814021@22.48.14 (040408-493411920):7)
02-01 14:05:31.230  2737  2737 I zygote64:   at void com.google.android.gms.ads.internal.js.p.run() (:com.google.android.gms@224814021@22.48.14 (040408-493411920):2)
02-01 14:05:31.230  2737  2737 I zygote64:   at void android.os.Handler.handleCallback(android.os.Message) (Handler.java:808)
02-01 14:05:31.230  2737  2737 I zygote64:   at void android.os.Handler.dispatchMessage(android.os.Message) (Handler.java:101)
02-01 14:05:31.230  2737  2737 I zygote64:   at void aswe.kR(android.os.Message) (:com.google.android.gms@224814021@22.48.14 (040408-493411920):0)
02-01 14:05:31.230  2737  2737 I zygote64:   at void com.google.android.gms.ads.internal.util.d.kR(android.os.Message) (:com.google.android.gms@224814021@22.48.14 (040408-493411920):1)
02-01 14:05:31.230  2737  2737 I zygote64:   at void aswe.dispatchMessage(android.os.Message) (:com.google.android.gms@224814021@22.48.14 (040408-493411920):11)
02-01 14:05:31.230  2737  2737 I zygote64:   at void android.os.Looper.loop() (Looper.java:166)
02-01 14:05:31.230  2737  2737 I zygote64:   at void android.app.ActivityThread.main(java.lang.String[]) (ActivityThread.java:7529)
02-01 14:05:31.230  2737  2737 I zygote64:   at java.lang.Object java.lang.reflect.Method.invoke(java.lang.Object, java.lang.Object[]) (Method.java:-2)
02-01 14:05:31.230  2737  2737 I zygote64:   at void com.android.internal.os.Zygote$MethodAndArgsCaller.run() (Zygote.java:245)
02-01 14:05:31.230  2737  2737 I zygote64:   at void com.android.internal.os.ZygoteInit.main(java.lang.String[]) (ZygoteInit.java:921)
02-01 14:05:31.230  2737  2737 I zygote64:
02-01 14:05:31.231  2737  2737 I zygote64: Rejecting re-init on previously-failed class java.lang.Class<s50>: java.lang.NoClassDefFoundError: Failed resolution of: Landroid/webkit/PacProcessor;
02-01 14:05:31.231  2737  2737 I zygote64:   at java.lang.Class java.lang.Class.classForName(java.lang.String, boolean, java.lang.ClassLoader) (Class.java:-2)
02-01 14:05:31.231  2737  2737 I zygote64:   at java.lang.Class java.lang.Class.forName(java.lang.String, boolean, java.lang.ClassLoader) (Class.java:453)
02-01 14:05:31.231  2737  2737 I zygote64:   at java.lang.Class android.webkit.WebViewFactory.getWebViewProviderClass(java.lang.ClassLoader) (WebViewFactory.java:151)
02-01 14:05:31.231  2737  2737 I zygote64:   at java.lang.Class android.webkit.WebViewFactory.getProviderClass() (WebViewFactory.java:418)
02-01 14:05:31.231  2737  2737 I zygote64:   at android.webkit.WebViewFactoryProvider android.webkit.WebViewFactory.getProvider() (WebViewFactory.java:212)
02-01 14:05:31.231  2737  2737 I zygote64:   at android.webkit.WebViewFactoryProvider android.webkit.WebView.getFactory() (WebView.java:2467)
02-01 14:05:31.231  2737  2737 I zygote64:   at void android.webkit.WebView.ensureProviderCreated() (WebView.java:2462)
02-01 14:05:31.231  2737  2737 I zygote64:   at void android.webkit.WebView.setOverScrollMode(int) (WebView.java:2527)
02-01 14:05:31.231  2737  2737 I zygote64:   at void android.view.View.<init>(android.content.Context) (View.java:4552)
02-01 14:05:31.231  2737  2737 I zygote64:   at void android.view.View.<init>(android.content.Context, android.util.AttributeSet, int, int) (View.java:4684)
02-01 14:05:31.231  2737  2737 I zygote64:   at void android.view.ViewGroup.<init>(android.content.Context, android.util.AttributeSet, int, int) (ViewGroup.java:597)
02-01 14:05:31.231  2737  2737 I zygote64:   at void android.widget.AbsoluteLayout.<init>(android.content.Context, android.util.AttributeSet, int, int) (AbsoluteLayout.java:55)
02-01 14:05:31.231  2737  2737 I zygote64:   at void android.webkit.WebView.<init>(android.content.Context, android.util.AttributeSet, int, int, java.util.Map, boolean) (WebView.java:636)
02-01 14:05:31.231  2737  2737 I zygote64:   at void android.webkit.WebView.<init>(android.content.Context, android.util.AttributeSet, int, int) (WebView.java:581)
02-01 14:05:31.231  2737  2737 I zygote64:   at void android.webkit.WebView.<init>(android.content.Context, android.util.AttributeSet, int) (WebView.java:564)
02-01 14:05:31.231  2737  2737 I zygote64:   at void android.webkit.WebView.<init>(android.content.Context, android.util.AttributeSet) (WebView.java:551)
02-01 14:05:31.231  2737  2737 I zygote64:   at void android.webkit.WebView.<init>(android.content.Context) (WebView.java:541)
02-01 14:05:31.231  2737  2737 I zygote64:   at void com.google.android.gms.ads.internal.webview.t.<init>(com.google.android.gms.ads.internal.webview.ab, com.google.android.gms.ads.internal.webview.ac, com.google.android.gms.ads.internal.util.client.VersionInfoParcel, com.google.android.gms.ads.internal.clearcut.b) (:com.google.android.gms@224814021@22.48.14 (040408-493411920):1)
02-01 14:05:31.231  2737  2737 I zygote64:   at java.lang.Object com.google.android.gms.ads.internal.webview.n.a() (:com.google.android.gms@224814021@22.48.14 (040408-493411920):4)
02-01 14:05:31.231  2737  2737 I zygote64:   at void com.google.android.gms.ads.internal.js.l.<init>(android.content.Context, com.google.android.gms.ads.internal.util.client.VersionInfoParcel) (:com.google.android.gms@224814021@22.48.14 (040408-493411920):7)
02-01 14:05:31.231  2737  2737 I zygote64:   at void com.google.android.gms.ads.internal.js.p.run() (:com.google.android.gms@224814021@22.48.14 (040408-493411920):2)
02-01 14:05:31.231  2737  2737 I zygote64:   at void android.os.Handler.handleCallback(android.os.Message) (Handler.java:808)
02-01 14:05:31.231  2737  2737 I zygote64:   at void android.os.Handler.dispatchMessage(android.os.Message) (Handler.java:101)
02-01 14:05:31.231  2737  2737 I zygote64:   at void aswe.kR(android.os.Message) (:com.google.android.gms@224814021@22.48.14 (040408-493411920):0)
02-01 14:05:31.231  2737  2737 I zygote64:   at void com.google.android.gms.ads.internal.util.d.kR(android.os.Message) (:com.google.android.gms@224814021@22.48.14 (040408-493411920):1)
02-01 14:05:31.231  2737  2737 I zygote64:   at void aswe.dispatchMessage(android.os.Message) (:com.google.android.gms@224814021@22.48.14 (040408-493411920):11)
02-01 14:05:31.231  2737  2737 I zygote64:   at void android.os.Looper.loop() (Looper.java:166)
02-01 14:05:31.231  2737  2737 I zygote64:   at void android.app.ActivityThread.main(java.lang.String[]) (ActivityThread.java:7529)
02-01 14:05:31.231  2737  2737 I zygote64:   at java.lang.Object java.lang.reflect.Method.invoke(java.lang.Object, java.lang.Object[]) (Method.java:-2)
02-01 14:05:31.231  2737  2737 I zygote64:   at void com.android.internal.os.Zygote$MethodAndArgsCaller.run() (Zygote.java:245)
02-01 14:05:31.231  2737  2737 I zygote64:   at void com.android.internal.os.ZygoteInit.main(java.lang.String[]) (ZygoteInit.java:921)
02-01 14:05:31.231  2737  2737 I zygote64: Caused by: java.lang.ClassNotFoundException: Didn't find class "android.webkit.PacProcessor" on path: DexPathList[[zip file "/data/app/com.google.android.webview-xfZU1pAGJpXpa6ELIdMDPA==/base.apk"],nativeLibraryDirectories=[/data/app/com.google.android.webview-xfZU1pAGJpXpa6ELIdMDPA==/lib/arm64, /data/app/com.google.android.webview-xfZU1pAGJpXpa6ELIdMDPA==/base.apk!/lib/arm64-v8a, /system/lib64, /vendor/lib64, /product/lib64]]
02-01 14:05:31.231  2737  2737 I zygote64:   at java.lang.Class dalvik.system.BaseDexClassLoader.findClass(java.lang.String) (BaseDexClassLoader.java:93)
02-01 14:05:31.231  2737  2737 I zygote64:   at java.lang.Class java.lang.ClassLoader.loadClass(java.lang.String, boolean) (ClassLoader.java:379)
02-01 14:05:31.231  2737  2737 I zygote64:   at java.lang.Class java.lang.ClassLoader.loadClass(java.lang.String) (ClassLoader.java:312)
02-01 14:05:31.231  2737  2737 I zygote64:   at java.lang.Class java.lang.Class.classForName(java.lang.String, boolean, java.lang.ClassLoader) (Class.java:-2)
02-01 14:05:31.231  2737  2737 I zygote64:   at java.lang.Class java.lang.Class.forName(java.lang.String, boolean, java.lang.ClassLoader) (Class.java:453)
02-01 14:05:31.231  2737  2737 I zygote64:   at java.lang.Class android.webkit.WebViewFactory.getWebViewProviderClass(java.lang.ClassLoader) (WebViewFactory.java:151)
02-01 14:05:31.231  2737  2737 I zygote64:   at java.lang.Class android.webkit.WebViewFactory.getProviderClass() (WebViewFactory.java:418)
02-01 14:05:31.231  2737  2737 I zygote64:   at android.webkit.WebViewFactoryProvider android.webkit.WebViewFactory.getProvider() (WebViewFactory.java:212)
02-01 14:05:31.231  2737  2737 I zygote64:   at android.webkit.WebViewFactoryProvider android.webkit.WebView.getFactory() (WebView.java:2467)
02-01 14:05:31.231  2737  2737 I zygote64:   at void android.webkit.WebView.ensureProviderCreated() (WebView.java:2462)
02-01 14:05:31.231  2737  2737 I zygote64:   at void android.webkit.WebView.setOverScrollMode(int) (WebView.java:2527)
02-01 14:05:31.231  2737  2737 I zygote64:   at void android.view.View.<init>(android.content.Context) (View.java:4552)
02-01 14:05:31.231  2737  2737 I zygote64:   at void android.view.View.<init>(android.content.Context, android.util.AttributeSet, int, int) (View.java:4684)
02-01 14:05:31.231  2737  2737 I zygote64:   at void android.view.ViewGroup.<init>(android.content.Context, android.util.AttributeSet, int, int) (ViewGroup.java:597)
02-01 14:05:31.231  2737  2737 I zygote64:   at void android.widget.AbsoluteLayout.<init>(android.content.Context, android.util.AttributeSet, int, int) (AbsoluteLayout.java:55)
02-01 14:05:31.231  2737  2737 I zygote64:   at void android.webkit.WebView.<init>(android.content.Context, android.util.AttributeSet, int, int, java.util.Map, boolean) (WebView.java:636)
02-01 14:05:31.231  2737  2737 I zygote64:   at void android.webkit.WebView.<init>(android.content.Context, android.util.AttributeSet, int, int) (WebView.java:581)
02-01 14:05:31.231  2737  2737 I zygote64:   at void android.webkit.WebView.<init>(android.content.Context, android.util.AttributeSet, int) (WebView.java:564)
02-01 14:05:31.231  2737  2737 I zygote64:   at void android.webkit.WebView.<init>(android.content.Context, android.util.AttributeSet) (WebView.java:551)
02-01 14:05:31.231  2737  2737 I zygote64:   at void android.webkit.WebView.<init>(android.content.Context) (WebView.java:541)
02-01 14:05:31.231  2737  2737 I zygote64:   at void com.google.android.gms.ads.internal.webview.t.<init>(com.google.android.gms.ads.internal.webview.ab, com.google.android.gms.ads.internal.webview.ac, com.google.android.gms.ads.internal.util.client.VersionInfoParcel, com.google.android.gms.ads.internal.clearcut.b) (:com.google.android.gms@224814021@22.48.14 (040408-493411920):1)
02-01 14:05:31.231  2737  2737 I zygote64:   at java.lang.Object com.google.android.gms.ads.internal.webview.n.a() (:com.google.android.gms@224814021@22.48.14 (040408-493411920):4)
02-01 14:05:31.231  2737  2737 I zygote64:   at void com.google.android.gms.ads.internal.js.l.<init>(android.content.Context, com.google.android.gms.ads.internal.util.client.VersionInfoParcel) (:com.google.android.gms@224814021@22.48.14 (040408-493411920):7)
02-01 14:05:31.231  2737  2737 I zygote64:   at void com.google.android.gms.ads.internal.js.p.run() (:com.google.android.gms@224814021@22.48.14 (040408-493411920):2)
02-01 14:05:31.231  2737  2737 I zygote64:   at void android.os.Handler.handleCallback(android.os.Message) (Handler.java:808)
02-01 14:05:31.231  2737  2737 I zygote64:   at void android.os.Handler.dispatchMessage(android.os.Message) (Handler.java:101)
02-01 14:05:31.231  2737  2737 I zygote64:   at void aswe.kR(android.os.Message) (:com.google.android.gms@224814021@22.48.14 (040408-493411920):0)
02-01 14:05:31.231  2737  2737 I zygote64:   at void com.google.android.gms.ads.internal.util.d.kR(android.os.Message) (:com.google.android.gms@224814021@22.48.14 (040408-493411920):1)
02-01 14:05:31.231  2737  2737 I zygote64:   at void aswe.dispatchMessage(android.os.Message) (:com.google.android.gms@224814021@22.48.14 (040408-493411920):11)
02-01 14:05:31.231  2737  2737 I zygote64:   at void android.os.Looper.loop() (Looper.java:166)
02-01 14:05:31.231  2737  2737 I zygote64:   at void android.app.ActivityThread.main(java.lang.String[]) (ActivityThread.java:7529)
02-01 14:05:31.231  2737  2737 I zygote64:   at java.lang.Object java.lang.reflect.Method.invoke(java.lang.Object, java.lang.Object[]) (Method.java:-2)
02-01 14:05:31.231  2737  2737 I zygote64:   at void com.android.internal.os.Zygote$MethodAndArgsCaller.run() (Zygote.java:245)
02-01 14:05:31.231  2737  2737 I zygote64:   at void com.android.internal.os.ZygoteInit.main(java.lang.String[]) (ZygoteInit.java:921)
02-01 14:05:31.231  2737  2737 I zygote64:
02-01 14:05:31.236  2142  2157 I FontLog : Received query name=Google Sans&weight=700&besteffort=false, URI content://com.google.android.gms.fonts [CONTEXT service_id=132 ]
02-01 14:05:31.236  2142  2157 I FontLog : Query [name=Google Sans&weight=700&besteffort=false] resolved to {Google Sans, wdth 100.0, wght 700, ital 0.0, bestEffort false} [CONTEXT service_id=132 ]
02-01 14:05:31.242  2142  2157 I FontLog : Fetch {Google Sans, wdth 100.0, wght 700, ital 0.0, bestEffort false} end status Status{statusCode=SUCCESS, resolution=null} [CONTEXT service_id=132 ]
02-01 14:05:31.250  3187  4093 V AudioManager: getRingerMode...
02-01 14:05:31.255  3187  4093 D AppLovinSdk: [AppLovinSdk]
02-01 14:05:31.255  3187  4093 D AppLovinSdk: ========================================
02-01 14:05:31.255  3187  4093 D AppLovinSdk: =====AppLovin SDK=====
02-01 14:05:31.255  3187  4093 D AppLovinSdk: ===SDK Versions===
02-01 14:05:31.255  3187  4093 D AppLovinSdk: Version: 11.1.0
02-01 14:05:31.255  3187  4093 D AppLovinSdk: Plugin Version: 11.1.0.0
02-01 14:05:31.255  3187  4093 D AppLovinSdk: Ad Review Version:
02-01 14:05:31.255  3187  4093 D AppLovinSdk: OM SDK Version: 1.3.24-Applovin
02-01 14:05:31.255  3187  4093 D AppLovinSdk: ===Device Info===
02-01 14:05:31.255  3187  4093 D AppLovinSdk: OS: 8.0.0 (O - API 26)
02-01 14:05:31.255  3187  4093 D AppLovinSdk: GAID: <Enable verbose logging to see the GAID to use for test devices - https://monetization-support.applovin.com/hc/en-us/articles/236114328-How-can-I-expose-verbose-logging-for-the-SDK>
02-01 14:05:31.255  3187  4093 D AppLovinSdk: Model: WAS-LX1A
02-01 14:05:31.255  3187  4093 D AppLovinSdk: Locale: en_US
02-01 14:05:31.255  3187  4093 D AppLovinSdk: Emulator: false
02-01 14:05:31.255  3187  4093 D AppLovinSdk: WVVC: 535912803
02-01 14:05:31.255  3187  4093 D AppLovinSdk: Tablet: false
02-01 14:05:31.255  3187  4093 D AppLovinSdk: ===App Info===
02-01 14:05:31.255  3187  4093 D AppLovinSdk: Application ID: com.treydev.micontrolcenter
02-01 14:05:31.255  3187  4093 D AppLovinSdk: Target SDK: 30
02-01 14:05:31.255  3187  4093 D AppLovinSdk: ExoPlayer Version: -1
02-01 14:05:31.255  3187  4093 D AppLovinSdk: ===SDK Settings===
02-01 14:05:31.255  3187  4093 D AppLovinSdk: SDK Key: cMGlg2ieK3wNSpDuxGKn0Rnsklgf1JcEm21Fk5d5IXSzS_qwZzVyHeAao4iZ4UEqlOlh9RnDprTRk5PPPK-TQW
02-01 14:05:31.255  3187  4093 D AppLovinSdk: Mediation Provider: admob
02-01 14:05:31.255  3187  4093 D AppLovinSdk: TG: 70
02-01 14:05:31.255  3187  4093 D AppLovinSdk: Test Mode On: false
02-01 14:05:31.255  3187  4093 D AppLovinSdk: Verbose Logging On: false
02-01 14:05:31.255  3187  4093 D AppLovinSdk: ===Privacy States===
02-01 14:05:31.255  3187  4093 D AppLovinSdk: Please review AppLovin MAX documentation to be compliant with regional privacy policies.
02-01 14:05:31.255  3187  4093 D AppLovinSdk:
02-01 14:05:31.255  3187  4093 D AppLovinSdk: Age Restricted User - No value set
02-01 14:05:31.255  3187  4093 D AppLovinSdk: Has User Consent - No value set
02-01 14:05:31.255  3187  4093 D AppLovinSdk: "Do Not Sell" - No value set
02-01 14:05:31.255  3187  4093 D AppLovinSdk: ========================================
02-01 14:05:31.256  2737  2737 I cr_WVCFactoryProvider: Loaded version=108.0.5359.128 minSdkVersion=24 isBundle=true multiprocess=true packageId=3
02-01 14:05:31.266  1257  2000 W ProcBatteryStats: timer is running , not start, name: com.android.phone, uid: 1001, tag: RILJ
02-01 14:05:31.269  3187  4094 V AudioManager: getRingerMode...
02-01 14:05:31.270  2142  4022 I FontLog : Pulling font file for id = 13, cache size = 13 [CONTEXT service_id=132 ]
02-01 14:05:31.271  1257  2000 W ProcBatteryStats: timer is not running , not stop, name: com.android.phone, uid: 1001, tag: RILJ
02-01 14:05:31.280  1257  1266 I zygote64: Background concurrent copying GC freed 44457(2MB) AllocSpace objects, 12(232KB) LOS objects, 42% free, 27MB/48MB, paused 786us total 553.639ms
02-01 14:05:31.281  3187  4095 V AudioManager: getRingerMode...
02-01 14:05:31.284  1257  1257 W Binder:1257_11: type=1400 audit(0.0:84): avc: granted { read } for path="/data/system/dropbox/event_log@1675242329181.txt" dev="mmcblk0p57" ino=64717 scontext=u:r:priv_app:s0:c512,c768 tcontext=u:object_r:system_data_file:s0 tclass=file
02-01 14:05:31.304  1257  4082 D JobServiceContext: Scheduling time out for '.AlarmService' jId: 3, in 18 s
02-01 14:05:31.306  3802  4184 I HwApiCacheMangerEx: apicache pi PackageInfo{4319a5d com.whatsapp}
02-01 14:05:31.306  3802  4184 I HwApiCacheMangerEx: apicache pi PackageInfo{2ef46ae com.whatsapp}
02-01 14:05:31.312  4172  4172 W ResourceType: ResTable_typeSpec entry count inconsistent: given 910, previously 915
02-01 14:05:31.312  4172  4172 W ResourceType: ResTable_typeSpec entry count inconsistent: given 207, previously 1214
02-01 14:05:31.314  2142  2333 D WorkSource: Insert in WorkSource{} @ 0 uid 10242 name org.kustom.widget
02-01 14:05:31.318  2142  2333 D WorkSource: Insert in WorkSource{} @ 0 uid 10242 name org.kustom.widget
02-01 14:05:31.323  4172  4172 I HwApiCacheMangerEx: apicache pi null
02-01 14:05:31.325  1257  1257 D JobServiceContext: handleServiceBound for b03304d #u0a143/3 com.whatsapp/.AlarmService
02-01 14:05:31.325  1257  1257 D JobServiceContext: Scheduling time out for '.AlarmService' jId: 3, in 8 s
02-01 14:05:31.330  1257  4082 D JobServiceContext: doCallback of : JobStatus{dc5f324 #u0a143/5 com.whatsapp/.ExternalMediaManager u=0 s=10143 TIME=none:-383ms READY} v:VERB_EXECUTING
02-01 14:05:31.334  2737  2737 I HwApiCacheMangerEx: apicache pi PackageInfo{9c5997d com.google.android.gms}
02-01 14:05:31.334  1257  3101 D JobServiceContext: doCallback of : JobStatus{b03304d #u0a143/3 com.whatsapp/.AlarmService u=0 s=10143 TIME=none:-30ms READY} v:VERB_STARTING
02-01 14:05:31.334  1257  3101 D JobServiceContext: Scheduling time out for '.AlarmService' jId: 3, in 600 s
02-01 14:05:31.342  2737  2737 W ResourceType: ResTable_typeSpec entry count inconsistent: given 77, previously 79
02-01 14:05:31.347  2737  2992 W ProviderHelper: Unknown dynamite feature providerinstaller.dynamite
02-01 14:05:31.348  2737  2992 I DynamiteModule: Considering local module com.google.android.gms.providerinstaller.dynamite:1 and remote module com.google.android.gms.providerinstaller.dynamite:0
02-01 14:05:31.348  2737  2992 I DynamiteModule: Selected local version of com.google.android.gms.providerinstaller.dynamite
02-01 14:05:31.351  2737  2737 W ResourceType: ResTable_typeSpec entry count inconsistent: given 77, previously 79
02-01 14:05:31.354  3802  4208 D WM-PackageManagerHelper: androidx.work.impl.background.systemjob.SystemJobService enabled
02-01 14:05:31.354  3802  4208 D WM-Schedulers: Created SystemJobScheduler and enabled SystemJobService
02-01 14:05:31.361  3802  4211 D WM-ForceStopRunnable: The default process name was not specified.
02-01 14:05:31.361  3802  4211 D WM-ForceStopRunnable: Performing cleanup operations.
02-01 14:05:31.369  4172  4172 I MultiDex: VM with version 2.1.0 has multidex support
02-01 14:05:31.369  4172  4172 I MultiDex: Installing application
02-01 14:05:31.369  4172  4172 I MultiDex: VM has multidex support, MultiDex support library is disabled.
02-01 14:05:31.373  1257  3587 D HwNetworkManagementService: code == CODE_GET_AD_KEY_LIST
02-01 14:05:31.374  1257  3587 D HwNetworkManagementService: appName = com.google.android.gms  is not in the mAdViewMap! reply none
02-01 14:05:31.374  1257  3587 D HwNetworkManagementService: appName = com.google.android.gms  is not in the mAdIdMap! reply none
02-01 14:05:31.378  2737  2737 I cr_LibraryLoader: Successfully loaded native library
02-01 14:05:31.380  2737  2737 I cr_CachingUmaRecorder: Flushed 8 samples from 8 histograms.
02-01 14:05:31.389  4172  4172 I HwApiCacheMangerEx: apicache pi PackageInfo{3a09309 in.krosbits.musicolet}
02-01 14:05:31.394  1257  4082 I LocationManagerService:  PID: 2142 , uid : 10019 , packageName :com.google.android.gms , allowedResolutionLevel : 2 , permission : true
02-01 14:05:31.394  1257  4082 D HwLocationManagerService: lbsService mLBSServiceStart:false
02-01 14:05:31.394  1257  4082 I LocationManagerService: request ca06ad6 passive Request[POWER_NONE passive fastest=0] from com.google.android.gms(10019)
02-01 14:05:31.395  1257  4082 I LocationManagerService: applyRequirementsLocked to passive
02-01 14:05:31.396  1257  4082 D WorkSource: Insert in WorkSource{} @ 0 uid 1000 name android
02-01 14:05:31.396  1257  4082 D WorkSource: Insert in WorkSource{1000 android} @ 1 uid 10019 name com.google.android.gms
02-01 14:05:31.396  1257  4082 I LocationManagerService: provider request: passive ProviderRequest[ON interval=0] mCHRFirstReqFlag:true
02-01 14:05:31.396  1257  4082 I LocationManagerService: network chr update
02-01 14:05:31.397  4172  4172 I HwApiCacheMangerEx: apicache pi PackageInfo{3a09309 in.krosbits.musicolet}
02-01 14:05:31.397  1257  4082 D HwGpsPowerTracker: recordRequest AppName:com.google.android.gms quality:200
02-01 14:05:31.417  2737  2992 W ProviderHelper: Unknown dynamite feature providerinstaller.dynamite
02-01 14:05:31.417  2737  2992 I DynamiteModule: Considering local module com.google.android.gms.providerinstaller.dynamite:1 and remote module com.google.android.gms.providerinstaller.dynamite:0
02-01 14:05:31.417  2737  2992 I DynamiteModule: Selected local version of com.google.android.gms.providerinstaller.dynamite
02-01 14:05:31.423  4172  4172 I HwApiCacheMangerEx: apicache oUid 10184
02-01 14:05:31.423  4172  4172 I HwApiCacheMangerEx: apicache volumes [Landroid.os.storage.StorageVolume;@ff1281a
02-01 14:05:31.439  4172  4172 I HwApiCacheMangerEx: apicache oUid 10184
02-01 14:05:31.439  4172  4172 I HwApiCacheMangerEx: apicache volumes [Landroid.os.storage.StorageVolume;@ff1281a
02-01 14:05:31.442  2737  2992 W ProviderHelper: Unknown dynamite feature providerinstaller.dynamite
02-01 14:05:31.442  2737  2992 I DynamiteModule: Considering local module com.google.android.gms.providerinstaller.dynamite:1 and remote module com.google.android.gms.providerinstaller.dynamite:0
02-01 14:05:31.442  2737  2992 I DynamiteModule: Selected local version of com.google.android.gms.providerinstaller.dynamite
02-01 14:05:31.473  4172  4172 D WM-WrkMgrInitializer: Initializing WorkManager with default configuration.
02-01 14:05:31.482  2737  2992 W ProviderHelper: Unknown dynamite feature providerinstaller.dynamite
02-01 14:05:31.483  2737  2992 I DynamiteModule: Considering local module com.google.android.gms.providerinstaller.dynamite:1 and remote module com.google.android.gms.providerinstaller.dynamite:0
02-01 14:05:31.483  2737  2992 I DynamiteModule: Selected local version of com.google.android.gms.providerinstaller.dynamite
02-01 14:05:31.494  4172  4172 I HwCust  : Constructor found for class android.net.HwCustConnectivityManagerImpl
02-01 14:05:31.494  4172  4172 D HwCust  : Create obj success use class android.net.HwCustConnectivityManagerImpl
02-01 14:05:31.506  4172  4172 I HwApiCacheMangerEx: apicache pi PackageInfo{3a09309 in.krosbits.musicolet}
02-01 14:05:31.506  4172  4172 I HwApiCacheMangerEx: apicache pi null
02-01 14:05:31.517  4172  4172 V HwWidgetFactory: : successes to get AllImpl object and return....
02-01 14:05:31.517  4172  4172 W ResourceType: For resource 0x7f1304b2, entry index(1202) is beyond type entryCount(207)
02-01 14:05:31.518  4172  4172 W ResourceType: For resource 0x7f1304b8, entry index(1208) is beyond type entryCount(207)
02-01 14:05:31.518  4172  4172 W ResourceType: For resource 0x7f1304bb, entry index(1211) is beyond type entryCount(207)
02-01 14:05:31.529  4172  4172 W Settings: mValues not put! needsGenerationTracker: true currentGeneration: -1 name: airplane_mode_on value: 0
02-01 14:05:31.532  4172  4172 I HwApiCacheMangerEx: apicache oUid 10184
02-01 14:05:31.532  4172  4172 I HwApiCacheMangerEx: apicache volumes [Landroid.os.storage.StorageVolume;@ff1281a
02-01 14:05:31.534  4172  4172 I HwApiCacheMangerEx: apicache oUid 10184
02-01 14:05:31.534  4172  4172 I HwApiCacheMangerEx: apicache volumes [Landroid.os.storage.StorageVolume;@ff1281a
02-01 14:05:31.537  4172  4172 I JSTMUSIC2: Production version.
02-01 14:05:31.537  4172  4172 I JSTMUSIC2: HUAWEI>WAS-LX1A>HWWAS-H API:26 ABI:[arm64-v8a, armeabi-v7a, armeabi]
02-01 14:05:31.538  4172  4172 I HwApiCacheMangerEx: apicache pi null
02-01 14:05:31.539  4172  4172 I HwApiCacheMangerEx: apicache pi PackageInfo{3a09309 in.krosbits.musicolet}
02-01 14:05:31.539  4172  4172 I JSTMUSIC2: MA>iua:[config.arm64_v8a, config.xxhdpi]
02-01 14:05:31.539  4172  4172 I JSTMUSIC2: APP build:41200
02-01 14:05:31.551  3452  3552 D SharedPreferencesImpl: Time required to fsync /data/user/0/org.kustom.widget/shared_prefs/com.google.android.gms.measurement.prefs.xml: [<1: 0, <2: 0, <4: 0, <8: 0, <16: 0, <32: 0, <64: 0, <128: 1, <256: 1, <512: 1, <1024: 0, <2048: 0, <4096: 0, <8192: 0, <16384: 0, >=16384: 0]
02-01 14:05:31.558  2737  2995 D SharedPreferencesImpl: Time required to fsync /data/user/0/com.google.android.gms/shared_prefs/AppDataSearch-main-icing-settings.xml: [<1: 0, <2: 0, <4: 0, <8: 0, <16: 0, <32: 0, <64: 0, <128: 0, <256: 0, <512: 0, <1024: 1, <2048: 1, <4096: 0, <8192: 0, <16384: 0, >=16384: 0]
02-01 14:05:31.560  2737  4227 I HwApiCacheMangerEx: apicache pi PackageInfo{9c5997d com.google.android.gms}
02-01 14:05:31.560  2737  2737 I HwApiCacheMangerEx: apicache pi PackageInfo{9c5997d com.google.android.gms}
02-01 14:05:31.561  2737  4227 I HwApiCacheMangerEx: apicache pi PackageInfo{9c5997d com.google.android.gms}
02-01 14:05:31.564  2142  3975 I FontLog : Received query name=Noto Color Emoji Compat&weight=400&besteffort=false, URI content://com.google.android.gms.fonts [CONTEXT service_id=132 ]
02-01 14:05:31.565  2142  3975 I FontLog : Query [name=Noto Color Emoji Compat&weight=400&besteffort=false] resolved to {Noto Color Emoji Compat, wdth 100.0, wght 400, ital 0.0, bestEffort false} [CONTEXT service_id=132 ]
02-01 14:05:31.567  2737  2992 W ProviderHelper: Unknown dynamite feature providerinstaller.dynamite
02-01 14:05:31.567  2737  2992 I DynamiteModule: Considering local module com.google.android.gms.providerinstaller.dynamite:1 and remote module com.google.android.gms.providerinstaller.dynamite:0
02-01 14:05:31.567  2737  2992 I DynamiteModule: Selected local version of com.google.android.gms.providerinstaller.dynamite
02-01 14:05:31.569  1257  3101 D SmartHeartBeat: isPendingPackage, false, pkg:com.arlosoft.macrodroid, action:null,not pending alarm with AlarmClockInfo
02-01 14:05:31.569  1257  3101 D SmartHeartBeat: isPendingPackage, false, pkg:com.arlosoft.macrodroid, action:null,not pending alarm with AlarmClockInfo
02-01 14:05:31.569  1257  3101 D SmartHeartBeat: isPendingPackage, false, pkg:com.google.android.deskclock, action:com.android.deskclock.action.UPDATE_ALARM_INSTANCES,not pending alarm with AlarmClockInfo
02-01 14:05:31.570  2142  3975 I FontLog : Fetch {Noto Color Emoji Compat, wdth 100.0, wght 400, ital 0.0, bestEffort false} end status Status{statusCode=SUCCESS, resolution=null} [CONTEXT service_id=132 ]
02-01 14:05:31.572  1257  1491 D HwWifiConnectivityMonitor: CMD_11v_ROAMING_TIMEOUT received, counter = 1, ts = Feb 1, 2023 2:05:31 PM
02-01 14:05:31.585  1257  3101 V ActivityManager: startProcess: name=com.google.android.webview:sandboxed_process0 app=null knownToBeDead=true thread=null pid=-1
02-01 14:05:31.596  2142  2274 I SQLiteConnectionPool: The connection pool for /data/user/0/com.google.android.gms/databases/metadata.db has been closed but there are still 1 connections in use.  They will be closed as they are released back to the pool.
02-01 14:05:31.604  2142  2908 W FontLog : Error updating last accessed time for {Google Sans, wdth 100.0, wght 700, ital 0.0, bestEffort false}. [CONTEXT service_id=132 ]
02-01 14:05:31.604  2142  2908 W FontLog : java.lang.IllegalStateException: Cannot perform this operation because the connection pool has been closed.
02-01 14:05:31.604  2142  2908 W FontLog :      at android.database.sqlite.SQLiteConnectionPool.throwIfClosedLocked(SQLiteConnectionPool.java:1102)
02-01 14:05:31.604  2142  2908 W FontLog :      at android.database.sqlite.SQLiteConnectionPool.waitForConnection(SQLiteConnectionPool.java:763)
02-01 14:05:31.604  2142  2908 W FontLog :      at android.database.sqlite.SQLiteConnectionPool.acquireConnection(SQLiteConnectionPool.java:382)
02-01 14:05:31.604  2142  2908 W FontLog :      at android.database.sqlite.SQLiteSession.acquireConnection(SQLiteSession.java:909)
02-01 14:05:31.604  2142  2908 W FontLog :      at android.database.sqlite.SQLiteSession.prepare(SQLiteSession.java:601)
02-01 14:05:31.604  2142  2908 W FontLog :      at android.database.sqlite.SQLiteProgram.<init>(SQLiteProgram.java:63)
02-01 14:05:31.604  2142  2908 W FontLog :      at android.database.sqlite.SQLiteStatement.<init>(SQLiteStatement.java:31)
02-01 14:05:31.604  2142  2908 W FontLog :      at android.database.sqlite.SQLiteDatabase.executeSql(SQLiteDatabase.java:1968)
02-01 14:05:31.604  2142  2908 W FontLog :      at android.database.sqlite.SQLiteDatabase.execSQL(SQLiteDatabase.java:1943)
02-01 14:05:31.604  2142  2908 W FontLog :      at alve.run(:com.google.android.gms@224814021@22.48.14 (040408-493411920):5)
02-01 14:05:31.604  2142  2908 W FontLog :      at abmf.c(:com.google.android.gms@224814021@22.48.14 (040408-493411920):6)
02-01 14:05:31.604  2142  2908 W FontLog :      at abmf.run(:com.google.android.gms@224814021@22.48.14 (040408-493411920):7)
02-01 14:05:31.604  2142  2908 W FontLog :      at java.util.concurrent.ThreadPoolExecutor.runWorker(ThreadPoolExecutor.java:1162)
02-01 14:05:31.604  2142  2908 W FontLog :      at java.util.concurrent.ThreadPoolExecutor$Worker.run(ThreadPoolExecutor.java:636)
02-01 14:05:31.604  2142  2908 W FontLog :      at abrk.run(:com.google.android.gms@224814021@22.48.14 (040408-493411920):0)
02-01 14:05:31.604  2142  2908 W FontLog :      at java.lang.Thread.run(Thread.java:784)
02-01 14:05:31.605  2142  2998 W FontLog : Error updating last accessed time for {Noto Color Emoji Compat, wdth 100.0, wght 400, ital 0.0, bestEffort false}. [CONTEXT service_id=132 ]
02-01 14:05:31.605  2142  2998 W FontLog : java.lang.IllegalStateException: Cannot perform this operation because the connection pool has been closed.
02-01 14:05:31.605  2142  2998 W FontLog :      at android.database.sqlite.SQLiteConnectionPool.throwIfClosedLocked(SQLiteConnectionPool.java:1102)
02-01 14:05:31.605  2142  2998 W FontLog :      at android.database.sqlite.SQLiteConnectionPool.waitForConnection(SQLiteConnectionPool.java:763)
02-01 14:05:31.605  2142  2998 W FontLog :      at android.database.sqlite.SQLiteConnectionPool.acquireConnection(SQLiteConnectionPool.java:382)
02-01 14:05:31.605  2142  2998 W FontLog :      at android.database.sqlite.SQLiteSession.acquireConnection(SQLiteSession.java:909)
02-01 14:05:31.605  2142  2998 W FontLog :      at android.database.sqlite.SQLiteSession.prepare(SQLiteSession.java:601)
02-01 14:05:31.605  2142  2998 W FontLog :      at android.database.sqlite.SQLiteProgram.<init>(SQLiteProgram.java:63)
02-01 14:05:31.605  2142  2998 W FontLog :      at android.database.sqlite.SQLiteStatement.<init>(SQLiteStatement.java:31)
02-01 14:05:31.605  2142  2998 W FontLog :      at android.database.sqlite.SQLiteDatabase.executeSql(SQLiteDatabase.java:1968)
02-01 14:05:31.605  2142  2998 W FontLog :      at android.database.sqlite.SQLiteDatabase.execSQL(SQLiteDatabase.java:1943)
02-01 14:05:31.605  2142  2998 W FontLog :      at alve.run(:com.google.android.gms@224814021@22.48.14 (040408-493411920):5)
02-01 14:05:31.605  2142  2998 W FontLog :      at abmf.c(:com.google.android.gms@224814021@22.48.14 (040408-493411920):6)
02-01 14:05:31.605  2142  2998 W FontLog :      at abmf.run(:com.google.android.gms@224814021@22.48.14 (040408-493411920):8)
02-01 14:05:31.605  2142  2998 W FontLog :      at java.util.concurrent.ThreadPoolExecutor.runWorker(ThreadPoolExecutor.java:1162)
02-01 14:05:31.605  2142  2998 W FontLog :      at java.util.concurrent.ThreadPoolExecutor$Worker.run(ThreadPoolExecutor.java:636)
02-01 14:05:31.605  2142  2998 W FontLog :      at abrk.run(:com.google.android.gms@224814021@22.48.14 (040408-493411920):0)
02-01 14:05:31.605  2142  2998 W FontLog :      at java.lang.Thread.run(Thread.java:784)
02-01 14:05:31.608  1257  3101 I ActivityManager: Start proc 4233:com.google.android.webview:sandboxed_process0/u0i4 for webview_service com.google.android.gms/org.chromium.content.app.SandboxedProcessService0
02-01 14:05:31.612  4233  4233 I         : power log dlsym ok
02-01 14:05:31.616  4233  4233 E /system/bin/webview_zygote32: failed to make and chown /acct/uid_99004: Permission denied
02-01 14:05:31.617  4233  4233 E Zygote  : createProcessGroup(99004, 0) failed: Permission denied
02-01 14:05:31.617  2142  3975 I FontLog : Pulling font file for id = 14, cache size = 14 [CONTEXT service_id=132 ]
02-01 14:05:31.618  4172  4190 E MemoryLeakMonitorManager: MemoryLeakMonitor.jar is not exist!
02-01 14:05:31.621  4233  4233 I /system/bin/webview_zygote32: Reinit property: dalvik.vm.checkjni= false
02-01 14:05:31.622  4172  4172 I JSTMUSIC2: MMR OR Intent { act=android.intent.action.MEDIA_MOUNTED dat=file:///storage/emulated/0 flg=0x5000010 cmp=in.krosbits.musicolet/.MediaMountedReceiver (has extras) }
02-01 14:05:31.622  4172  4172 I JSTMUSIC2: MMR AA : null
02-01 14:05:31.624  1257  3101 V BroadcastQueue: Finished with ordered broadcast BroadcastRecord{1931781 u0 android.intent.action.MEDIA_MOUNTED}
02-01 14:05:31.625  1257  3101 V ActivityManager: startProcess: name=com.devhd.feedly app=null knownToBeDead=true thread=null pid=-1
02-01 14:05:31.631  2142  2904 E ExecutionCriteria: Package unavailable for task: com.touchtype.swiftkey/com.touchtype.scheduling.ScheduledTaskService{u=0 tag="GcmSyncJob" trigger=window{period=86400s,flex=8640s,earliest=-3860672s,latest=-3852032s} requirements=[NET_CONNECTED] attributes=[PERSISTED,RECURRING] scheduled=-3938432s last_run=N/A exec_window_multiplier=1.0000 jid=N/A status=PENDING retries=0 client_lib=MANCHEGO_GCM-11720000} [CONTEXT service_id=218 ]
02-01 14:05:31.652  1257  3101 I ActivityManager: Start proc 4247:com.devhd.feedly/u0a186 for broadcast com.devhd.feedly/.widget.FeedlyWidgetProvider
02-01 14:05:31.655  4247  4247 I         : power log dlsym ok
02-01 14:05:31.658  2142  3975 I FontLog : Received query name=Google Sans&weight=400&besteffort=false, URI content://com.google.android.gms.fonts [CONTEXT service_id=132 ]
02-01 14:05:31.658  2142  3975 I FontLog : Query [name=Google Sans&weight=400&besteffort=false] resolved to {Google Sans, wdth 100.0, wght 400, ital 0.0, bestEffort false} [CONTEXT service_id=132 ]
02-01 14:05:31.660  1257  1276 E NotificationManager: notifyAsUser: tag=null, id=40, user=UserHandle{0}
02-01 14:05:31.661  1257  1276 D HwNotificationManagerService: recognize: not in china
02-01 14:05:31.662  4247  4247 I zygote64: Reinit property: dalvik.vm.checkjni= false
02-01 14:05:31.662  1257  1276 E NotificationService: Suppressing notification from package by user request.
02-01 14:05:31.663  2142  3975 I FontLog : Font PFD returned from cache for {Google Sans, wdth 100.0, wght 400, ital 0.0, bestEffort false} [CONTEXT service_id=132 ]
02-01 14:05:31.663  4233  4233 I SamplingProfilerIntegration: Profiling disabled.
02-01 14:05:31.664  2142  3975 I FontLog : Fetch {Google Sans, wdth 100.0, wght 400, ital 0.0, bestEffort false} end status Status{statusCode=SUCCESS, resolution=null} [CONTEXT service_id=132 ]
02-01 14:05:31.670  2737  4229 I HwApiCacheMangerEx: apicache pi PackageInfo{47a473e com.google.android.gms}
02-01 14:05:31.674  2142  4022 I FontLog : Pulling font file for id = 15, cache size = 15 [CONTEXT service_id=132 ]
02-01 14:05:31.686  2142  4022 I FontLog : Received query name=Google Sans&weight=500&besteffort=false, URI content://com.google.android.gms.fonts [CONTEXT service_id=132 ]
02-01 14:05:31.687  2142  4022 I FontLog : Query [name=Google Sans&weight=500&besteffort=false] resolved to {Google Sans, wdth 100.0, wght 500, ital 0.0, bestEffort false} [CONTEXT service_id=132 ]
02-01 14:05:31.687  4233  4233 E libc    : Access denied finding property "runtime.mmitest.isrunning"
02-01 14:05:31.689  2142  4022 I FontLog : Font PFD returned from cache for {Google Sans, wdth 100.0, wght 500, ital 0.0, bestEffort false} [CONTEXT service_id=132 ]
02-01 14:05:31.690  2142  4022 I FontLog : Fetch {Google Sans, wdth 100.0, wght 500, ital 0.0, bestEffort false} end status Status{statusCode=SUCCESS, resolution=null} [CONTEXT service_id=132 ]
02-01 14:05:31.691  4233  4233 D ActivityThread: ActivityThread,attachApplication
02-01 14:05:31.692  1257  3099 D ActivityManager: ActivityManagerService,attachApplication,callingPid = 4233
02-01 14:05:31.704  2142  3975 I FontLog : Pulling font file for id = 16, cache size = 16 [CONTEXT service_id=132 ]
02-01 14:05:31.704  3802  4211 D WM-SystemJobScheduler: Reconciling jobs
02-01 14:05:31.705  1257  1468 E HwSmartDisplayService: Communications to PG-server error
02-01 14:05:31.705  1257  1468 E HwSmartDisplayService: java.io.IOException: Connection refused
02-01 14:05:31.705  1257  1468 E HwSmartDisplayService:         at android.net.LocalSocketImpl.connectLocal(Native Method)
02-01 14:05:31.705  1257  1468 E HwSmartDisplayService:         at android.net.LocalSocketImpl.connect(LocalSocketImpl.java:300)
02-01 14:05:31.705  1257  1468 E HwSmartDisplayService:         at android.net.LocalSocket.connect(LocalSocket.java:145)
02-01 14:05:31.705  1257  1468 E HwSmartDisplayService:         at com.huawei.pgmng.PGPlug.listenToSocket(PGPlug.java:92)
02-01 14:05:31.705  1257  1468 E HwSmartDisplayService:         at com.huawei.pgmng.PGPlug.run(PGPlug.java:52)
02-01 14:05:31.705  1257  1468 E HwSmartDisplayService:         at java.lang.Thread.run(Thread.java:784)
02-01 14:05:31.705  1257  1468 E HwSmartDisplayService: Error in connect to PG, sleep 5s try again, retries =6
02-01 14:05:31.705  1257  1468 E HwSmartDisplayService: java.io.IOException: Connection refused
02-01 14:05:31.705  1257  1468 E HwSmartDisplayService:         at android.net.LocalSocketImpl.connectLocal(Native Method)
02-01 14:05:31.705  1257  1468 E HwSmartDisplayService:         at android.net.LocalSocketImpl.connect(LocalSocketImpl.java:300)
02-01 14:05:31.705  1257  1468 E HwSmartDisplayService:         at android.net.LocalSocket.connect(LocalSocket.java:145)
02-01 14:05:31.705  1257  1468 E HwSmartDisplayService:         at com.huawei.pgmng.PGPlug.listenToSocket(PGPlug.java:92)
02-01 14:05:31.705  1257  1468 E HwSmartDisplayService:         at com.huawei.pgmng.PGPlug.run(PGPlug.java:52)
02-01 14:05:31.705  1257  1468 E HwSmartDisplayService:         at java.lang.Thread.run(Thread.java:784)
02-01 14:05:31.709  2142  2904 D WorkSource: Insert in WorkSource{} @ 0 uid 10019 name com.google.android.gms
02-01 14:05:31.713  1257  3099 D JobServiceContext: doCallback of : JobStatus{b03304d #u0a143/3 com.whatsapp/.AlarmService u=0 s=10143 TIME=none:-409ms READY} v:VERB_EXECUTING
02-01 14:05:31.720   412   412 W /system/bin/hwservicemanager: Cannot open /odm/manifest.xml
02-01 14:05:31.725  4247  4247 D ActivityThread: ActivityThread,attachApplication
02-01 14:05:31.729  2737  2995 I HwApiCacheMangerEx: apicache pi null
02-01 14:05:31.731  1257  1801 D ActivityManager: ActivityManagerService,attachApplication,callingPid = 4247
02-01 14:05:31.731  2737  2995 I HwApiCacheMangerEx: apicache pi PackageInfo{9c5997d com.google.android.gms}
02-01 14:05:31.732  2737  2995 I Icing   : updateResources: need to parse aozl{com.google.android.gms}
02-01 14:05:31.734  2737  2992 W PackageParser: Unknown element under <manifest>: queries at /data/user_de/0/com.google.android.gms/app_chimera/m/00000014/dl-AdsFdrDynamite.integ_224400003000000.apk Binary XML file line #11
02-01 14:05:31.752  3802  4211 D WM-ForceStopRunnable: Application was force-stopped, rescheduling.
02-01 14:05:31.753  4233  4233 I HwCust  : Constructor found for class android.app.HwCustApplicationPackageManagerImpl
02-01 14:05:31.754  4233  4233 D HwCust  : Create obj success use class android.app.HwCustApplicationPackageManagerImpl
02-01 14:05:31.760   412   412 W /system/bin/hwservicemanager: Cannot open /odm/manifest.xml
02-01 14:05:31.761  2737  2992 W ProviderHelper: Unknown dynamite feature providerinstaller.dynamite
02-01 14:05:31.761  2737  2992 I DynamiteModule: Considering local module com.google.android.gms.providerinstaller.dynamite:1 and remote module com.google.android.gms.providerinstaller.dynamite:0
02-01 14:05:31.761  2737  2992 I DynamiteModule: Selected local version of com.google.android.gms.providerinstaller.dynamite
02-01 14:05:31.764  2142  2904 D WorkSource: Insert in WorkSource{} @ 0 uid 10019 name com.google.android.gms
02-01 14:05:31.766  1257  1801 W HwAlarmManagerService: isContainsAppUidInWorksource-->happend NameNotFoundException
02-01 14:05:31.783   715   715 E Thermal-daemon: [battery] temp_new :27  temp_old :26
02-01 14:05:31.783   715   715 E ThermalBinder: mThermalService is NULL!
02-01 14:05:31.783   715   715 E Thermal-daemon: Report temperature: [battery] temp :27  report_threshold:1
02-01 14:05:31.786   715   715 E Thermal-daemon: [ap] temp_new :34  temp_old :33
02-01 14:05:31.786   715   715 E ThermalBinder: mThermalService is NULL!
02-01 14:05:31.786   715   715 E Thermal-daemon: Report temperature: [ap] temp :34  report_threshold:1
02-01 14:05:31.790  4270  4270 E asset   : setgid: Operation not permitted
02-01 14:05:31.794   412   412 W /system/bin/hwservicemanager: Cannot open /odm/manifest.xml
02-01 14:05:31.795  4247  4266 I HwApiCacheMangerEx: apicache mCurPackageName=com.devhd.feedly uptimes=44425
02-01 14:05:31.796  2737  2992 I HwApiCacheMangerEx: apicache pi PackageInfo{b29264d com.google.android.gms}
02-01 14:05:31.797  4247  4266 I HwApiCacheMangerEx: apicache oUid null
02-01 14:05:31.799  4247  4247 D HwFLClassLoader: get used feature list :/feature/used-list failed!
02-01 14:05:31.799  4247  4247 D HwFLClassLoader: USE_FEATURE_LIST had not init!
02-01 14:05:31.800   610   610 I GRALLOC :       shrFd=10,fmt=0x1,intFmt=0x1,btStrd=256,size=4096,pid=610
02-01 14:05:31.800   610   610 I GRALLOC :       yuv=2,w=16,h=16,Stride u=0 v=0,offset u=0 v=0
02-01 14:05:31.800   610   610 I GRALLOC :       iova_size=4096,conUsg=0x100,proUsg=0x100,       strd=64,[afbc]HdrStrd=0 PyldStrd=0 Scrmbl=0,ionhnd = 1
02-01 14:05:31.802  4172  4239 I HwApiCacheMangerEx: apicache pi PackageInfo{6a1813b in.krosbits.musicolet}
02-01 14:05:31.803  2737  2992 I GmsModuleFndr: Beginning GMS chimera module scan
02-01 14:05:31.804  4247  4266 I HwApiCacheMangerEx: apicache volumes null
02-01 14:05:31.805   412   412 W /system/bin/hwservicemanager: Cannot open /odm/manifest.xml
02-01 14:05:31.809  4172  4172 I JSTMUSIC2: AI:s?1;s?null
02-01 14:05:31.809   411   411 E ServiceManager: try to find service failed, not allowed access from isolated processes.
02-01 14:05:31.811  3802  4273 D NetworkSecurityConfig: Using Network Security Config from resource (name removed) debugBuild: false
02-01 14:05:31.811   610   610 I GRALLOC :       shrFd=10,fmt=0x1,intFmt=0x1,btStrd=256,size=4096,pid=610
02-01 14:05:31.811   610   610 I GRALLOC :       yuv=2,w=16,h=16,Stride u=0 v=0,offset u=0 v=0
02-01 14:05:31.811   610   610 I GRALLOC :       iova_size=4096,conUsg=0x100,proUsg=0x100,       strd=64,[afbc]HdrStrd=0 PyldStrd=0 Scrmbl=0,ionhnd = 1
02-01 14:05:31.816  4233  4233 D HwFLClassLoader: USE_FEATURE_LIST had not init!
02-01 14:05:31.819  4247  4266 I HwApiCacheMangerEx: apicache path=/storage/emulated/0 state=mounted key=com.devhd.feedly#10186#256
02-01 14:05:31.819  4247  4266 I HwApiCacheMangerEx: apicache path=/storage/3102-1D05 state=mounted key=com.devhd.feedly#10186#256
02-01 14:05:31.822  4247  4266 I HwApiCacheMangerEx: apicache oUid 10186
02-01 14:05:31.822  4172  4239 I JSTMUSIC2: AI:U?201
02-01 14:05:31.822  4172  4239 I JSTMUSIC2: SM>RL
02-01 14:05:31.822  4247  4266 I HwApiCacheMangerEx: apicache volumes null
02-01 14:05:31.822  1257  1801 D JobServiceContext: Scheduling time out for '.crash.upload.ExceptionsUploadService' jId: 1, in 18 s
02-01 14:05:31.822  4172  4239 I HwApiCacheMangerEx: apicache oUid 10184
02-01 14:05:31.822  4172  4239 I HwApiCacheMangerEx: apicache volumes [Landroid.os.storage.StorageVolume;@ff1281a
02-01 14:05:31.822  2737  2992 I ModuleSetMgr: Computing pending module set with APKs: [[AdsFdrDynamite.integ:224400003000000], [Fastpair.optional:224814040000], [Games.optional:224814000000], [MapsCoreDynamite.integ:224312102020408], [TfliteDynamiteDynamite.integ:224210505000400], [VisionBarcodeDynamite.integ:224404100000400], [VisionOcrDynamite.integ:223610901000400], [AdsFdrDynamite.integ:223712200000000], [Cronetdynamite:224814040408], [Dynamiteloader:224814040008], [Dynamitemodulesa:224814040008], [Dynamitemodulesc:224814040008], [Googlecertificates:224814040008], [Mapsdynamite:224814040008], [Measurementdynamite:224814040008], [MapsDynamite.integ:201512001000000]]
02-01 14:05:31.822  4172  4239 I HwApiCacheMangerEx: apicache oUid 10184
02-01 14:05:31.823  4172  4239 I HwApiCacheMangerEx: apicache volumes [Landroid.os.storage.StorageVolume;@ff1281a
02-01 14:05:31.823  4172  4239 I HwApiCacheMangerEx: apicache oUid 10184
02-01 14:05:31.823  4172  4239 I HwApiCacheMangerEx: apicache volumes [Landroid.os.storage.StorageVolume;@ff1281a
02-01 14:05:31.824  4172  4239 I HwApiCacheMangerEx: apicache oUid 10184
02-01 14:05:31.824  4172  4239 I HwApiCacheMangerEx: apicache volumes [Landroid.os.storage.StorageVolume;@ff1281a
02-01 14:05:31.824  4172  4239 I HwApiCacheMangerEx: apicache oUid 10184
02-01 14:05:31.824  4172  4239 I HwApiCacheMangerEx: apicache volumes null
02-01 14:05:31.827  4247  4266 I HwApiCacheMangerEx: apicache path=/storage/emulated/0 state=mounted key=com.devhd.feedly#10186#0
02-01 14:05:31.828  4172  4239 I HwApiCacheMangerEx: apicache path=/storage/emulated/0 state=mounted key=in.krosbits.musicolet#10184#1536
02-01 14:05:31.827  4247  4266 I HwApiCacheMangerEx: apicache path=/storage/3102-1D05 state=mounted key=com.devhd.feedly#10186#0
02-01 14:05:31.828  4233  4233 E asset   : createFromFile(): lock file /data/resource-cache/product@overlay@frameworkResOverlay.apk@idmap.
02-01 14:05:31.829  4172  4239 I HwApiCacheMangerEx: apicache path=/storage/3102-1D05 state=mounted key=in.krosbits.musicolet#10184#1536
02-01 14:05:31.831  4172  4239 I JSTMUSIC2: SV<i>: true, false, false, null, Internal storage, mounted, StorageVolume: Internal storage, /storage/emulated/0
