02-01 14:05:33.054  4344  4344 I zygote64:   at android.webkit.WebViewFactoryProvider android.webkit.WebViewFactory.getProvider() (WebViewFactory.java:212)
02-01 14:05:33.054  4344  4344 I zygote64:   at java.lang.String android.webkit.WebSettings.getDefaultUserAgent(android.content.Context) (WebSettings.java:1259)
02-01 14:05:33.054  4344  4344 I zygote64:   at java.lang.Object com.google.android.gms.ads.internal.util.br.call() (:com.google.android.gms.policy_ads_fdr_dynamite@224400003@224400003000.484457631.484457631:6)
02-01 14:05:33.054  4344  4344 I zygote64:   at java.lang.Object com.google.android.gms.ads.internal.util.bq.a(android.content.Context, java.util.concurrent.Callable) (:com.google.android.gms.policy_ads_fdr_dynamite@224400003@224400003000.484457631.484457631:4)
02-01 14:05:33.054  4344  4344 I zygote64:   at java.lang.String com.google.android.gms.ads.internal.util.q.c(android.content.Context, java.lang.String) (:com.google.android.gms.policy_ads_fdr_dynamite@224400003@224400003000.484457631.484457631:6)
02-01 14:05:33.054  4344  4344 I zygote64:   at void com.google.android.gms.ads.internal.state.h.e(android.content.Context, com.google.android.gms.ads.internal.util.client.s) (:com.google.android.gms.policy_ads_fdr_dynamite@224400003@224400003000.484457631.484457631:12)
02-01 14:05:33.054  4344  4344 I zygote64:   at com.google.android.gms.ads.nonagon.a com.google.android.gms.ads.nonagon.a.q(android.content.Context, com.google.android.gms.ads.internal.mediation.client.d, int, int, com.google.android.gms.ads.internal.j) (:com.google.android.gms.policy_ads_fdr_dynamite@224400003@224400003000.484457631.484457631:11)
02-01 14:05:33.054  4344  4344 I zygote64:   at com.google.android.gms.ads.nonagon.a com.google.android.gms.ads.nonagon.a.b(com.google.android.gms.ads.internal.util.client.s, com.google.android.gms.ads.internal.mediation.client.d, android.content.Context, com.google.android.gms.ads.internal.j) (:com.google.android.gms.policy_ads_fdr_dynamite@224400003@224400003000.484457631.484457631:0)
02-01 14:05:33.054  4344  4344 I zygote64:   at void com.google.android.gms.ads.nonagon.shim.ab.<init>(android.content.Context, com.google.android.gms.ads.internal.util.client.s, com.google.android.gms.ads.internal.client.o, java.lang.String, com.google.android.gms.ads.internal.mediation.client.d, com.google.android.gms.ads.internal.j, int) (:com.google.android.gms.policy_ads_fdr_dynamite@224400003@224400003000.484457631.484457631:3)
02-01 14:05:33.054  4344  4344 I zygote64:   at android.os.IBinder com.google.android.gms.ads.ChimeraAdManagerCreatorImpl.newAdManagerByType(apt, com.google.android.gms.ads.internal.client.o, java.lang.String, com.google.android.gms.ads.internal.mediation.client.d, int, int) (:com.google.android.gms.policy_ads_fdr_dynamite@224400003@224400003000.484457631.484457631:11)
02-01 14:05:33.054  4344  4344 I zygote64:   at boolean com.google.android.gms.ads.internal.client.bi.bQ(int, android.os.Parcel, android.os.Parcel) (:com.google.android.gms.policy_ads_fdr_dynamite@224400003@224400003000.484457631.484457631:7)
02-01 14:05:33.054  4344  4344 I zygote64:   at boolean afu.onTransact(int, android.os.Parcel, android.os.Parcel, int) (:com.google.android.gms.policy_ads_fdr_dynamite@224400003@224400003000.484457631.484457631:4)
02-01 14:05:33.054  4344  4344 I zygote64:   at boolean android.os.Binder.transact(int, android.os.Parcel, android.os.Parcel, int) (Binder.java:605)
02-01 14:05:33.054  4344  4344 I zygote64:   at android.os.Parcel ghl.er(int, android.os.Parcel) (:com.google.android.gms@224814021@22.48.14 (040408-493411920):2)
02-01 14:05:33.054  4344  4344 I zygote64:   at android.os.IBinder com.google.android.gms.ads.internal.client.ao.newAdManagerByType(afvs, com.google.android.gms.ads.internal.client.AdSizeParcel, java.lang.String, com.google.android.gms.ads.internal.mediation.client.d, int, int) (:com.google.android.gms@224814021@22.48.14 (040408-493411920):0)
02-01 14:05:33.054  4344  4344 I zygote64:   at android.os.IBinder com.google.android.gms.ads.AdManagerCreatorImpl.newAdManagerByType(afvs, com.google.android.gms.ads.internal.client.AdSizeParcel, java.lang.String, com.google.android.gms.ads.internal.mediation.client.d, int, int) (:com.google.android.gms@224814021@22.48.14 (040408-493411920):6)
02-01 14:05:33.054  4344  4344 I zygote64:   at boolean com.google.android.gms.ads.internal.client.ap.ep(int, android.os.Parcel, android.os.Parcel) (:com.google.android.gms@224814021@22.48.14 (040408-493411920):5)
02-01 14:05:33.054  4344  4344 I zygote64:   at boolean ghm.onTransact(int, android.os.Parcel, android.os.Parcel, int) (:com.google.android.gms@224814021@22.48.14 (040408-493411920):12)
02-01 14:05:33.054  4344  4344 I zygote64:   at boolean android.os.Binder.transact(int, android.os.Parcel, android.os.Parcel, int) (Binder.java:605)
02-01 14:05:33.054  4344  4344 I zygote64:   at android.os.Parcel com.google.android.gms.dynamic.bln.a(int, android.os.Parcel) ((null):-1)
02-01 14:05:33.054  4344  4344 I zygote64:   at android.os.IBinder com.google.android.gms.dynamic.bwv.a(com.google.android.gms.dynamic.ajs, com.google.android.gms.dynamic.bvp, java.lang.String, com.google.android.gms.dynamic.chb, int) ((null):-1)
02-01 14:05:33.054  4344  4344 I zygote64:   at com.google.android.gms.dynamic.bwr com.google.android.gms.dynamic.bvk.a(android.content.Context, com.google.android.gms.dynamic.bvp, java.lang.String, com.google.android.gms.dynamic.chb, int) ((null):-1)
02-01 14:05:33.054  4344  4344 I zygote64:   at java.lang.Object com.google.android.gms.dynamic.bvw.a() ((null):-1)
02-01 14:05:33.054  4344  4344 I zygote64:   at java.lang.Object com.google.android.gms.dynamic.bvt$a.c() ((null):-1)
02-01 14:05:33.054  4344  4344 I zygote64:   at java.lang.Object com.google.android.gms.dynamic.bvt.a(android.content.Context, boolean, com.google.android.gms.dynamic.bvt$a) ((null):-1)
02-01 14:05:33.054  4344  4344 I zygote64:   at void com.google.android.gms.dynamic.yw.a(com.google.android.gms.dynamic.ys) ((null):-1)
02-01 14:05:33.054  4344  4344 I zygote64:   at void com.google.android.gms.dynamic.cqz.a() ((null):-1)
02-01 14:05:33.054  4344  4344 I zygote64:   at void com.oneUI.vietbm.peopledge.control.MyApplication.onCreate() ((null):-1)
02-01 14:05:33.054  4344  4344 I zygote64:   at void android.app.Instrumentation.callApplicationOnCreate(android.app.Application) (Instrumentation.java:1122)
02-01 14:05:33.054  4344  4344 I zygote64:   at void android.app.ActivityThread.handleBindApplication(android.app.ActivityThread$AppBindData) (ActivityThread.java:6619)
02-01 14:05:33.054  4344  4344 I zygote64:   at void android.app.ActivityThread.-wrap2(android.app.ActivityThread, android.app.ActivityThread$AppBindData) (ActivityThread.java:-1)
02-01 14:05:33.054  4344  4344 I zygote64:   at void android.app.ActivityThread$H.handleMessage(android.os.Message) (ActivityThread.java:2066)
02-01 14:05:33.054  4344  4344 I zygote64:   at void android.os.Handler.dispatchMessage(android.os.Message) (Handler.java:108)
02-01 14:05:33.054  4344  4344 I zygote64:   at void android.os.Looper.loop() (Looper.java:166)
02-01 14:05:33.054  4344  4344 I zygote64:   at void android.app.ActivityThread.main(java.lang.String[]) (ActivityThread.java:7529)
02-01 14:05:33.054  4344  4344 I zygote64:   at java.lang.Object java.lang.reflect.Method.invoke(java.lang.Object, java.lang.Object[]) (Method.java:-2)
02-01 14:05:33.054  4344  4344 I zygote64:   at void com.android.internal.os.Zygote$MethodAndArgsCaller.run() (Zygote.java:245)
02-01 14:05:33.054  4344  4344 I zygote64:   at void com.android.internal.os.ZygoteInit.main(java.lang.String[]) (ZygoteInit.java:921)
02-01 14:05:33.054  4344  4344 I zygote64:
02-01 14:05:33.056  4344  4344 I zygote64: Rejecting re-init on previously-failed class java.lang.Class<s50>: java.lang.NoClassDefFoundError: Failed resolution of: Landroid/webkit/PacProcessor;
02-01 14:05:33.056  4344  4344 I zygote64:   at java.lang.Class java.lang.Class.classForName(java.lang.String, boolean, java.lang.ClassLoader) (Class.java:-2)
02-01 14:05:33.056  4344  4344 I zygote64:   at java.lang.Class java.lang.Class.forName(java.lang.String, boolean, java.lang.ClassLoader) (Class.java:453)
02-01 14:05:33.056  4344  4344 I zygote64:   at java.lang.Class android.webkit.WebViewFactory.getWebViewProviderClass(java.lang.ClassLoader) (WebViewFactory.java:151)
02-01 14:05:33.056  4344  4344 I zygote64:   at java.lang.Class android.webkit.WebViewFactory.getProviderClass() (WebViewFactory.java:418)
02-01 14:05:33.056  4344  4344 I zygote64:   at android.webkit.WebViewFactoryProvider android.webkit.WebViewFactory.getProvider() (WebViewFactory.java:212)
02-01 14:05:33.056  4344  4344 I zygote64:   at java.lang.String android.webkit.WebSettings.getDefaultUserAgent(android.content.Context) (WebSettings.java:1259)
02-01 14:05:33.056  4344  4344 I zygote64:   at java.lang.Object com.google.android.gms.ads.internal.util.br.call() (:com.google.android.gms.policy_ads_fdr_dynamite@224400003@224400003000.484457631.484457631:6)
02-01 14:05:33.056  4344  4344 I zygote64:   at java.lang.Object com.google.android.gms.ads.internal.util.bq.a(android.content.Context, java.util.concurrent.Callable) (:com.google.android.gms.policy_ads_fdr_dynamite@224400003@224400003000.484457631.484457631:4)
02-01 14:05:33.056  4344  4344 I zygote64:   at java.lang.String com.google.android.gms.ads.internal.util.q.c(android.content.Context, java.lang.String) (:com.google.android.gms.policy_ads_fdr_dynamite@224400003@224400003000.484457631.484457631:6)
02-01 14:05:33.056  4344  4344 I zygote64:   at void com.google.android.gms.ads.internal.state.h.e(android.content.Context, com.google.android.gms.ads.internal.util.client.s) (:com.google.android.gms.policy_ads_fdr_dynamite@224400003@224400003000.484457631.484457631:12)
02-01 14:05:33.056  4344  4344 I zygote64:   at com.google.android.gms.ads.nonagon.a com.google.android.gms.ads.nonagon.a.q(android.content.Context, com.google.android.gms.ads.internal.mediation.client.d, int, int, com.google.android.gms.ads.internal.j) (:com.google.android.gms.policy_ads_fdr_dynamite@224400003@224400003000.484457631.484457631:11)
02-01 14:05:33.056  4344  4344 I zygote64:   at com.google.android.gms.ads.nonagon.a com.google.android.gms.ads.nonagon.a.b(com.google.android.gms.ads.internal.util.client.s, com.google.android.gms.ads.internal.mediation.client.d, android.content.Context, com.google.android.gms.ads.internal.j) (:com.google.android.gms.policy_ads_fdr_dynamite@224400003@224400003000.484457631.484457631:0)
02-01 14:05:33.056  4344  4344 I zygote64:   at void com.google.android.gms.ads.nonagon.shim.ab.<init>(android.content.Context, com.google.android.gms.ads.internal.util.client.s, com.google.android.gms.ads.internal.client.o, java.lang.String, com.google.android.gms.ads.internal.mediation.client.d, com.google.android.gms.ads.internal.j, int) (:com.google.android.gms.policy_ads_fdr_dynamite@224400003@224400003000.484457631.484457631:3)
02-01 14:05:33.056  4344  4344 I zygote64:   at android.os.IBinder com.google.android.gms.ads.ChimeraAdManagerCreatorImpl.newAdManagerByType(apt, com.google.android.gms.ads.internal.client.o, java.lang.String, com.google.android.gms.ads.internal.mediation.client.d, int, int) (:com.google.android.gms.policy_ads_fdr_dynamite@224400003@224400003000.484457631.484457631:11)
02-01 14:05:33.056  4344  4344 I zygote64:   at boolean com.google.android.gms.ads.internal.client.bi.bQ(int, android.os.Parcel, android.os.Parcel) (:com.google.android.gms.policy_ads_fdr_dynamite@224400003@224400003000.484457631.484457631:7)
02-01 14:05:33.056  4344  4344 I zygote64:   at boolean afu.onTransact(int, android.os.Parcel, android.os.Parcel, int) (:com.google.android.gms.policy_ads_fdr_dynamite@224400003@224400003000.484457631.484457631:4)
02-01 14:05:33.056  4344  4344 I zygote64:   at boolean android.os.Binder.transact(int, android.os.Parcel, android.os.Parcel, int) (Binder.java:605)
02-01 14:05:33.056  4344  4344 I zygote64:   at android.os.Parcel ghl.er(int, android.os.Parcel) (:com.google.android.gms@224814021@22.48.14 (040408-493411920):2)
02-01 14:05:33.056  4344  4344 I zygote64:   at android.os.IBinder com.google.android.gms.ads.internal.client.ao.newAdManagerByType(afvs, com.google.android.gms.ads.internal.client.AdSizeParcel, java.lang.String, com.google.android.gms.ads.internal.mediation.client.d, int, int) (:com.google.android.gms@224814021@22.48.14 (040408-493411920):0)
02-01 14:05:33.056  4344  4344 I zygote64:   at android.os.IBinder com.google.android.gms.ads.AdManagerCreatorImpl.newAdManagerByType(afvs, com.google.android.gms.ads.internal.client.AdSizeParcel, java.lang.String, com.google.android.gms.ads.internal.mediation.client.d, int, int) (:com.google.android.gms@224814021@22.48.14 (040408-493411920):6)
02-01 14:05:33.056  4344  4344 I zygote64:   at boolean com.google.android.gms.ads.internal.client.ap.ep(int, android.os.Parcel, android.os.Parcel) (:com.google.android.gms@224814021@22.48.14 (040408-493411920):5)
02-01 14:05:33.056  4344  4344 I zygote64:   at boolean ghm.onTransact(int, android.os.Parcel, android.os.Parcel, int) (:com.google.android.gms@224814021@22.48.14 (040408-493411920):12)
02-01 14:05:33.056  4344  4344 I zygote64:   at boolean android.os.Binder.transact(int, android.os.Parcel, android.os.Parcel, int) (Binder.java:605)
02-01 14:05:33.056  4344  4344 I zygote64:   at android.os.Parcel com.google.android.gms.dynamic.bln.a(int, android.os.Parcel) ((null):-1)
02-01 14:05:33.056  4344  4344 I zygote64:   at android.os.IBinder com.google.android.gms.dynamic.bwv.a(com.google.android.gms.dynamic.ajs, com.google.android.gms.dynamic.bvp, java.lang.String, com.google.android.gms.dynamic.chb, int) ((null):-1)
02-01 14:05:33.056  4344  4344 I zygote64:   at com.google.android.gms.dynamic.bwr com.google.android.gms.dynamic.bvk.a(android.content.Context, com.google.android.gms.dynamic.bvp, java.lang.String, com.google.android.gms.dynamic.chb, int) ((null):-1)
02-01 14:05:33.056  4344  4344 I zygote64:   at java.lang.Object com.google.android.gms.dynamic.bvw.a() ((null):-1)
02-01 14:05:33.056  4344  4344 I zygote64:   at java.lang.Object com.google.android.gms.dynamic.bvt$a.c() ((null):-1)
02-01 14:05:33.056  4344  4344 I zygote64:   at java.lang.Object com.google.android.gms.dynamic.bvt.a(android.content.Context, boolean, com.google.android.gms.dynamic.bvt$a) ((null):-1)
02-01 14:05:33.056  4344  4344 I zygote64:   at void com.google.android.gms.dynamic.yw.a(com.google.android.gms.dynamic.ys) ((null):-1)
02-01 14:05:33.056  4344  4344 I zygote64:   at void com.google.android.gms.dynamic.cqz.a() ((null):-1)
02-01 14:05:33.056  4344  4344 I zygote64:   at void com.oneUI.vietbm.peopledge.control.MyApplication.onCreate() ((null):-1)
02-01 14:05:33.056  4344  4344 I zygote64:   at void android.app.Instrumentation.callApplicationOnCreate(android.app.Application) (Instrumentation.java:1122)
02-01 14:05:33.056  4344  4344 I zygote64:   at void android.app.ActivityThread.handleBindApplication(android.app.ActivityThread$AppBindData) (ActivityThread.java:6619)
02-01 14:05:33.056  4344  4344 I zygote64:   at void android.app.ActivityThread.-wrap2(android.app.ActivityThread, android.app.ActivityThread$AppBindData) (ActivityThread.java:-1)
02-01 14:05:33.056  4344  4344 I zygote64:   at void android.app.ActivityThread$H.handleMessage(android.os.Message) (ActivityThread.java:2066)
02-01 14:05:33.056  4344  4344 I zygote64:   at void android.os.Handler.dispatchMessage(android.os.Message) (Handler.java:108)
02-01 14:05:33.056  4344  4344 I zygote64:   at void android.os.Looper.loop() (Looper.java:166)
02-01 14:05:33.056  4344  4344 I zygote64:   at void android.app.ActivityThread.main(java.lang.String[]) (ActivityThread.java:7529)
02-01 14:05:33.056  4344  4344 I zygote64:   at java.lang.Object java.lang.reflect.Method.invoke(java.lang.Object, java.lang.Object[]) (Method.java:-2)
02-01 14:05:33.056  4344  4344 I zygote64:   at void com.android.internal.os.Zygote$MethodAndArgsCaller.run() (Zygote.java:245)
02-01 14:05:33.056  4344  4344 I zygote64:   at void com.android.internal.os.ZygoteInit.main(java.lang.String[]) (ZygoteInit.java:921)
02-01 14:05:33.056  4344  4344 I zygote64: Caused by: java.lang.ClassNotFoundException: Didn't find class "android.webkit.PacProcessor" on path: DexPathList[[zip file "/data/app/com.google.android.webview-xfZU1pAGJpXpa6ELIdMDPA==/base.apk"],nativeLibraryDirectories=[/data/app/com.google.android.webview-xfZU1pAGJpXpa6ELIdMDPA==/lib/arm64, /data/app/com.google.android.webview-xfZU1pAGJpXpa6ELIdMDPA==/base.apk!/lib/arm64-v8a, /system/lib64, /vendor/lib64, /product/lib64]]
02-01 14:05:33.056  4344  4344 I zygote64:   at java.lang.Class dalvik.system.BaseDexClassLoader.findClass(java.lang.String) (BaseDexClassLoader.java:93)
02-01 14:05:33.056  4344  4344 I zygote64:   at java.lang.Class java.lang.ClassLoader.loadClass(java.lang.String, boolean) (ClassLoader.java:379)
02-01 14:05:33.056  4344  4344 I zygote64:   at java.lang.Class java.lang.ClassLoader.loadClass(java.lang.String) (ClassLoader.java:312)
02-01 14:05:33.056  4344  4344 I zygote64:   at java.lang.Class java.lang.Class.classForName(java.lang.String, boolean, java.lang.ClassLoader) (Class.java:-2)
02-01 14:05:33.056  4344  4344 I zygote64:   at java.lang.Class java.lang.Class.forName(java.lang.String, boolean, java.lang.ClassLoader) (Class.java:453)
02-01 14:05:33.056  4344  4344 I zygote64:   at java.lang.Class android.webkit.WebViewFactory.getWebViewProviderClass(java.lang.ClassLoader) (WebViewFactory.java:151)
02-01 14:05:33.056  4344  4344 I zygote64:   at java.lang.Class android.webkit.WebViewFactory.getProviderClass() (WebViewFactory.java:418)
02-01 14:05:33.056  4344  4344 I zygote64:   at android.webkit.WebViewFactoryProvider android.webkit.WebViewFactory.getProvider() (WebViewFactory.java:212)
02-01 14:05:33.056  4344  4344 I zygote64:   at java.lang.String android.webkit.WebSettings.getDefaultUserAgent(android.content.Context) (WebSettings.java:1259)
02-01 14:05:33.056  4344  4344 I zygote64:   at java.lang.Object com.google.android.gms.ads.internal.util.br.call() (:com.google.android.gms.policy_ads_fdr_dynamite@224400003@224400003000.484457631.484457631:6)
02-01 14:05:33.056  4344  4344 I zygote64:   at java.lang.Object com.google.android.gms.ads.internal.util.bq.a(android.content.Context, java.util.concurrent.Callable) (:com.google.android.gms.policy_ads_fdr_dynamite@224400003@224400003000.484457631.484457631:4)
02-01 14:05:33.056  4344  4344 I zygote64:   at java.lang.String com.google.android.gms.ads.internal.util.q.c(android.content.Context, java.lang.String) (:com.google.android.gms.policy_ads_fdr_dynamite@224400003@224400003000.484457631.484457631:6)
02-01 14:05:33.056  4344  4344 I zygote64:   at void com.google.android.gms.ads.internal.state.h.e(android.content.Context, com.google.android.gms.ads.internal.util.client.s) (:com.google.android.gms.policy_ads_fdr_dynamite@224400003@224400003000.484457631.484457631:12)
02-01 14:05:33.056  4344  4344 I zygote64:   at com.google.android.gms.ads.nonagon.a com.google.android.gms.ads.nonagon.a.q(android.content.Context, com.google.android.gms.ads.internal.mediation.client.d, int, int, com.google.android.gms.ads.internal.j) (:com.google.android.gms.policy_ads_fdr_dynamite@224400003@224400003000.484457631.484457631:11)
02-01 14:05:33.056  4344  4344 I zygote64:   at com.google.android.gms.ads.nonagon.a com.google.android.gms.ads.nonagon.a.b(com.google.android.gms.ads.internal.util.client.s, com.google.android.gms.ads.internal.mediation.client.d, android.content.Context, com.google.android.gms.ads.internal.j) (:com.google.android.gms.policy_ads_fdr_dynamite@224400003@224400003000.484457631.484457631:0)
02-01 14:05:33.056  4344  4344 I zygote64:   at void com.google.android.gms.ads.nonagon.shim.ab.<init>(android.content.Context, com.google.android.gms.ads.internal.util.client.s, com.google.android.gms.ads.internal.client.o, java.lang.String, com.google.android.gms.ads.internal.mediation.client.d, com.google.android.gms.ads.internal.j, int) (:com.google.android.gms.policy_ads_fdr_dynamite@224400003@224400003000.484457631.484457631:3)
02-01 14:05:33.056  4344  4344 I zygote64:   at android.os.IBinder com.google.android.gms.ads.ChimeraAdManagerCreatorImpl.newAdManagerByType(apt, com.google.android.gms.ads.internal.client.o, java.lang.String, com.google.android.gms.ads.internal.mediation.client.d, int, int) (:com.google.android.gms.policy_ads_fdr_dynamite@224400003@224400003000.484457631.484457631:11)
02-01 14:05:33.056  4344  4344 I zygote64:   at boolean com.google.android.gms.ads.internal.client.bi.bQ(int, android.os.Parcel, android.os.Parcel) (:com.google.android.gms.policy_ads_fdr_dynamite@224400003@224400003000.484457631.484457631:7)
02-01 14:05:33.056  4344  4344 I zygote64:   at boolean afu.onTransact(int, android.os.Parcel, android.os.Parcel, int) (:com.google.android.gms.policy_ads_fdr_dynamite@224400003@224400003000.484457631.484457631:4)
02-01 14:05:33.056  4344  4344 I zygote64:   at boolean android.os.Binder.transact(int, android.os.Parcel, android.os.Parcel, int) (Binder.java:605)
02-01 14:05:33.056  4344  4344 I zygote64:   at android.os.Parcel ghl.er(int, android.os.Parcel) (:com.google.android.gms@224814021@22.48.14 (040408-493411920):2)
02-01 14:05:33.056  4344  4344 I zygote64:   at android.os.IBinder com.google.android.gms.ads.internal.client.ao.newAdManagerByType(afvs, com.google.android.gms.ads.internal.client.AdSizeParcel, java.lang.String, com.google.android.gms.ads.internal.mediation.client.d, int, int) (:com.google.android.gms@224814021@22.48.14 (040408-493411920):0)
02-01 14:05:33.056  4344  4344 I zygote64:   at android.os.IBinder com.google.android.gms.ads.AdManagerCreatorImpl.newAdManagerByType(afvs, com.google.android.gms.ads.internal.client.AdSizeParcel, java.lang.String, com.google.android.gms.ads.internal.mediation.client.d, int, int) (:com.google.android.gms@224814021@22.48.14 (040408-493411920):6)
02-01 14:05:33.056  4344  4344 I zygote64:   at boolean com.google.android.gms.ads.internal.client.ap.ep(int, android.os.Parcel, android.os.Parcel) (:com.google.android.gms@224814021@22.48.14 (040408-493411920):5)
02-01 14:05:33.056  4344  4344 I zygote64:   at boolean ghm.onTransact(int, android.os.Parcel, android.os.Parcel, int) (:com.google.android.gms@224814021@22.48.14 (040408-493411920):12)
02-01 14:05:33.056  4344  4344 I zygote64:   at boolean android.os.Binder.transact(int, android.os.Parcel, android.os.Parcel, int) (Binder.java:605)
02-01 14:05:33.056  4344  4344 I zygote64:   at android.os.Parcel com.google.android.gms.dynamic.bln.a(int, android.os.Parcel) ((null):-1)
02-01 14:05:33.056  4344  4344 I zygote64:   at android.os.IBinder com.google.android.gms.dynamic.bwv.a(com.google.android.gms.dynamic.ajs, com.google.android.gms.dynamic.bvp, java.lang.String, com.google.android.gms.dynamic.chb, int) ((null):-1)
02-01 14:05:33.056  4344  4344 I zygote64:   at com.google.android.gms.dynamic.bwr com.google.android.gms.dynamic.bvk.a(android.content.Context, com.google.android.gms.dynamic.bvp, java.lang.String, com.google.android.gms.dynamic.chb, int) ((null):-1)
02-01 14:05:33.056  4344  4344 I zygote64:   at java.lang.Object com.google.android.gms.dynamic.bvw.a() ((null):-1)
02-01 14:05:33.056  4344  4344 I zygote64:   at java.lang.Object com.google.android.gms.dynamic.bvt$a.c() ((null):-1)
02-01 14:05:33.056  4344  4344 I zygote64:   at java.lang.Object com.google.android.gms.dynamic.bvt.a(android.content.Context, boolean, com.google.android.gms.dynamic.bvt$a) ((null):-1)
02-01 14:05:33.056  4344  4344 I zygote64:   at void com.google.android.gms.dynamic.yw.a(com.google.android.gms.dynamic.ys) ((null):-1)
02-01 14:05:33.056  4344  4344 I zygote64:   at void com.google.android.gms.dynamic.cqz.a() ((null):-1)
02-01 14:05:33.056  4344  4344 I zygote64:   at void com.oneUI.vietbm.peopledge.control.MyApplication.onCreate() ((null):-1)
02-01 14:05:33.056  4344  4344 I zygote64:   at void android.app.Instrumentation.callApplicationOnCreate(android.app.Application) (Instrumentation.java:1122)
02-01 14:05:33.056  4344  4344 I zygote64:   at void android.app.ActivityThread.handleBindApplication(android.app.ActivityThread$AppBindData) (ActivityThread.java:6619)
02-01 14:05:33.056  4344  4344 I zygote64:   at void android.app.ActivityThread.-wrap2(android.app.ActivityThread, android.app.ActivityThread$AppBindData) (ActivityThread.java:-1)
02-01 14:05:33.056  4344  4344 I zygote64:   at void android.app.ActivityThread$H.handleMessage(android.os.Message) (ActivityThread.java:2066)
02-01 14:05:33.056  4344  4344 I zygote64:   at void android.os.Handler.dispatchMessage(android.os.Message) (Handler.java:108)
02-01 14:05:33.056  4344  4344 I zygote64:   at void android.os.Looper.loop() (Looper.java:166)
02-01 14:05:33.056  4344  4344 I zygote64:   at void android.app.ActivityThread.main(java.lang.String[]) (ActivityThread.java:7529)
02-01 14:05:33.056  4344  4344 I zygote64:   at java.lang.Object java.lang.reflect.Method.invoke(java.lang.Object, java.lang.Object[]) (Method.java:-2)
02-01 14:05:33.056  4344  4344 I zygote64:   at void com.android.internal.os.Zygote$MethodAndArgsCaller.run() (Zygote.java:245)
02-01 14:05:33.056  4344  4344 I zygote64:   at void com.android.internal.os.ZygoteInit.main(java.lang.String[]) (ZygoteInit.java:921)
02-01 14:05:33.056  4344  4344 I zygote64:
02-01 14:05:33.070  2142  4433 D WorkSource: Insert in WorkSource{} @ 0 uid 10019 name com.google.android.gms
02-01 14:05:33.070  2142  4433 I AlarmManager: set [name: SystemMemoryCache type: 2 triggerAtMillis: 315360045700 windowMillis: -1 intervalMillis: 0]
02-01 14:05:33.071  1257  1814 W HwAlarmManagerService: isContainsAppUidInWorksource-->happend NameNotFoundException
02-01 14:05:33.072  4344  4344 I cr_WVCFactoryProvider: Loaded version=108.0.5359.128 minSdkVersion=24 isBundle=true multiprocess=true packageId=3
02-01 14:05:33.088  4344  4344 I HwApiCacheMangerEx: apicache pi PackageInfo{b8851be com.oneUI.vietbm.peopledge}
02-01 14:05:33.092  2625  2921 D TransportRuntime.JobInfoScheduler: Scheduling upload for context TransportContext(cct, HIGHEST, MSRodHRwczovL2NyYXNobHl0aWNzcmVwb3J0cy1wYS5nb29nbGVhcGlzLmNvbS92MS9maXJlbG9nL2xlZ2FjeS9iYXRjaGxvZ1xBSXphU3lCcnBTWVQ0RkZMMDlyZUhKaTZIOUZZZGVpU25VVE92Mk0=) with jobId=-1894895296 in 10905ms(Backend next call timestamp 1675242332882). Attempt 3
02-01 14:05:33.093  1257  3099 D JobServiceContext: Scheduling time out for 'com.google.android.datatransport.runtime.scheduling.jobscheduling.JobInfoSchedulerService' jId: -1894895296, in 8 s
02-01 14:05:33.094  2142  2148 I zygote64: Do partial code cache collection, code=39KB, data=34KB
02-01 14:05:33.095  4344  4344 I cr_LibraryLoader: Successfully loaded native library
02-01 14:05:33.095  1257  3099 W HwAlarmManagerService: isContainsAppUidInWorksource-->happend NameNotFoundException
02-01 14:05:33.096  4344  4344 I cr_CachingUmaRecorder: Flushed 8 samples from 8 histograms.
02-01 14:05:33.097  1257  3099 D SmartHeartBeat: isPendingPackage, false, pkg:com.arlosoft.macrodroid, action:null,not pending alarm with AlarmClockInfo
02-01 14:05:33.097  2142  2148 I zygote64: After code cache collection, code=10KB, data=15KB
02-01 14:05:33.097  2142  2148 I zygote64: Increasing code cache capacity to 256KB
02-01 14:05:33.098  1257  3099 D SmartHeartBeat: isPendingPackage, false, pkg:com.google.android.deskclock, action:com.android.deskclock.action.UPDATE_ALARM_INSTANCES,not pending alarm with AlarmClockInfo
02-01 14:05:33.099  1257  3099 I HwAlarmManagerService: hwSetAlarm listenerTag: *job.delay*
02-01 14:05:33.099  1257  3099 I JobScheduler.Time: mNextDelayExpiredElapsedMillis: 56628
02-01 14:05:33.100  1257  1814 D JobServiceContext: doCallback of : JobStatus{7f1ce7e #u0a199/-1894895296 com.treydev.volume/com.google.android.datatransport.runtime.scheduling.jobscheduling.JobInfoSchedulerService u=0 s=10199 TIME=-2s320ms:none NET=1 READY} v:VERB_STOPPING
02-01 14:05:33.100  1257  1273 I SyncManager: SyncJobService->callJobFinished: remove job to map, jobid:104347
02-01 14:05:33.101  2142  2148 I zygote64: Compiler allocated 10MB to compile void zsr.f(android.content.Context)
02-01 14:05:33.104  1257  1257 D JobServiceContext: doCallback of : JobStatus{faded39 #1000/104347 com.google.android.gms.fitness/com.google:android u=0 s=10019 NET=1 PERSISTED READY} v:VERB_EXECUTING
02-01 14:05:33.110  1257  1257 D JobServiceContext: Scheduling time out for 'com.android.server.content.SyncJobService' jId: 106198, in 18 s
02-01 14:05:33.111  1257  1257 D JobServiceContext: Scheduling time out for 'com.android.server.content.SyncJobService' jId: 101890, in 18 s
02-01 14:05:33.112  1257  3099 D JobServiceContext: Stale callback received, ignoring.
02-01 14:05:33.114  1257  1257 W ProcBatteryStats: timer is running , not start, name: , uid: 10019, tag: *job*/com.google.android.gms.people/com.google:android
02-01 14:05:33.114  1257  1257 D JobServiceContext: handleServiceBound for c98018 #1000/106198 com.google.android.gms.people/com.google:android
02-01 14:05:33.114  1257  1257 D JobServiceContext: Scheduling time out for 'com.android.server.content.SyncJobService' jId: 106198, in 8 s
02-01 14:05:33.115  1257  1257 D JobServiceContext: handleServiceBound for 5630a71 #1000/101890 com.google.android.gms.fitness/com.google:android
02-01 14:05:33.115  1257  1257 D JobServiceContext: Scheduling time out for 'com.android.server.content.SyncJobService' jId: 101890, in 8 s
02-01 14:05:33.115  1257  1257 I SyncManager: SyncJobService->onStartJob:put job to map, jobid:106198
02-01 14:05:33.115  1257  1257 D JobServiceContext: doCallback of : JobStatus{c98018 #1000/106198 com.google.android.gms.people/com.google:android u=0 s=10019 NET=1 PERSISTED READY} v:VERB_STARTING
02-01 14:05:33.115  1257  1257 D JobServiceContext: Scheduling time out for 'com.android.server.content.SyncJobService' jId: 106198, in 600 s
02-01 14:05:33.116  1257  1257 I SyncManager: SyncJobService->onStartJob:put job to map, jobid:101890
02-01 14:05:33.116  1257  1257 D JobServiceContext: doCallback of : JobStatus{5630a71 #1000/101890 com.google.android.gms.fitness/com.google:android u=0 s=10019 NET=1 PERSISTED READY} v:VERB_STARTING
02-01 14:05:33.116  1257  1257 D JobServiceContext: Scheduling time out for 'com.android.server.content.SyncJobService' jId: 101890, in 600 s
02-01 14:05:33.117   487  4465 W libc    : Set property "hw.wifi.dns_stat" to "27,0,238,1,2024"
02-01 14:05:33.124  1257  1273 I SyncManager: SyncJobService->callJobFinished: remove job to map, jobid:106198
02-01 14:05:33.125  1257  1273 D JobServiceContext: Scheduling time out for 'com.android.server.content.SyncJobService' jId: 106198, in 8 s
02-01 14:05:33.125  1257  1257 D JobServiceContext: doCallback of : JobStatus{c98018 #1000/106198 com.google.android.gms.people/com.google:android u=0 s=10019 NET=1 PERSISTED READY} v:VERB_STOPPING
02-01 14:05:33.128  4409  4409 I HwApiCacheMangerEx: apicache oUid 10267
02-01 14:05:33.129  4409  4409 I HwApiCacheMangerEx: apicache volumes [Landroid.os.storage.StorageVolume;@2975079
02-01 14:05:33.131  2651  2756 W ResourceType: ResTable_typeSpec entry count inconsistent: given 63, previously 82
02-01 14:05:33.132  2651  2756 W ResourceType: ResTable_typeSpec entry count inconsistent: given 886, previously 2426
02-01 14:05:33.132  2651  2756 W ResourceType: ResTable_typeSpec entry count inconsistent: given 1842, previously 1848
02-01 14:05:33.132  2651  2756 W ResourceType: ResTable_typeSpec entry count inconsistent: given 365, previously 2777
02-01 14:05:33.133  1257  1257 I SyncManager: SyncJobService->onStopJob: remove job to map, jobid:106198
02-01 14:05:33.133  1257  1257 D JobServiceContext: Stale callback received, ignoring.
02-01 14:05:33.133  1257  1257 D JobServiceContext: Scheduling time out for 'com.android.server.content.SyncJobService' jId: 101572, in 18 s
02-01 14:05:33.136  1257  1257 W ProcBatteryStats: timer is running , not start, name: , uid: 10019, tag: *job*/com.google.android.gms.drive.sync/com.google:android
02-01 14:05:33.136  1257  1257 D JobServiceContext: handleServiceBound for cc01056 #1000/101572 com.google.android.gms.drive.sync/com.google:android
02-01 14:05:33.136  1257  1257 D JobServiceContext: Scheduling time out for 'com.android.server.content.SyncJobService' jId: 101572, in 8 s
02-01 14:05:33.136  1257  1257 I SyncManager: SyncJobService->onStartJob:put job to map, jobid:101572
02-01 14:05:33.137  1257  1257 D JobServiceContext: doCallback of : JobStatus{cc01056 #1000/101572 com.google.android.gms.drive.sync/com.google:android u=0 s=10019 NET=1 PERSISTED READY} v:VERB_STARTING
02-01 14:05:33.137  1257  1257 D JobServiceContext: Scheduling time out for 'com.android.server.content.SyncJobService' jId: 101572, in 600 s
02-01 14:05:33.139  1257  1273 W HwAlarmManagerService: isContainsAppUidInWorksource-->happend NameNotFoundException
02-01 14:05:33.139  1257  1273 W HwAlarmManagerService: isContainsAppUidInWorksource-->happend NameNotFoundException
02-01 14:05:33.141  1257  1273 D SmartHeartBeat: isPendingPackage, false, pkg:com.arlosoft.macrodroid, action:null,not pending alarm with AlarmClockInfo
02-01 14:05:33.141  1257  1273 D SmartHeartBeat: isPendingPackage, false, pkg:com.arlosoft.macrodroid, action:null,not pending alarm with AlarmClockInfo
02-01 14:05:33.142  1257  1273 D SmartHeartBeat: isPendingPackage, false, pkg:com.google.android.deskclock, action:com.android.deskclock.action.UPDATE_ALARM_INSTANCES,not pending alarm with AlarmClockInfo
02-01 14:05:33.143  1257  1273 I HwAlarmManagerService: hwSetAlarm listenerTag: *job.delay*
02-01 14:05:33.143  1257  1273 I JobScheduler.Time: mNextDelayExpiredElapsedMillis: 55768
02-01 14:05:33.148  1257  1273 I SyncManager: dispatchSyncOperation:we are going to sync JobId: 101890, XXXXXXXXX u0 (com.google), com.google.android.gms.fitness, POLL, reason: UserStart
02-01 14:05:33.160  1257  1273 I SyncManager: SyncJobService->callJobFinished: remove job to map, jobid:101572
02-01 14:05:33.161  1257  1273 D JobServiceContext: Scheduling time out for 'com.android.server.content.SyncJobService' jId: 101572, in 8 s
02-01 14:05:33.161  1257  1257 D JobServiceContext: doCallback of : JobStatus{cc01056 #1000/101572 com.google.android.gms.drive.sync/com.google:android u=0 s=10019 NET=1 PERSISTED READY} v:VERB_STOPPING
02-01 14:05:33.164  1257  1257 I SyncManager: SyncJobService->onStopJob: remove job to map, jobid:101572
02-01 14:05:33.164  1257  1257 D JobServiceContext: Stale callback received, ignoring.
02-01 14:05:33.165  1257  1257 D JobServiceContext: Scheduling time out for 'com.android.server.content.SyncJobService' jId: 106277, in 18 s
02-01 14:05:33.166  1257  1273 I SyncManager: run startSync:JobId: 101890, XXXXXXXXX u0 (com.google), com.google.android.gms.fitness, POLL, reason: UserStart
02-01 14:05:33.167  1257  1257 D JobServiceContext: handleServiceBound for b4558d7 #1000/106277 com.google.android.gms.people/com.google:android
02-01 14:05:33.167  1257  1257 D JobServiceContext: Scheduling time out for 'com.android.server.content.SyncJobService' jId: 106277, in 8 s
02-01 14:05:33.167  1257  1257 I SyncManager: SyncJobService->onStartJob:put job to map, jobid:106277
02-01 14:05:33.167  1257  1257 D JobServiceContext: doCallback of : JobStatus{b4558d7 #1000/106277 com.google.android.gms.people/com.google:android u=0 s=10019 NET=1 PERSISTED READY} v:VERB_STARTING
02-01 14:05:33.167  1257  1257 D JobServiceContext: Scheduling time out for 'com.android.server.content.SyncJobService' jId: 106277, in 600 s
02-01 14:05:33.170  1257  1273 I SyncManager: SyncJobService->callJobFinished: remove job to map, jobid:106277
02-01 14:05:33.170  1257  1273 D JobServiceContext: Scheduling time out for 'com.android.server.content.SyncJobService' jId: 106277, in 8 s
02-01 14:05:33.170  1257  1257 D JobServiceContext: doCallback of : JobStatus{b4558d7 #1000/106277 com.google.android.gms.people/com.google:android u=0 s=10019 NET=1 PERSISTED READY} v:VERB_STOPPING
02-01 14:05:33.173  1257  1273 I SyncManager: SyncJobService->callJobFinished: remove job to map, jobid:101890
02-01 14:05:33.174  1257  1257 I SyncManager: SyncJobService->onStopJob: remove job to map, jobid:106277
02-01 14:05:33.174  1257  1257 D JobServiceContext: Stale callback received, ignoring.
02-01 14:05:33.174  1257  1257 D JobServiceContext: doCallback of : JobStatus{5630a71 #1000/101890 com.google.android.gms.fitness/com.google:android u=0 s=10019 NET=1 PERSISTED READY} v:VERB_EXECUTING
02-01 14:05:33.181  1257  1257 D JobServiceContext: Scheduling time out for 'com.android.server.content.SyncJobService' jId: 109750, in 18 s
02-01 14:05:33.182  1257  1257 D JobServiceContext: Scheduling time out for 'com.android.server.content.SyncJobService' jId: 109003, in 18 s
02-01 14:05:33.184  1257  1257 D JobServiceContext: handleServiceBound for ccdcad #1000/109750 com.google.android.gms.drive.sync/com.google:android
02-01 14:05:33.185  1257  1257 D JobServiceContext: Scheduling time out for 'com.android.server.content.SyncJobService' jId: 109750, in 8 s
02-01 14:05:33.185  1257  1257 D JobServiceContext: handleServiceBound for bec4db5 #1000/109003 com.google.android.gms.fitness/com.google:android
02-01 14:05:33.186  1257  1257 D JobServiceContext: Scheduling time out for 'com.android.server.content.SyncJobService' jId: 109003, in 8 s
02-01 14:05:33.186  1257  1257 I SyncManager: SyncJobService->onStartJob:put job to map, jobid:109750
02-01 14:05:33.186  1257  1257 D JobServiceContext: doCallback of : JobStatus{ccdcad #1000/109750 com.google.android.gms.drive.sync/com.google:android u=0 s=10019 NET=1 PERSISTED READY} v:VERB_STARTING
02-01 14:05:33.186  1257  1257 D JobServiceContext: Scheduling time out for 'com.android.server.content.SyncJobService' jId: 109750, in 600 s
02-01 14:05:33.186  1257  1257 I SyncManager: SyncJobService->onStartJob:put job to map, jobid:109003
02-01 14:05:33.186  1257  1257 D JobServiceContext: doCallback of : JobStatus{bec4db5 #1000/109003 com.google.android.gms.fitness/com.google:android u=0 s=10019 NET=1 PERSISTED READY} v:VERB_STARTING
02-01 14:05:33.186  1257  1257 D JobServiceContext: Scheduling time out for 'com.android.server.content.SyncJobService' jId: 109003, in 600 s
02-01 14:05:33.187  4409  4409 W TrackerControl.JNI: raised file limit from 1024 to 1324
02-01 14:05:33.188  4409  4409 I HwApiCacheMangerEx: apicache pi PackageInfo{6a1813b net.kollnig.missioncontrol}
02-01 14:05:33.188  4409  4409 I HwApiCacheMangerEx: apicache pi PackageInfo{6a1813b net.kollnig.missioncontrol}
02-01 14:05:33.188  4409  4409 I TrackerControl.App: Create version=2022.10.25/2022102501
02-01 14:05:33.189  1257  1273 I SyncManager: SyncJobService->callJobFinished: remove job to map, jobid:109750
02-01 14:05:33.190  1257  1273 D JobServiceContext: Scheduling time out for 'com.android.server.content.SyncJobService' jId: 109750, in 8 s
02-01 14:05:33.190  1257  1257 D JobServiceContext: doCallback of : JobStatus{ccdcad #1000/109750 com.google.android.gms.drive.sync/com.google:android u=0 s=10019 NET=1 PERSISTED READY} v:VERB_STOPPING
02-01 14:05:33.193  1257  1257 I SyncManager: SyncJobService->onStopJob: remove job to map, jobid:109750
02-01 14:05:33.193  1257  1257 D JobServiceContext: Stale callback received, ignoring.
02-01 14:05:33.194  1257  1257 D JobServiceContext: Scheduling time out for '.push.RegistrationIntentService' jId: 4, in 18 s
02-01 14:05:33.195  1257  1273 I SyncManager: dispatchSyncOperation:we are going to sync JobId: 109003, XXXXXXXXX u0 (com.google), com.google.android.gms.fitness, POLL, reason: AccountsUpdated
02-01 14:05:33.197  4409  4425 E MemoryLeakMonitorManager: MemoryLeakMonitor.jar is not exist!
02-01 14:05:33.202  4409  4409 I TrackerControl.Receiver: Received Intent { act=android.intent.action.BOOT_COMPLETED flg=0x9000010 cmp=net.kollnig.missioncontrol/eu.faircode.netguard.ReceiverAutostart (has extras) }
02-01 14:05:33.202  4409  4409 D TrackerControl.Util: android.intent.extra.user_handle=0 (Integer)
02-01 14:05:33.206  4409  4409 I HwApiCacheMangerEx: apicache pi PackageInfo{6a1813b net.kollnig.missioncontrol}
02-01 14:05:33.211  1257  1257 D JobServiceContext: handleServiceBound for e857e6d #u0a143/4 com.whatsapp/.push.RegistrationIntentService
02-01 14:05:33.211  1257  1257 D JobServiceContext: Scheduling time out for '.push.RegistrationIntentService' jId: 4, in 8 s
02-01 14:05:33.215  1257  3587 D JobServiceContext: doCallback of : JobStatus{e857e6d #u0a143/4 com.whatsapp/.push.RegistrationIntentService u=0 s=10143 TIME=none:-60ms READY} v:VERB_STARTING
02-01 14:05:33.216  1257  3587 D JobServiceContext: Scheduling time out for '.push.RegistrationIntentService' jId: 4, in 600 s
02-01 14:05:33.217  1257  1273 I SyncManager: run startSync:JobId: 109003, XXXXXXXXX u0 (com.google), com.google.android.gms.fitness, POLL, reason: AccountsUpdated
02-01 14:05:33.222  1257  1273 I SyncManager: SyncJobService->callJobFinished: remove job to map, jobid:109003
02-01 14:05:33.223  1257  1257 D JobServiceContext: doCallback of : JobStatus{bec4db5 #1000/109003 com.google.android.gms.fitness/com.google:android u=0 s=10019 NET=1 PERSISTED READY} v:VERB_EXECUTING
02-01 14:05:33.243  4409  4409 I chatty  : uid=10267(u0_a267) net.kollnig.missioncontrol identical 1 line
02-01 14:05:33.243  4409  4409 I HwApiCacheMangerEx: apicache pi PackageInfo{6a1813b net.kollnig.missioncontrol}
02-01 14:05:33.243  4409  4409 I TrackerControl.VPN: Create version=2022.10.25/2022102501
02-01 14:05:33.250  1257  1422 D VoldConnector: SND -> {10 volume bootcompleted}
02-01 14:05:33.250  1257  1422 D VoldConnector: SND -> {10 volume bootcompleted}
02-01 14:05:33.251   448   458 D VoldCmdListener: volume bootcompleted
02-01 14:05:33.251   448   458 I         : receive bootcompleted and report_sd_error()  startup_notified=1 kMajorBlockSd=179 kMinorBlockSd=193.
02-01 14:05:33.251   448   458 I         : begin check_sd_lowspeed_spec when sd card mounted.
02-01 14:05:33.251   448   458 I         : file name: mmc1:1234
02-01 14:05:33.251   448   458 I         : mmc sys path: /sys/class/mmc_host/mmc1/mmc1:1234
02-01 14:05:33.251   448   458 I         : file name: mmc1:1234
02-01 14:05:33.251   448   458 I         : mmc sys path: /sys/class/mmc_host/mmc1/mmc1:1234
02-01 14:05:33.251   448   458 I         : sd state buffer is 0x00000005
02-01 14:05:33.251   448   458 I         : sd state is 5
02-01 14:05:33.251   448   458 I         : sd speed_class buffer is 0x00000002
02-01 14:05:33.251   448   458 I         : sd speed_class is 2
02-01 14:05:33.251   448   458 I         : sd uhs_card is 0
02-01 14:05:33.251   448   458 I         : this is not uhs_card,to check speed class continue.
02-01 14:05:33.251   448   458 I         : this is low speed class sdcard,need to report.
02-01 14:05:33.251   448   458 I         : report_sd_error() checkresult =0
02-01 14:05:33.251   448   458 E Vold    : report VolumeLowSpeedSpecSD into userspace msg=public:179:193 27
02-01 14:05:33.251   448   458 W SocketListener: sending broadcast to Pid = 1257, Uid = 1000
02-01 14:05:33.251   448   458 W SocketListener: sending broadcast to Pid = 1257, Uid = 1000
02-01 14:05:33.252  1257  1425 D VoldConnector: RCV <- {856 public:179:193 27}
02-01 14:05:33.253  1257  1283 D VoldConnector: RCV unsolicited event from native daemon, event = 856
02-01 14:05:33.254  1257  1425 D VoldConnector: RCV <- {200 10 Command succeeded}
02-01 14:05:33.255  1257  1257 D DataUploader: receive BOOT_COMPLETED action and begin upload data and set up timer
02-01 14:05:33.256  1257  1283 W HwSdLockService: receive event: 856
02-01 14:05:33.259  4409  4409 I TrackerControl.VPN: Created context=501328003136
02-01 14:05:33.260  4409  4409 W TrackerControl.JNI: PCAP disabled
02-01 14:05:33.261  1257  1257 D HwConnectivityService: mIntentReceiver begin
02-01 14:05:33.261  1257  1257 D HwConnectivityService: receive Intent.ACTION_BOOT_COMPLETED!
02-01 14:05:33.262  4409  4409 V HwWidgetFactory: : successes to get AllImpl object and return....
02-01 14:05:33.263  1257  1276 E NotificationManager: notifyAsUser: tag=null, id=40, user=UserHandle{0}
02-01 14:05:33.263  1257  1257 I GcmHeartBeatFixer: scheduleHeartbeatRequest, fromNetworkStateChange: false
02-01 14:05:33.263  1257  1257 I GcmHeartBeatFixer: currentTime: 1675242333263 elapsedTime:45894 t_elapsedTime:300000 triggerAtMillis:1675242587369 diff:254106
02-01 14:05:33.264  1257  1257 I GcmHeartBeatFixer: setNextHeartbeatRequest at: 2023-02-01 02:09:47
02-01 14:05:33.264  1257  1276 D HwNotificationManagerService: recognize: not in china
02-01 14:05:33.265  1257  1434 D HwWifiStatStore: handleMessage : 200
02-01 14:05:33.265  1257  1276 E NotificationService: Suppressing notification from package by user request.
02-01 14:05:33.265  1257  1257 D SmartHeartBeat: isPendingPackage, false, pkg:com.arlosoft.macrodroid, action:null,not pending alarm with AlarmClockInfo
02-01 14:05:33.266  1257  1257 D SmartHeartBeat: isPendingPackage, false, pkg:com.arlosoft.macrodroid, action:null,not pending alarm with AlarmClockInfo
02-01 14:05:33.266  1257  1257 D SmartHeartBeat: isPendingPackage, false, pkg:com.google.android.deskclock, action:com.android.deskclock.action.UPDATE_ALARM_INSTANCES,not pending alarm with AlarmClockInfo
02-01 14:05:33.269  1257  1276 D HwNotificationManagerService: recognize: not in china
02-01 14:05:33.275  4409  4409 I TrackerControl.VPN: Starting listening to network changes
02-01 14:05:33.276  1257  1257 I HwAudioService: Intent.ACTION_BOOT_COMPLETED rigsterForegroundAppTypeWithCallback ForeAppTypeListener
02-01 14:05:33.276  1257  1257 E HwAudioService: IAwareSdkService getService is null
02-01 14:05:33.277  4409  4409 I HwCust  : Constructor found for class android.net.HwCustConnectivityManagerImpl
02-01 14:05:33.277  4409  4409 D HwCust  : Create obj success use class android.net.HwCustConnectivityManagerImpl
02-01 14:05:33.280  1257  1257 D HwBastetService: BroadcastReceiver android.intent.action.BOOT_COMPLETED
02-01 14:05:33.281   677   797 D bastetd : [BastetReceiver ] broadcastReceived# ACTION_BOOT_COMPLETED
02-01 14:05:33.283   677   797 D bastetd : [BaseManager    ] getService# Get package service success
02-01 14:05:33.283  1257  4479 E HwBastetService: Communications to PG-server error
02-01 14:05:33.283  1257  4479 E HwBastetService: java.io.IOException: Connection refused
02-01 14:05:33.283  1257  4479 E HwBastetService:       at android.net.LocalSocketImpl.connectLocal(Native Method)
02-01 14:05:33.283  1257  4479 E HwBastetService:       at android.net.LocalSocketImpl.connect(LocalSocketImpl.java:300)
02-01 14:05:33.283  1257  4479 E HwBastetService:       at android.net.LocalSocket.connect(LocalSocket.java:145)
02-01 14:05:33.283  1257  4479 E HwBastetService:       at com.huawei.pgmng.PGPlug.listenToSocket(PGPlug.java:92)
02-01 14:05:33.283  1257  4479 E HwBastetService:       at com.huawei.pgmng.PGPlug.run(PGPlug.java:52)
02-01 14:05:33.283  1257  4479 E HwBastetService:       at java.lang.Thread.run(Thread.java:784)
02-01 14:05:33.283  4409  4409 W Settings: mValues not put! needsGenerationTracker: true currentGeneration: -1 name: hw_op_nw_default_sub_plmn value: null
02-01 14:05:33.284  1257  4479 E HwBastetService: Error in connect to PG, sleep 5s try again, retries =1
02-01 14:05:33.284  1257  4479 E HwBastetService: java.io.IOException: Connection refused
02-01 14:05:33.284  1257  4479 E HwBastetService:       at android.net.LocalSocketImpl.connectLocal(Native Method)
02-01 14:05:33.284  1257  4479 E HwBastetService:       at android.net.LocalSocketImpl.connect(LocalSocketImpl.java:300)
02-01 14:05:33.284  1257  4479 E HwBastetService:       at android.net.LocalSocket.connect(LocalSocket.java:145)
02-01 14:05:33.284  1257  4479 E HwBastetService:       at com.huawei.pgmng.PGPlug.listenToSocket(PGPlug.java:92)
02-01 14:05:33.284  1257  4479 E HwBastetService:       at com.huawei.pgmng.PGPlug.run(PGPlug.java:52)
02-01 14:05:33.284  1257  4479 E HwBastetService:       at java.lang.Thread.run(Thread.java:784)
02-01 14:05:33.284  1257  1257 D NotificationService: mGameDndStatus is:false ,isGameDndSwitchOn is:false
02-01 14:05:33.284   677   797 D bastetd : [BastetFastGrab ] BST_FG_onBootCompleted# 3GrabTag: uid: -1
02-01 14:05:33.285  1257  3587 D ConnectivityService: listenForNetwork for uid/pid:10267/4409 NetworkRequest [ LISTEN id=24, [ Capabilities: INTERNET&NOT_RESTRICTED&TRUSTED&NOT_VPN&VALIDATED&FOREGROUND] ]
02-01 14:05:33.286  1257  1448 D ConnectivityService: rematching NetworkAgentInfo [WIFI () - 100]
02-01 14:05:33.287  1257  1448 D ConnectivityService:  network has: [ Transports: WIFI Capabilities: NOT_METERED&INTERNET&NOT_RESTRICTED&TRUSTED&NOT_VPN&VALIDATED&FOREGROUND LinkUpBandwidth>=1048576Kbps LinkDnBandwidth>=1048576Kbps SignalStrength: -63]
02-01 14:05:33.287  1257  1448 D ConnectivityService: Network NetworkAgentInfo [WIFI () - 100] was already satisfying request 10. No change.
02-01 14:05:33.287  1257  1448 D ConnectivityService: Network NetworkAgentInfo [WIFI () - 100] was already satisfying request 11. No change.
02-01 14:05:33.287  1257  1448 D ConnectivityService: Network NetworkAgentInfo [WIFI () - 100] was already satisfying request 4. No change.
02-01 14:05:33.287  1257  1448 D ConnectivityService: Network NetworkAgentInfo [WIFI () - 100] was already satisfying request 17. No change.
02-01 14:05:33.287  1257  1448 D ConnectivityService: Network NetworkAgentInfo [WIFI () - 100] was already satisfying request 14. No change.
02-01 14:05:33.287  1257  1448 D ConnectivityService: Network NetworkAgentInfo [WIFI () - 100] was already satisfying request 15. No change.
