02-01 14:05:30.487  1257  1448 D ConnectivityService:  network has: [ Transports: WIFI Capabilities: NOT_METERED&INTERNET&NOT_RESTRICTED&TRUSTED&NOT_VPN&VALIDATED&FOREGROUND LinkUpBandwidth>=1048576Kbps LinkDnBandwidth>=1048576Kbps SignalStrength: -67]
02-01 14:05:30.487  1257  1448 D ConnectivityService: Network NetworkAgentInfo [WIFI () - 100] was already satisfying request 10. No change.
02-01 14:05:30.487  1257  1448 D ConnectivityService: Network NetworkAgentInfo [WIFI () - 100] was already satisfying request 11. No change.
02-01 14:05:30.487  1257  1448 D ConnectivityService: Network NetworkAgentInfo [WIFI () - 100] was already satisfying request 4. No change.
02-01 14:05:30.487  1257  1448 D ConnectivityService: Network NetworkAgentInfo [WIFI () - 100] was already satisfying request 17. No change.
02-01 14:05:30.487  1257  1448 D ConnectivityService: Network NetworkAgentInfo [WIFI () - 100] was already satisfying request 14. No change.
02-01 14:05:30.487  1257  1448 D ConnectivityService: Network NetworkAgentInfo [WIFI () - 100] was already satisfying request 15. No change.
02-01 14:05:30.487  1257  1448 D ConnectivityService: Network NetworkAgentInfo [WIFI () - 100] was already satisfying request 3. No change.
02-01 14:05:30.487  1257  1448 D ConnectivityService: Network NetworkAgentInfo [WIFI () - 100] was already satisfying request 9. No change.
02-01 14:05:30.488  1257  1448 D ConnectivityService: Network NetworkAgentInfo [WIFI () - 100] was already satisfying request 18. No change.
02-01 14:05:30.488  1257  1448 D ConnectivityService: Network NetworkAgentInfo [WIFI () - 100] was already satisfying request 1. No change.
02-01 14:05:30.484  2142  3961 I chatty  : uid=10019(u0_a19) GoogleLocationS identical 1 line
02-01 14:05:30.487  2142  3961 D WorkSource: Insert in WorkSource{} @ 0 uid 10019 name com.google.android.gms
02-01 14:05:30.491  3802  3808 I zygote64: Method exceeds compiler instruction limit: 34014 in java.lang.Object X.0vW.get()
02-01 14:05:30.506  1257  1563 D ConnectivityService: listenForNetwork for uid/pid:10019/2737 NetworkRequest [ LISTEN id=21, [ Transports: WIFI Capabilities: NOT_RESTRICTED&TRUSTED&NOT_VPN] ]
02-01 14:05:30.507  1257  1448 D ConnectivityService: rematching NetworkAgentInfo [WIFI () - 100]
02-01 14:05:30.507  1257  1448 D ConnectivityService:  network has: [ Transports: WIFI Capabilities: NOT_METERED&INTERNET&NOT_RESTRICTED&TRUSTED&NOT_VPN&VALIDATED&FOREGROUND LinkUpBandwidth>=1048576Kbps LinkDnBandwidth>=1048576Kbps SignalStrength: -67]
02-01 14:05:30.507  1257  1448 D ConnectivityService: Network NetworkAgentInfo [WIFI () - 100] was already satisfying request 10. No change.
02-01 14:05:30.507  1257  1448 D ConnectivityService: Network NetworkAgentInfo [WIFI () - 100] was already satisfying request 11. No change.
02-01 14:05:30.507  1257  1448 D ConnectivityService: Network NetworkAgentInfo [WIFI () - 100] was already satisfying request 4. No change.
02-01 14:05:30.507  1257  1448 D ConnectivityService: Network NetworkAgentInfo [WIFI () - 100] was already satisfying request 17. No change.
02-01 14:05:30.507  1257  1448 D ConnectivityService: Network NetworkAgentInfo [WIFI () - 100] was already satisfying request 14. No change.
02-01 14:05:30.507  1257  1448 D ConnectivityService: Network NetworkAgentInfo [WIFI () - 100] was already satisfying request 15. No change.
02-01 14:05:30.507  1257  1448 D ConnectivityService: Network NetworkAgentInfo [WIFI () - 100] was already satisfying request 3. No change.
02-01 14:05:30.507  1257  1448 D ConnectivityService: Network NetworkAgentInfo [WIFI () - 100] was already satisfying request 9. No change.
02-01 14:05:30.507  1257  1448 D ConnectivityService: Network NetworkAgentInfo [WIFI () - 100] was already satisfying request 18. No change.
02-01 14:05:30.508  1257  1448 D ConnectivityService: Network NetworkAgentInfo [WIFI () - 100] was already satisfying request 1. No change.
02-01 14:05:30.512  2737  3646 I qtaguid : Untagging socket 116 failed errno=-22
02-01 14:05:30.512  2737  3646 W NetworkManagementSocketTagger: untagSocket(116) failed with errno -22
02-01 14:05:30.513  2737  3646 I qtaguid : Untagging socket 116 failed errno=-22
02-01 14:05:30.513  2737  3646 W NetworkManagementSocketTagger: untagSocket(116) failed with errno -22
02-01 14:05:30.513  2737  3646 I qtaguid : Untagging socket 116 failed errno=-22
02-01 14:05:30.514  2737  3646 W NetworkManagementSocketTagger: untagSocket(116) failed with errno -22
02-01 14:05:30.514  2737  3646 I qtaguid : Untagging socket 116 failed errno=-22
02-01 14:05:30.514  2737  3646 W NetworkManagementSocketTagger: untagSocket(116) failed with errno -22
02-01 14:05:30.515  2737  3646 I qtaguid : Untagging socket 116 failed errno=-22
02-01 14:05:30.515  2737  3646 W NetworkManagementSocketTagger: untagSocket(116) failed with errno -22
02-01 14:05:30.515  2737  3646 I qtaguid : Untagging socket 116 failed errno=-22
02-01 14:05:30.515  2737  3646 W NetworkManagementSocketTagger: untagSocket(116) failed with errno -22
02-01 14:05:30.516  2737  3646 I qtaguid : Untagging socket 116 failed errno=-22
02-01 14:05:30.516  2737  3646 W NetworkManagementSocketTagger: untagSocket(116) failed with errno -22
02-01 14:05:30.516  2737  3646 I qtaguid : Untagging socket 116 failed errno=-22
02-01 14:05:30.516  2737  3646 W NetworkManagementSocketTagger: untagSocket(116) failed with errno -22
02-01 14:05:30.516  2737  3646 I qtaguid : Untagging socket 116 failed errno=-22
02-01 14:05:30.517  2737  3646 W NetworkManagementSocketTagger: untagSocket(116) failed with errno -22
02-01 14:05:30.517  2737  3646 I qtaguid : Untagging socket 116 failed errno=-22
02-01 14:05:30.517  2737  3646 W NetworkManagementSocketTagger: untagSocket(116) failed with errno -22
02-01 14:05:30.517  2737  3646 I qtaguid : Untagging socket 116 failed errno=-22
02-01 14:05:30.517  2737  3646 W NetworkManagementSocketTagger: untagSocket(116) failed with errno -22
02-01 14:05:30.518  2737  3646 I qtaguid : Untagging socket 116 failed errno=-22
02-01 14:05:30.518  2737  3646 W NetworkManagementSocketTagger: untagSocket(116) failed with errno -22
02-01 14:05:30.518  2737  3646 I qtaguid : Untagging socket 116 failed errno=-22
02-01 14:05:30.518  2737  3646 W NetworkManagementSocketTagger: untagSocket(116) failed with errno -22
02-01 14:05:30.519  2737  3646 I qtaguid : Untagging socket 116 failed errno=-22
02-01 14:05:30.519  2737  3646 W NetworkManagementSocketTagger: untagSocket(116) failed with errno -22
02-01 14:05:30.519  2737  3646 I qtaguid : Untagging socket 116 failed errno=-22
02-01 14:05:30.519  2737  3646 W NetworkManagementSocketTagger: untagSocket(116) failed with errno -22
02-01 14:05:30.520  2737  3646 I qtaguid : Untagging socket 116 failed errno=-22
02-01 14:05:30.520  2737  3646 W NetworkManagementSocketTagger: untagSocket(116) failed with errno -22
02-01 14:05:30.521  2737  3646 I qtaguid : Untagging socket 116 failed errno=-22
02-01 14:05:30.521  2737  3646 W NetworkManagementSocketTagger: untagSocket(116) failed with errno -22
02-01 14:05:30.522  2737  3646 I qtaguid : Untagging socket 116 failed errno=-22
02-01 14:05:30.522  2737  3646 W NetworkManagementSocketTagger: untagSocket(116) failed with errno -22
02-01 14:05:30.522  2737  3646 I qtaguid : Untagging socket 116 failed errno=-22
02-01 14:05:30.522  2737  3646 W NetworkManagementSocketTagger: untagSocket(116) failed with errno -22
02-01 14:05:30.523  2737  3646 I qtaguid : Untagging socket 116 failed errno=-22
02-01 14:05:30.523  2737  3646 W NetworkManagementSocketTagger: untagSocket(116) failed with errno -22
02-01 14:05:30.523  2737  3646 I qtaguid : Untagging socket 116 failed errno=-22
02-01 14:05:30.523  2737  3646 W NetworkManagementSocketTagger: untagSocket(116) failed with errno -22
02-01 14:05:30.524  2737  3646 I qtaguid : Untagging socket 123 failed errno=-22
02-01 14:05:30.524  2737  3646 W NetworkManagementSocketTagger: untagSocket(123) failed with errno -22
02-01 14:05:30.524  2737  3646 I qtaguid : Untagging socket 116 failed errno=-22
02-01 14:05:30.524  2737  3646 W NetworkManagementSocketTagger: untagSocket(116) failed with errno -22
02-01 14:05:30.525  2737  3646 I qtaguid : Untagging socket 116 failed errno=-22
02-01 14:05:30.525  2737  3646 W NetworkManagementSocketTagger: untagSocket(116) failed with errno -22
02-01 14:05:30.526  2737  3646 I qtaguid : Untagging socket 116 failed errno=-22
02-01 14:05:30.526  2737  3646 W NetworkManagementSocketTagger: untagSocket(116) failed with errno -22
02-01 14:05:30.526  3187  3187 W Settings: mValues not put! needsGenerationTracker: true currentGeneration: -1 name: device_provisioned value: 1
02-01 14:05:30.526  2737  3646 I qtaguid : Untagging socket 116 failed errno=-22
02-01 14:05:30.526  2737  3646 W NetworkManagementSocketTagger: untagSocket(116) failed with errno -22
02-01 14:05:30.527  2737  3646 I qtaguid : Untagging socket 116 failed errno=-22
02-01 14:05:30.527  2737  3646 W NetworkManagementSocketTagger: untagSocket(116) failed with errno -22
02-01 14:05:30.528  2737  3646 I qtaguid : Untagging socket 116 failed errno=-22
02-01 14:05:30.528  2737  3646 W NetworkManagementSocketTagger: untagSocket(116) failed with errno -22
02-01 14:05:30.528  2737  3646 I qtaguid : Untagging socket 116 failed errno=-22
02-01 14:05:30.528  2737  3646 W NetworkManagementSocketTagger: untagSocket(116) failed with errno -22
02-01 14:05:30.528  2737  3646 I qtaguid : Untagging socket 116 failed errno=-22
02-01 14:05:30.528  2737  3646 W NetworkManagementSocketTagger: untagSocket(116) failed with errno -22
02-01 14:05:30.528  2737  3646 I qtaguid : Untagging socket 116 failed errno=-22
02-01 14:05:30.528  2737  3646 W NetworkManagementSocketTagger: untagSocket(116) failed with errno -22
02-01 14:05:30.529  2737  3646 I qtaguid : Untagging socket 116 failed errno=-22
02-01 14:05:30.529  2737  3646 W NetworkManagementSocketTagger: untagSocket(116) failed with errno -22
02-01 14:05:30.529  2737  3646 I qtaguid : Untagging socket 116 failed errno=-22
02-01 14:05:30.529  2737  3646 W NetworkManagementSocketTagger: untagSocket(116) failed with errno -22
02-01 14:05:30.529  2737  3646 I qtaguid : Untagging socket 116 failed errno=-22
02-01 14:05:30.529  2737  3646 W NetworkManagementSocketTagger: untagSocket(116) failed with errno -22
02-01 14:05:30.529  2737  3646 I qtaguid : Untagging socket 116 failed errno=-22
02-01 14:05:30.529  2737  3646 W NetworkManagementSocketTagger: untagSocket(116) failed with errno -22
02-01 14:05:30.530  2737  3646 I qtaguid : Untagging socket 116 failed errno=-22
02-01 14:05:30.530  2737  3646 W NetworkManagementSocketTagger: untagSocket(116) failed with errno -22
02-01 14:05:30.530  2737  3646 I qtaguid : Untagging socket 116 failed errno=-22
02-01 14:05:30.530  2737  3646 W NetworkManagementSocketTagger: untagSocket(116) failed with errno -22
02-01 14:05:30.531  2737  3646 I qtaguid : Untagging socket 116 failed errno=-22
02-01 14:05:30.531  2737  3646 W NetworkManagementSocketTagger: untagSocket(116) failed with errno -22
02-01 14:05:30.532  2737  3646 I qtaguid : Untagging socket 116 failed errno=-22
02-01 14:05:30.532  2737  3646 W NetworkManagementSocketTagger: untagSocket(116) failed with errno -22
02-01 14:05:30.532  2737  3646 I qtaguid : Untagging socket 116 failed errno=-22
02-01 14:05:30.532  2737  3646 W NetworkManagementSocketTagger: untagSocket(116) failed with errno -22
02-01 14:05:30.533  2737  3646 I qtaguid : Untagging socket 116 failed errno=-22
02-01 14:05:30.533  2737  3646 W NetworkManagementSocketTagger: untagSocket(116) failed with errno -22
02-01 14:05:30.533  2737  3646 I qtaguid : Untagging socket 116 failed errno=-22
02-01 14:05:30.533  2737  3646 W NetworkManagementSocketTagger: untagSocket(116) failed with errno -22
02-01 14:05:30.534  2737  3646 I qtaguid : Untagging socket 116 failed errno=-22
02-01 14:05:30.534  2737  3646 W NetworkManagementSocketTagger: untagSocket(116) failed with errno -22
02-01 14:05:30.534  2737  3646 I qtaguid : Untagging socket 116 failed errno=-22
02-01 14:05:30.534  2737  3646 W NetworkManagementSocketTagger: untagSocket(116) failed with errno -22
02-01 14:05:30.535  2737  3646 I qtaguid : Untagging socket 116 failed errno=-22
02-01 14:05:30.535  2737  3646 W NetworkManagementSocketTagger: untagSocket(116) failed with errno -22
02-01 14:05:30.535  2737  3646 I qtaguid : Untagging socket 116 failed errno=-22
02-01 14:05:30.536  2737  3646 W NetworkManagementSocketTagger: untagSocket(116) failed with errno -22
02-01 14:05:30.536  2737  3646 I qtaguid : Untagging socket 116 failed errno=-22
02-01 14:05:30.536  2737  3646 W NetworkManagementSocketTagger: untagSocket(116) failed with errno -22
02-01 14:05:30.537  2737  3646 I qtaguid : Untagging socket 116 failed errno=-22
02-01 14:05:30.537  2737  3646 W NetworkManagementSocketTagger: untagSocket(116) failed with errno -22
02-01 14:05:30.537  2737  3646 I qtaguid : Untagging socket 116 failed errno=-22
02-01 14:05:30.538  2737  3646 W NetworkManagementSocketTagger: untagSocket(116) failed with errno -22
02-01 14:05:30.538  2737  3646 I qtaguid : Untagging socket 116 failed errno=-22
02-01 14:05:30.538  2737  3646 W NetworkManagementSocketTagger: untagSocket(116) failed with errno -22
02-01 14:05:30.539  2737  3646 I qtaguid : Untagging socket 116 failed errno=-22
02-01 14:05:30.539  2737  3646 W NetworkManagementSocketTagger: untagSocket(116) failed with errno -22
02-01 14:05:30.541  2737  3646 I qtaguid : Untagging socket 116 failed errno=-22
02-01 14:05:30.541  2737  3646 W NetworkManagementSocketTagger: untagSocket(116) failed with errno -22
02-01 14:05:30.542  2737  3646 I qtaguid : Untagging socket 116 failed errno=-22
02-01 14:05:30.542  2737  3646 W NetworkManagementSocketTagger: untagSocket(116) failed with errno -22
02-01 14:05:30.543  2737  3646 I qtaguid : Untagging socket 116 failed errno=-22
02-01 14:05:30.543  2737  3646 W NetworkManagementSocketTagger: untagSocket(116) failed with errno -22
02-01 14:05:30.544  2737  3646 I qtaguid : Untagging socket 116 failed errno=-22
02-01 14:05:30.544  2737  3646 W NetworkManagementSocketTagger: untagSocket(116) failed with errno -22
02-01 14:05:30.544  2737  3646 I qtaguid : Untagging socket 116 failed errno=-22
02-01 14:05:30.544  2737  3646 W NetworkManagementSocketTagger: untagSocket(116) failed with errno -22
02-01 14:05:30.545  2737  3646 I qtaguid : Untagging socket 116 failed errno=-22
02-01 14:05:30.545  2737  3646 W NetworkManagementSocketTagger: untagSocket(116) failed with errno -22
02-01 14:05:30.546  2737  3646 I qtaguid : Untagging socket 116 failed errno=-22
02-01 14:05:30.546  2737  3646 W NetworkManagementSocketTagger: untagSocket(116) failed with errno -22
02-01 14:05:30.546  2737  3646 I qtaguid : Untagging socket 116 failed errno=-22
02-01 14:05:30.546  2737  3646 W NetworkManagementSocketTagger: untagSocket(116) failed with errno -22
02-01 14:05:30.547  2737  3646 I qtaguid : Untagging socket 116 failed errno=-22
02-01 14:05:30.547  2737  3646 W NetworkManagementSocketTagger: untagSocket(116) failed with errno -22
02-01 14:05:30.547  2737  3646 I qtaguid : Untagging socket 116 failed errno=-22
02-01 14:05:30.547  2737  3646 W NetworkManagementSocketTagger: untagSocket(116) failed with errno -22
02-01 14:05:30.547  2737  3646 I qtaguid : Untagging socket 116 failed errno=-22
02-01 14:05:30.548  2737  3646 W NetworkManagementSocketTagger: untagSocket(116) failed with errno -22
02-01 14:05:30.548  2737  3646 I qtaguid : Untagging socket 116 failed errno=-22
02-01 14:05:30.548  2737  3646 W NetworkManagementSocketTagger: untagSocket(116) failed with errno -22
02-01 14:05:30.548  2737  3646 I qtaguid : Untagging socket 116 failed errno=-22
02-01 14:05:30.548  2737  3646 W NetworkManagementSocketTagger: untagSocket(116) failed with errno -22
02-01 14:05:30.549  2737  3646 I qtaguid : Untagging socket 116 failed errno=-22
02-01 14:05:30.550  2737  3646 W NetworkManagementSocketTagger: untagSocket(116) failed with errno -22
02-01 14:05:30.551  2737  3646 I qtaguid : Untagging socket 116 failed errno=-22
02-01 14:05:30.551  2737  3646 W NetworkManagementSocketTagger: untagSocket(116) failed with errno -22
02-01 14:05:30.551  2737  3646 I qtaguid : Untagging socket 116 failed errno=-22
02-01 14:05:30.551  2737  3646 W NetworkManagementSocketTagger: untagSocket(116) failed with errno -22
02-01 14:05:30.552  2737  3646 I qtaguid : Untagging socket 116 failed errno=-22
02-01 14:05:30.552  2737  3646 W NetworkManagementSocketTagger: untagSocket(116) failed with errno -22
02-01 14:05:30.552  2737  3646 I qtaguid : Untagging socket 116 failed errno=-22
02-01 14:05:30.552  2737  3646 W NetworkManagementSocketTagger: untagSocket(116) failed with errno -22
02-01 14:05:30.553  2737  3646 I qtaguid : Untagging socket 116 failed errno=-22
02-01 14:05:30.553  2737  3646 W NetworkManagementSocketTagger: untagSocket(116) failed with errno -22
02-01 14:05:30.553  2737  3646 I qtaguid : Untagging socket 116 failed errno=-22
02-01 14:05:30.553  2737  3646 W NetworkManagementSocketTagger: untagSocket(116) failed with errno -22
02-01 14:05:30.554  2737  3646 I qtaguid : Untagging socket 116 failed errno=-22
02-01 14:05:30.554  2737  3646 W NetworkManagementSocketTagger: untagSocket(116) failed with errno -22
02-01 14:05:30.554  2737  3646 I qtaguid : Untagging socket 116 failed errno=-22
02-01 14:05:30.555  2737  3646 W NetworkManagementSocketTagger: untagSocket(116) failed with errno -22
02-01 14:05:30.555  2737  3646 I qtaguid : Untagging socket 116 failed errno=-22
02-01 14:05:30.555  2737  3646 W NetworkManagementSocketTagger: untagSocket(116) failed with errno -22
02-01 14:05:30.555  2737  3646 I qtaguid : Untagging socket 116 failed errno=-22
02-01 14:05:30.556  2737  3646 W NetworkManagementSocketTagger: untagSocket(116) failed with errno -22
02-01 14:05:30.556  2737  3646 I qtaguid : Untagging socket 116 failed errno=-22
02-01 14:05:30.556  2737  3646 W NetworkManagementSocketTagger: untagSocket(116) failed with errno -22
02-01 14:05:30.556  2737  3646 I qtaguid : Untagging socket 116 failed errno=-22
02-01 14:05:30.556  2737  3646 W NetworkManagementSocketTagger: untagSocket(116) failed with errno -22
02-01 14:05:30.557  2737  3646 I qtaguid : Untagging socket 116 failed errno=-22
02-01 14:05:30.557  2737  3646 W NetworkManagementSocketTagger: untagSocket(116) failed with errno -22
02-01 14:05:30.557  2737  3646 I qtaguid : Untagging socket 116 failed errno=-22
02-01 14:05:30.558  2737  3646 W NetworkManagementSocketTagger: untagSocket(116) failed with errno -22
02-01 14:05:30.560  1257  1438 D IpManager.wlan0: set Multicast Filtering:false
02-01 14:05:30.560  1257  1438 W IpManager.wlan0: set Multicast Filtering, mApfFilter is null
02-01 14:05:30.560  2737  4085 E Ads     : Error waiting for future.
02-01 14:05:30.560  2737  4085 E Ads     : java.util.concurrent.TimeoutException
02-01 14:05:30.560  2737  4085 E Ads     :      at java.util.concurrent.FutureTask.get(FutureTask.java:206)
02-01 14:05:30.560  2737  4085 E Ads     :      at com.google.android.gms.ads.nonagon.signals.gmscore.ad.call(:com.google.android.gms@224814021@22.48.14 (040408-493411920):5)
02-01 14:05:30.560  2737  4085 E Ads     :      at crso.a(:com.google.android.gms@224814021@22.48.14 (040408-493411920):0)
02-01 14:05:30.560  2737  4085 E Ads     :      at crro.run(:com.google.android.gms@224814021@22.48.14 (040408-493411920):3)
02-01 14:05:30.560  2737  4085 E Ads     :      at crsp.run(:com.google.android.gms@224814021@22.48.14 (040408-493411920):0)
02-01 14:05:30.560  2737  4085 E Ads     :      at abmf.c(:com.google.android.gms@224814021@22.48.14 (040408-493411920):6)
02-01 14:05:30.560  2737  4085 E Ads     :      at abmf.run(:com.google.android.gms@224814021@22.48.14 (040408-493411920):7)
02-01 14:05:30.560  2737  4085 E Ads     :      at java.util.concurrent.ThreadPoolExecutor.runWorker(ThreadPoolExecutor.java:1162)
02-01 14:05:30.560  2737  4085 E Ads     :      at java.util.concurrent.ThreadPoolExecutor$Worker.run(ThreadPoolExecutor.java:636)
02-01 14:05:30.560  2737  4085 E Ads     :      at abrk.run(:com.google.android.gms@224814021@22.48.14 (040408-493411920):0)
02-01 14:05:30.560  2737  4085 E Ads     :      at java.lang.Thread.run(Thread.java:784)
02-01 14:05:30.561  1648  1648 D wpa_supplicant: wpa_driver_nl80211_driver_cmd:cmd = RXFILTER-STOP
02-01 14:05:30.562  1648  1648 D wpa_supplicant: wpa_driver_nl80211_driver_cmd: 1:ifr_name= wlan0,buf:RXFILTER-STOP ,len = 13
02-01 14:05:30.562  1648  1648 D wpa_supplicant: wpa_driver_nl80211_driver_cmd RXFILTER-STOP len = 0, 13
02-01 14:05:30.563  1648  1648 D wpa_supplicant: wpa_driver_nl80211_driver_cmd:cmd = RXFILTER-ADD 2
02-01 14:05:30.563  1648  1648 D wpa_supplicant: wpa_driver_nl80211_driver_cmd: 1:ifr_name= wlan0,buf:RXFILTER-ADD 2 ,len = 14
02-01 14:05:30.563  1648  1648 D wpa_supplicant: wpa_driver_nl80211_driver_cmd RXFILTER-ADD 2 len = 0, 14
02-01 14:05:30.565  1648  1648 D wpa_supplicant: wpa_driver_nl80211_driver_cmd:cmd = RXFILTER-START
02-01 14:05:30.566  1648  1648 D wpa_supplicant: wpa_driver_nl80211_driver_cmd: 1:ifr_name= wlan0,buf:RXFILTER-START ,len = 14
02-01 14:05:30.566  1648  1648 D wpa_supplicant: wpa_driver_nl80211_driver_cmd RXFILTER-START len = 0, 14
02-01 14:05:30.575  1257  2439 E EmcomManagerService: Communications to PG-server error
02-01 14:05:30.575  1257  2439 E EmcomManagerService: java.io.IOException: Connection refused
02-01 14:05:30.575  1257  2439 E EmcomManagerService:   at android.net.LocalSocketImpl.connectLocal(Native Method)
02-01 14:05:30.575  1257  2439 E EmcomManagerService:   at android.net.LocalSocketImpl.connect(LocalSocketImpl.java:300)
02-01 14:05:30.575  1257  2439 E EmcomManagerService:   at android.net.LocalSocket.connect(LocalSocket.java:145)
02-01 14:05:30.575  1257  2439 E EmcomManagerService:   at com.huawei.pgmng.PGPlug.listenToSocket(PGPlug.java:92)
02-01 14:05:30.575  1257  2439 E EmcomManagerService:   at com.huawei.pgmng.PGPlug.run(PGPlug.java:52)
02-01 14:05:30.575  1257  2439 E EmcomManagerService:   at java.lang.Thread.run(Thread.java:784)
02-01 14:05:30.575  3802  3808 I zygote64: Do full code cache collection, code=0B, data=103KB
02-01 14:05:30.576  1257  2439 E EmcomManagerService: Error in connect to PG, sleep 5s try again, retries =4
02-01 14:05:30.576  1257  2439 E EmcomManagerService: java.io.IOException: Connection refused
02-01 14:05:30.576  1257  2439 E EmcomManagerService:   at android.net.LocalSocketImpl.connectLocal(Native Method)
02-01 14:05:30.576  1257  2439 E EmcomManagerService:   at android.net.LocalSocketImpl.connect(LocalSocketImpl.java:300)
02-01 14:05:30.576  1257  2439 E EmcomManagerService:   at android.net.LocalSocket.connect(LocalSocket.java:145)
02-01 14:05:30.576  1257  2439 E EmcomManagerService:   at com.huawei.pgmng.PGPlug.listenToSocket(PGPlug.java:92)
02-01 14:05:30.576  1257  2439 E EmcomManagerService:   at com.huawei.pgmng.PGPlug.run(PGPlug.java:52)
02-01 14:05:30.576  1257  2439 E EmcomManagerService:   at java.lang.Thread.run(Thread.java:784)
02-01 14:05:30.576  3802  3808 I zygote64: After code cache collection, code=0B, data=0B
02-01 14:05:30.576  4047  4047 I cr_ChildProcessService: Creating new ChildProcessService pid=4047
02-01 14:05:30.583  2737  2992 W ProviderHelper: Unknown dynamite feature providerinstaller.dynamite
02-01 14:05:30.584  2737  2992 I DynamiteModule: Considering local module com.google.android.gms.providerinstaller.dynamite:1 and remote module com.google.android.gms.providerinstaller.dynamite:0
02-01 14:05:30.584  2737  2992 I DynamiteModule: Selected local version of com.google.android.gms.providerinstaller.dynamite
02-01 14:05:30.587  4047  4047 E WebViewFactory: can't load with relro file; address space not reserved
02-01 14:05:30.596  4047  4116 I cr_LibraryLoader: Successfully loaded native library
02-01 14:05:30.597  4047  4116 I cr_CachingUmaRecorder: Flushed 3 samples from 3 histograms.
02-01 14:05:30.599  2737  2992 W ProviderHelper: Unknown dynamite feature providerinstaller.dynamite
02-01 14:05:30.599  2737  2992 I DynamiteModule: Considering local module com.google.android.gms.providerinstaller.dynamite:1 and remote module com.google.android.gms.providerinstaller.dynamite:0
02-01 14:05:30.600  2737  2992 I DynamiteModule: Selected local version of com.google.android.gms.providerinstaller.dynamite
02-01 14:05:30.601  4047  4116 I HwApiCacheMangerEx: apicache pi PackageInfo{3fca33c com.oneUI.vietbm.peopledge}
02-01 14:05:30.613  2737  2992 W PackageParser: Unknown element under <manifest>: queries at /data/user_de/0/com.google.android.gms/app_chimera/m/00000009/AdsDynamite.apk Binary XML file line #11
02-01 14:05:30.615  2737  2992 W ProviderHelper: Unknown dynamite feature providerinstaller.dynamite
02-01 14:05:30.615   411   411 E ServiceManager: try to find service failed, not allowed access from isolated processes.
02-01 14:05:30.615  2737  2992 I DynamiteModule: Considering local module com.google.android.gms.providerinstaller.dynamite:1 and remote module com.google.android.gms.providerinstaller.dynamite:0
02-01 14:05:30.615  2737  2992 I DynamiteModule: Selected local version of com.google.android.gms.providerinstaller.dynamite
02-01 14:05:30.615  4047  4116 W SystemServiceRegistry: No service published for: uimode
02-01 14:05:30.647  2737  2992 W ProviderHelper: Unknown dynamite feature providerinstaller.dynamite
02-01 14:05:30.647  2737  2992 I DynamiteModule: Considering local module com.google.android.gms.providerinstaller.dynamite:1 and remote module com.google.android.gms.providerinstaller.dynamite:0
02-01 14:05:30.647  2737  2992 I DynamiteModule: Selected local version of com.google.android.gms.providerinstaller.dynamite
02-01 14:05:30.669  2142  3961 D WorkSource: Insert in WorkSource{} @ 0 uid 10019 name com.google.android.gms
02-01 14:05:30.679  2142  3961 I chatty  : uid=10019(u0_a19) GoogleLocationS identical 1 line
02-01 14:05:30.692  2142  3961 D WorkSource: Insert in WorkSource{} @ 0 uid 10019 name com.google.android.gms
02-01 14:05:30.692  2142  2843 I FontLog : Received query name=Google Sans&weight=700&besteffort=false, URI content://com.google.android.gms.fonts [CONTEXT service_id=132 ]
02-01 14:05:30.709  1257  1284 I Bluetooth_framework: BluetoothManagerService:Added callback: android.bluetooth.IBluetoothManagerCallback$Stub$Proxy@d47aa3a:true pid = 3187
02-01 14:05:30.712  2142  2843 I FontLog : Query [name=Google Sans&weight=700&besteffort=false] resolved to {Google Sans, wdth 100.0, wght 700, ital 0.0, bestEffort false} [CONTEXT service_id=132 ]
02-01 14:05:30.715  2142  2843 I FontLog : Fetch {Google Sans, wdth 100.0, wght 700, ital 0.0, bestEffort false} end status Status{statusCode=SUCCESS, resolution=null} [CONTEXT service_id=132 ]
02-01 14:05:30.717  1542  1542 I NetworkSpeedManagerEx: mIsStop = false
02-01 14:05:30.718  1542  1655 I NetworkSpeedManagerEx:  runInThread getTetherStats
02-01 14:05:30.719  1542  1542 I NetworkSpeedManagerEx:  runInUI refreshSpeed
02-01 14:05:30.720  1542  1542 I NetworkSpeedManagerEx: value=9093.667speed = 8.9
02-01 14:05:30.720  1542  1542 I NetworkSpeedManagerEx: K/smIsShowLastSpeedValuefalse
02-01 14:05:30.720  1542  1542 I NetworkSpeedView: /update(), speed=8.9
02-01 14:05:30.720  1542  1542 I NetworkSpeedView: K/s parent class:class com.android.systemui.statusbar.HwSystemIcons
02-01 14:05:30.729  2142  3961 D WorkSource: Insert in WorkSource{} @ 0 uid 10019 name com.google.android.gms
02-01 14:05:30.730  3187  3187 I HwSecImmHelper: mSecurityInputMethodService is null
02-01 14:05:30.732  2142  3961 D WorkSource: Insert in WorkSource{} @ 0 uid 10019 name com.google.android.gms
02-01 14:05:30.736  1542  1542 I NetworkSpeedManagerEx: mIsStop = false
02-01 14:05:30.736  1542  1655 I NetworkSpeedManagerEx:  runInThread getTetherStats
02-01 14:05:30.737  1542  1542 I NetworkSpeedManagerEx:  runInUI refreshSpeed
02-01 14:05:30.739  1542  1542 I NetworkSpeedManagerEx: value=9093.667speed = 8.9
02-01 14:05:30.739  1542  1542 I NetworkSpeedManagerEx: K/smIsShowLastSpeedValuefalse
02-01 14:05:30.739  1542  1542 I NetworkSpeedView: /update(), speed=8.9
02-01 14:05:30.739  1542  1542 I NetworkSpeedView: K/s parent class:class com.android.systemui.statusbar.HwSystemIcons
02-01 14:05:30.744  3894  4005 I cr_LibraryLoader: Successfully loaded native library
02-01 14:05:30.745  3894  4005 I cr_CachingUmaRecorder: Flushed 3 samples from 3 histograms.
02-01 14:05:30.750  3894  4005 I HwApiCacheMangerEx: apicache pi PackageInfo{4a5221a com.treydev.micontrolcenter}
02-01 14:05:30.754  2737  2992 W ProviderHelper: Unknown dynamite feature providerinstaller.dynamite
02-01 14:05:30.755  2737  2992 I DynamiteModule: Considering local module com.google.android.gms.providerinstaller.dynamite:1 and remote module com.google.android.gms.providerinstaller.dynamite:0
02-01 14:05:30.755  2737  2992 I DynamiteModule: Selected local version of com.google.android.gms.providerinstaller.dynamite
02-01 14:05:30.760   617  1005 I audio_hw_primary: usb_ext_get_parameters: check show hires (false)
02-01 14:05:30.760   690   690 I hash_map_utils: key: 'typec_need_show_hires' value: ''
02-01 14:05:30.761  1257  1257 I HwAudioService: check HiRes Icon false
02-01 14:05:30.763  1257  1257 W ActivityManager: Sending non-protected broadcast huawei.intent.action.hideHiResIcon from system uid 1000 pkg null
02-01 14:05:30.763  1257  1257 I HwAudioService: broadcastHiresIntent : false
02-01 14:05:30.763  1257  1257 W ActivityManager: Sending non-protected broadcast huawei.intent.action.hideHiResIcon from system uid 1000 pkg null
02-01 14:05:30.766  1518  4144 D ProfileInstaller: Skipping profile installation for dev.patrickgold.florisboard
02-01 14:05:30.777   411   411 E ServiceManager: try to find service failed, not allowed access from isolated processes.
02-01 14:05:30.777  3894  4005 W SystemServiceRegistry: No service published for: uimode
02-01 14:05:30.779  1257  1414 W AlarmManager: mIsScreenOn is: true, WAKEUP alarm talarm.operation == null,package name is: android listenerTag is: *job.delay* creator uid is: 1000
02-01 14:05:30.781  1257  1257 W HwAlarmManagerService: isContainsAppUidInWorksource-->happend NameNotFoundException
02-01 14:05:30.784  1257  1257 W HwAlarmManagerService: isContainsAppUidInWorksource-->happend NameNotFoundException
02-01 14:05:30.786  1257  1257 I HwAlarmManagerService: hwSetAlarm listenerTag: *job.delay*
02-01 14:05:30.786  1257  1257 I JobScheduler.Time: mNextDelayExpiredElapsedMillis: 79379
02-01 14:05:30.793  2142  2998 W FontLog : Error updating last accessed time for {Google Sans, wdth 100.0, wght 500, ital 0.0, bestEffort false}. [CONTEXT service_id=132 ]
02-01 14:05:30.793  2142  2998 W FontLog : java.lang.IllegalStateException: Cannot perform this operation because the connection pool has been closed.
02-01 14:05:30.793  2142  2998 W FontLog :      at android.database.sqlite.SQLiteConnectionPool.throwIfClosedLocked(SQLiteConnectionPool.java:1102)
02-01 14:05:30.793  2142  2998 W FontLog :      at android.database.sqlite.SQLiteConnectionPool.waitForConnection(SQLiteConnectionPool.java:763)
02-01 14:05:30.793  2142  2998 W FontLog :      at android.database.sqlite.SQLiteConnectionPool.acquireConnection(SQLiteConnectionPool.java:382)
02-01 14:05:30.793  2142  2998 W FontLog :      at android.database.sqlite.SQLiteSession.acquireConnection(SQLiteSession.java:909)
02-01 14:05:30.793  2142  2998 W FontLog :      at android.database.sqlite.SQLiteSession.prepare(SQLiteSession.java:601)
02-01 14:05:30.793  2142  2998 W FontLog :      at android.database.sqlite.SQLiteProgram.<init>(SQLiteProgram.java:63)
02-01 14:05:30.793  2142  2998 W FontLog :      at android.database.sqlite.SQLiteStatement.<init>(SQLiteStatement.java:31)
02-01 14:05:30.793  2142  2998 W FontLog :      at android.database.sqlite.SQLiteDatabase.executeSql(SQLiteDatabase.java:1968)
02-01 14:05:30.793  2142  2998 W FontLog :      at android.database.sqlite.SQLiteDatabase.execSQL(SQLiteDatabase.java:1943)
02-01 14:05:30.793  2142  2998 W FontLog :      at alve.run(:com.google.android.gms@224814021@22.48.14 (040408-493411920):5)
02-01 14:05:30.793  2142  2998 W FontLog :      at abmf.c(:com.google.android.gms@224814021@22.48.14 (040408-493411920):6)
02-01 14:05:30.793  2142  2998 W FontLog :      at abmf.run(:com.google.android.gms@224814021@22.48.14 (040408-493411920):8)
02-01 14:05:30.793  2142  2998 W FontLog :      at java.util.concurrent.ThreadPoolExecutor.runWorker(ThreadPoolExecutor.java:1162)
02-01 14:05:30.793  2142  2998 W FontLog :      at java.util.concurrent.ThreadPoolExecutor$Worker.run(ThreadPoolExecutor.java:636)
02-01 14:05:30.793  2142  2998 W FontLog :      at abrk.run(:com.google.android.gms@224814021@22.48.14 (040408-493411920):0)
02-01 14:05:30.793  2142  2998 W FontLog :      at java.lang.Thread.run(Thread.java:784)
02-01 14:05:30.795  1257  1257 D JobServiceContext: Scheduling time out for 'com.google.android.datatransport.runtime.scheduling.jobscheduling.JobInfoSchedulerService' jId: -1894895296, in 18 s
02-01 14:05:30.796  2142  3961 D WorkSource: Insert in WorkSource{} @ 0 uid 10019 name com.google.android.gms
02-01 14:05:30.796  2142  3961 D WorkSource: Insert in WorkSource{} @ 0 uid 10019 name com.google.android.gms
02-01 14:05:30.797  1975  1987 W ContactsProvider: cann't getUriType
02-01 14:05:30.807  1257  1257 D JobServiceContext: handleServiceBound for 7f1ce7e #u0a199/-1894895296 com.treydev.volume/com.google.android.datatransport.runtime.scheduling.jobscheduling.JobInfoSchedulerService
02-01 14:05:30.807  1257  1257 D JobServiceContext: Scheduling time out for 'com.google.android.datatransport.runtime.scheduling.jobscheduling.JobInfoSchedulerService' jId: -1894895296, in 8 s
02-01 14:05:30.809  1257  1268 D JobServiceContext: doCallback of : JobStatus{7f1ce7e #u0a199/-1894895296 com.treydev.volume/com.google.android.datatransport.runtime.scheduling.jobscheduling.JobInfoSchedulerService u=0 s=10199 TIME=-29ms:none NET=1 READY} v:VERB_STARTING
02-01 14:05:30.809  1257  1268 D JobServiceContext: Scheduling time out for 'com.google.android.datatransport.runtime.scheduling.jobscheduling.JobInfoSchedulerService' jId: -1894895296, in 600 s
02-01 14:05:30.816  2142  2155 W ConfigurationChimeraPro: Caller is not authorized to access Uri: content://com.google.android.gms.phenotype/com.google.android.gms.usagereporting [CONTEXT service_id=51 ]
02-01 14:05:30.822  2142  2908 W FontLog : Error updating last accessed time for {Google Sans, wdth 100.0, wght 500, ital 0.0, bestEffort false}. [CONTEXT service_id=132 ]
02-01 14:05:30.822  2142  2908 W FontLog : java.lang.IllegalStateException: Cannot perform this operation because the connection pool has been closed.
02-01 14:05:30.822  2142  2908 W FontLog :      at android.database.sqlite.SQLiteConnectionPool.throwIfClosedLocked(SQLiteConnectionPool.java:1102)
02-01 14:05:30.822  2142  2908 W FontLog :      at android.database.sqlite.SQLiteConnectionPool.waitForConnection(SQLiteConnectionPool.java:763)
02-01 14:05:30.822  2142  2908 W FontLog :      at android.database.sqlite.SQLiteConnectionPool.acquireConnection(SQLiteConnectionPool.java:382)
02-01 14:05:30.822  2142  2908 W FontLog :      at android.database.sqlite.SQLiteSession.acquireConnection(SQLiteSession.java:909)
02-01 14:05:30.822  2142  2908 W FontLog :      at android.database.sqlite.SQLiteSession.prepare(SQLiteSession.java:601)
02-01 14:05:30.822  2142  2908 W FontLog :      at android.database.sqlite.SQLiteProgram.<init>(SQLiteProgram.java:63)
02-01 14:05:30.822  2142  2908 W FontLog :      at android.database.sqlite.SQLiteStatement.<init>(SQLiteStatement.java:31)
02-01 14:05:30.822  2142  2908 W FontLog :      at android.database.sqlite.SQLiteDatabase.executeSql(SQLiteDatabase.java:1968)
02-01 14:05:30.822  2142  2908 W FontLog :      at android.database.sqlite.SQLiteDatabase.execSQL(SQLiteDatabase.java:1943)
02-01 14:05:30.822  2142  2908 W FontLog :      at alve.run(:com.google.android.gms@224814021@22.48.14 (040408-493411920):5)
02-01 14:05:30.822  2142  2908 W FontLog :      at abmf.c(:com.google.android.gms@224814021@22.48.14 (040408-493411920):6)
02-01 14:05:30.822  2142  2908 W FontLog :      at abmf.run(:com.google.android.gms@224814021@22.48.14 (040408-493411920):8)
02-01 14:05:30.822  2142  2908 W FontLog :      at java.util.concurrent.ThreadPoolExecutor.runWorker(ThreadPoolExecutor.java:1162)
02-01 14:05:30.822  2142  2908 W FontLog :      at java.util.concurrent.ThreadPoolExecutor$Worker.run(ThreadPoolExecutor.java:636)
02-01 14:05:30.822  2142  2908 W FontLog :      at abrk.run(:com.google.android.gms@224814021@22.48.14 (040408-493411920):0)
02-01 14:05:30.822  2142  2908 W FontLog :      at java.lang.Thread.run(Thread.java:784)
02-01 14:05:30.823  3802  3802 I HwApiCacheMangerEx: apicache oUid 10143
02-01 14:05:30.823  3802  3802 I HwApiCacheMangerEx: apicache volumes [Landroid.os.storage.StorageVolume;@b712f2b
02-01 14:05:30.823  3802  3802 I HwApiCacheMangerEx: apicache oUid 10143
02-01 14:05:30.823  3802  3802 I HwApiCacheMangerEx: apicache volumes [Landroid.os.storage.StorageVolume;@d3ebdad
02-01 14:05:30.828  2142  2843 I FontLog : Pulling font file for id = 9, cache size = 9 [CONTEXT service_id=132 ]
02-01 14:05:30.829  2142  3961 D WorkSource: Insert in WorkSource{} @ 0 uid 10019 name com.google.android.gms
02-01 14:05:30.835  2142  3961 D WorkSource: Insert in WorkSource{} @ 0 uid 10019 name com.google.android.gms
02-01 14:05:30.836  2625  2921 I HwApiCacheMangerEx: apicache pi PackageInfo{b4f994a com.treydev.volume}
02-01 14:05:30.838  2625  2921 D TransportRuntime.CctTransportBackend: Making request to: https://crashlyticsreports-pa.googleapis.com/v1/firelog/legacy/batchlog
02-01 14:05:30.840  2142  3961 D WorkSource: Insert in WorkSource{} @ 0 uid 10019 name com.google.android.gms
02-01 14:05:30.841  2142  3961 I chatty  : uid=10019(u0_a19) GoogleLocationS identical 1 line
02-01 14:05:30.856  2142  3961 D WorkSource: Insert in WorkSource{} @ 0 uid 10019 name com.google.android.gms
02-01 14:05:30.858  2142  2843 I FontLog : Received query name=Noto Color Emoji Compat&weight=400&besteffort=false, URI content://com.google.android.gms.fonts [CONTEXT service_id=132 ]
02-01 14:05:30.859  2142  3961 D WorkSource: Insert in WorkSource{} @ 0 uid 10019 name com.google.android.gms
02-01 14:05:30.876  2142  2843 I FontLog : Query [name=Noto Color Emoji Compat&weight=400&besteffort=false] resolved to {Noto Color Emoji Compat, wdth 100.0, wght 400, ital 0.0, bestEffort false} [CONTEXT service_id=132 ]
02-01 14:05:30.888  2142  3961 D WorkSource: Insert in WorkSource{} @ 0 uid 10019 name com.google.android.gms
02-01 14:05:30.896  2142  2843 I FontLog : Fetch {Noto Color Emoji Compat, wdth 100.0, wght 400, ital 0.0, bestEffort false} end status Status{statusCode=SUCCESS, resolution=null} [CONTEXT service_id=132 ]
02-01 14:05:30.900  2142  3961 D WorkSource: Insert in WorkSource{} @ 0 uid 10019 name com.google.android.gms
02-01 14:05:30.901  2142  3961 D WorkSource: Insert in WorkSource{} @ 0 uid 10019 name com.google.android.gms
02-01 14:05:30.909  2142  2155 I FontLog : Pulling font file for id = 10, cache size = 10 [CONTEXT service_id=132 ]
02-01 14:05:30.915  3802  3822 E MemoryLeakMonitorManager: MemoryLeakMonitor.jar is not exist!
02-01 14:05:30.928  2142  2155 I FontLog : Received query name=Google Sans&weight=400&besteffort=false, URI content://com.google.android.gms.fonts [CONTEXT service_id=132 ]
02-01 14:05:30.929  2142  2155 I FontLog : Query [name=Google Sans&weight=400&besteffort=false] resolved to {Google Sans, wdth 100.0, wght 400, ital 0.0, bestEffort false} [CONTEXT service_id=132 ]
02-01 14:05:30.933  2142  2155 I FontLog : Font PFD returned from cache for {Google Sans, wdth 100.0, wght 400, ital 0.0, bestEffort false} [CONTEXT service_id=132 ]
02-01 14:05:30.940  2142  2155 I FontLog : Fetch {Google Sans, wdth 100.0, wght 400, ital 0.0, bestEffort false} end status Status{statusCode=SUCCESS, resolution=null} [CONTEXT service_id=132 ]
02-01 14:05:30.947  2737  2992 W ProviderHelper: Unknown dynamite feature providerinstaller.dynamite
02-01 14:05:30.947  1257  3587 D JobServiceContext: Scheduling time out for '.ExternalMediaManager' jId: 5, in 18 s
02-01 14:05:30.947  2737  2992 I DynamiteModule: Considering local module com.google.android.gms.providerinstaller.dynamite:1 and remote module com.google.android.gms.providerinstaller.dynamite:0
02-01 14:05:30.947  2737  2992 I DynamiteModule: Selected local version of com.google.android.gms.providerinstaller.dynamite
02-01 14:05:30.955  1257  1281 W BatteryStatsService: Timeout reading modem stats
02-01 14:05:30.957  1257  1257 I TrafficMonitor: update:rxPkts:31,txPkts:38,rxBytes:20326,txBytes:5287
02-01 14:05:30.957  1257  1257 I TrafficMonitor: no expired. level:2
02-01 14:05:30.957  1257  1257 I TrafficMonitor: gettimer:interval=2000
02-01 14:05:30.957  1257  1257 I TrafficMonitor: during_ms:2001,period_ms:2000
02-01 14:05:30.957  1257  1257 I TrafficMonitor: count:6,rx_sum:31,tx_sum:38,rxBytes:20326,during_ms:2001,rx_speed:10157.921039480261,tx_speed:2642.178910544728,rto:0.8157894736842105
02-01 14:05:30.957  1257  1257 D HuaweiWifiWatchdogStateMachine: speed: rxpkt:31, rxSpd:10157B/s, txpkt:38, txSpd:2642
02-01 14:05:30.962  1257  1281 E KernelUidCpuFreqTimeReader: Failed to read /proc/uid_time_in_state: java.io.FileNotFoundException: /proc/uid_time_in_state (No such file or directory)
02-01 14:05:30.982  2142  2843 I FontLog : Pulling font file for id = 11, cache size = 11 [CONTEXT service_id=132 ]
02-01 14:05:30.994  1257  1257 D JobServiceContext: handleServiceBound for dc5f324 #u0a143/5 com.whatsapp/.ExternalMediaManager
02-01 14:05:30.994  1257  1257 D JobServiceContext: Scheduling time out for '.ExternalMediaManager' jId: 5, in 8 s
02-01 14:05:30.997  1257  3587 V ActivityManager: startProcess: name=in.krosbits.musicolet:musicolet app=null knownToBeDead=true thread=null pid=-1
02-01 14:05:31.022  2142  2843 I FontLog : Received query name=Google Sans&weight=500&besteffort=false, URI content://com.google.android.gms.fonts [CONTEXT service_id=132 ]
02-01 14:05:31.030  2142  2843 I FontLog : Query [name=Google Sans&weight=500&besteffort=false] resolved to {Google Sans, wdth 100.0, wght 500, ital 0.0, bestEffort false} [CONTEXT service_id=132 ]
02-01 14:05:31.038  2142  2843 I FontLog : Font PFD returned from cache for {Google Sans, wdth 100.0, wght 500, ital 0.0, bestEffort false} [CONTEXT service_id=132 ]
02-01 14:05:31.039  2142  2843 I FontLog : Fetch {Google Sans, wdth 100.0, wght 500, ital 0.0, bestEffort false} end status Status{statusCode=SUCCESS, resolution=null} [CONTEXT service_id=132 ]
02-01 14:05:31.051  2142  2333 D WorkSource: Insert in WorkSource{} @ 0 uid 10242 name org.kustom.widget
02-01 14:05:31.067  1257  3587 W ActivityManager: Slow operation: 64ms so far, now at startProcess: returned from zygote!
02-01 14:05:31.067  4172  4172 I         : power log dlsym ok
02-01 14:05:31.068  1257  3587 W ActivityManager: Slow operation: 65ms so far, now at startProcess: done updating battery stats
02-01 14:05:31.068  1257  3587 W ActivityManager: Slow operation: 66ms so far, now at startProcess: building log message
02-01 14:05:31.068  1257  3587 I ActivityManager: Start proc 4172:in.krosbits.musicolet:musicolet/u0a184 for broadcast in.krosbits.musicolet/.MediaMountedReceiver
02-01 14:05:31.069  1257  3587 W ActivityManager: Slow operation: 66ms so far, now at startProcess: starting to update pids map
02-01 14:05:31.069  1257  3587 W ActivityManager: Slow operation: 67ms so far, now at startProcess: done updating pids map
02-01 14:05:31.070  1257  3587 W ActivityManager: Slow operation: 72ms so far, now at startProcess: done starting proc!
02-01 14:05:31.074  4172  4172 I zygote64: Reinit property: dalvik.vm.checkjni= false
02-01 14:05:31.083  3802  3802 I HwCust  : Constructor found for class android.net.HwCustConnectivityManagerImpl
02-01 14:05:31.083  3802  3802 D HwCust  : Create obj success use class android.net.HwCustConnectivityManagerImpl
02-01 14:05:31.093  2737  2737 D HwFLClassLoader: USE_FEATURE_LIST had not init!
02-01 14:05:31.097  4172  4172 D ActivityThread: ActivityThread,attachApplication
02-01 14:05:31.100  2142  2333 D WorkSource: Insert in WorkSource{} @ 0 uid 10242 name org.kustom.widget
02-01 14:05:31.106  2142  3001 I NetworkScheduler.Stats: Task com.google.android.gms/com.google.android.gms.checkin.EventLogService finished executing. cause:1 result: 1 elapsed_millis: 4022 uptime_millis: 4022 exec_start_elapsed_seconds: 39 [CONTEXT service_id=218 ]
02-01 14:05:31.109  1257  1563 D ActivityManager: ActivityManagerService,attachApplication,callingPid = 4172
02-01 14:05:31.122  2142  2156 I FontLog : Pulling font file for id = 12, cache size = 12 [CONTEXT service_id=132 ]
02-01 14:05:31.147  1257  3587 D JobServiceContext: doCallback of : JobStatus{dc5f324 #u0a143/5 com.whatsapp/.ExternalMediaManager u=0 s=10143 TIME=none:-200ms READY} v:VERB_STARTING
02-01 14:05:31.147  1257  3587 D JobServiceContext: Scheduling time out for '.ExternalMediaManager' jId: 5, in 600 s
02-01 14:05:31.148  2737  2737 I WebViewFactory: Loading com.google.android.webview version 108.0.5359.128 (code 535912803)
02-01 14:05:31.151  2737  2737 W linker  : "/data/app/com.google.android.webview-xfZU1pAGJpXpa6ELIdMDPA==/lib/arm64/libwebviewchromium.so" unused DT entry: type 0x70000001 arg 0x0
02-01 14:05:31.156   412   412 W /system/bin/hwservicemanager: Cannot open /odm/manifest.xml
02-01 14:05:31.156  4172  4172 D HwFLClassLoader: get used feature list :/feature/used-list failed!
02-01 14:05:31.156  4172  4172 D HwFLClassLoader: USE_FEATURE_LIST had not init!
02-01 14:05:31.183  4172  4190 I HwApiCacheMangerEx: apicache mCurPackageName=in.krosbits.musicolet uptimes=43812
02-01 14:05:31.187  3802  4191 I HwApiCacheMangerEx: apicache oUid 10143
02-01 14:05:31.187  3802  4191 I HwApiCacheMangerEx: apicache volumes [Landroid.os.storage.StorageVolume;@b712f2b
02-01 14:05:31.187  3802  4191 I HwApiCacheMangerEx: apicache oUid 10143
02-01 14:05:31.187  3802  4191 I HwApiCacheMangerEx: apicache volumes [Landroid.os.storage.StorageVolume;@d3ebdad
02-01 14:05:31.197   412   412 W /system/bin/hwservicemanager: Cannot open /odm/manifest.xml
02-01 14:05:31.197  4172  4190 I HwApiCacheMangerEx: apicache oUid null
02-01 14:05:31.200  4172  4190 I HwApiCacheMangerEx: apicache volumes null
02-01 14:05:31.202  4172  4190 I HwApiCacheMangerEx: apicache path=/storage/emulated/0 state=mounted key=in.krosbits.musicolet#10184#256
02-01 14:05:31.202  4172  4190 I HwApiCacheMangerEx: apicache path=/storage/3102-1D05 state=mounted key=in.krosbits.musicolet#10184#256
02-01 14:05:31.204   610   610 I GRALLOC :       shrFd=10,fmt=0x1,intFmt=0x1,btStrd=256,size=4096,pid=610
02-01 14:05:31.204   610   610 I GRALLOC :       yuv=2,w=16,h=16,Stride u=0 v=0,offset u=0 v=0
02-01 14:05:31.204   610   610 I GRALLOC :       iova_size=4096,conUsg=0x100,proUsg=0x100,       strd=64,[afbc]HdrStrd=0 PyldStrd=0 Scrmbl=0,ionhnd = 1
02-01 14:05:31.205  3802  4187 W Settings: mValues not put! needsGenerationTracker: true currentGeneration: -1 name: time_12_24 value: 12
02-01 14:05:31.210  4172  4190 I HwApiCacheMangerEx: apicache oUid 10184
02-01 14:05:31.210  4172  4190 I HwApiCacheMangerEx: apicache volumes null
02-01 14:05:31.214  4172  4190 I HwApiCacheMangerEx: apicache path=/storage/emulated/0 state=mounted key=in.krosbits.musicolet#10184#0
02-01 14:05:31.214  4172  4190 I HwApiCacheMangerEx: apicache path=/storage/3102-1D05 state=mounted key=in.krosbits.musicolet#10184#0
02-01 14:05:31.214  4172  4190 I HwApiCacheMangerEx: apicache async read begin packageName=in.krosbits.musicolet userid=0
02-01 14:05:31.214  4172  4190 I HwApiCacheMangerEx: apicache pi null
02-01 14:05:31.216  4172  4190 I HwApiCacheMangerEx: apicache pi null
02-01 14:05:31.216  2737  2992 W ProviderHelper: Unknown dynamite feature providerinstaller.dynamite
02-01 14:05:31.216  2737  2992 I DynamiteModule: Considering local module com.google.android.gms.providerinstaller.dynamite:1 and remote module com.google.android.gms.providerinstaller.dynamite:0
02-01 14:05:31.216  2737  2992 I DynamiteModule: Selected local version of com.google.android.gms.providerinstaller.dynamite
02-01 14:05:31.217  4172  4190 I HwApiCacheMangerEx: apicache pi null
02-01 14:05:31.219  2737  2737 I zygote64: Rejecting re-init on previously-failed class java.lang.Class<s50>: java.lang.NoClassDefFoundError: Failed resolution of: Landroid/webkit/PacProcessor;
02-01 14:05:31.219  2737  2737 I zygote64:   at java.lang.Class java.lang.Class.classForName(java.lang.String, boolean, java.lang.ClassLoader) (Class.java:-2)
02-01 14:05:31.219  2737  2737 I zygote64:   at java.lang.Class java.lang.Class.forName(java.lang.String, boolean, java.lang.ClassLoader) (Class.java:453)
02-01 14:05:31.219  2737  2737 I zygote64:   at java.lang.Class android.webkit.WebViewFactory.getWebViewProviderClass(java.lang.ClassLoader) (WebViewFactory.java:151)
02-01 14:05:31.219  2737  2737 I zygote64:   at java.lang.Class android.webkit.WebViewFactory.getProviderClass() (WebViewFactory.java:418)
02-01 14:05:31.219  2737  2737 I zygote64:   at android.webkit.WebViewFactoryProvider android.webkit.WebViewFactory.getProvider() (WebViewFactory.java:212)
02-01 14:05:31.219  2737  2737 I zygote64:   at android.webkit.WebViewFactoryProvider android.webkit.WebView.getFactory() (WebView.java:2467)
02-01 14:05:31.219  2737  2737 I zygote64:   at void android.webkit.WebView.ensureProviderCreated() (WebView.java:2462)
02-01 14:05:31.219  2737  2737 I zygote64:   at void android.webkit.WebView.setOverScrollMode(int) (WebView.java:2527)
02-01 14:05:31.219  2737  2737 I zygote64:   at void android.view.View.<init>(android.content.Context) (View.java:4552)
